Component: ARM Compiler 5.06 update 7 (build 960) Tool: armlink [4d3601]

==============================================================================

Section Cross References

    stm32f10x_adc.o(i.ADC_DeInit) refers to stm32f10x_rcc.o(i.RCC_APB2PeriphResetCmd) for RCC_APB2PeriphResetCmd
    stm32f10x_bkp.o(i.BKP_DeInit) refers to stm32f10x_rcc.o(i.RCC_BackupResetCmd) for RCC_BackupResetCmd
    stm32f10x_can.o(i.CAN_DeInit) refers to stm32f10x_rcc.o(i.RCC_APB1PeriphResetCmd) for RCC_APB1PeriphResetCmd
    stm32f10x_can.o(i.CAN_GetITStatus) refers to stm32f10x_can.o(i.CheckITStatus) for CheckITStatus
    stm32f10x_cec.o(i.CEC_DeInit) refers to stm32f10x_rcc.o(i.RCC_APB1PeriphResetCmd) for RCC_APB1PeriphResetCmd
    stm32f10x_dac.o(i.DAC_DeInit) refers to stm32f10x_rcc.o(i.RCC_APB1PeriphResetCmd) for RCC_APB1PeriphResetCmd
    stm32f10x_flash.o(i.FLASH_EnableWriteProtection) refers to stm32f10x_flash.o(i.FLASH_WaitForLastOperation) for FLASH_WaitForLastOperation
    stm32f10x_flash.o(i.FLASH_EraseAllBank1Pages) refers to stm32f10x_flash.o(i.FLASH_WaitForLastBank1Operation) for FLASH_WaitForLastBank1Operation
    stm32f10x_flash.o(i.FLASH_EraseAllPages) refers to stm32f10x_flash.o(i.FLASH_WaitForLastOperation) for FLASH_WaitForLastOperation
    stm32f10x_flash.o(i.FLASH_EraseOptionBytes) refers to stm32f10x_flash.o(i.FLASH_GetReadOutProtectionStatus) for FLASH_GetReadOutProtectionStatus
    stm32f10x_flash.o(i.FLASH_EraseOptionBytes) refers to stm32f10x_flash.o(i.FLASH_WaitForLastOperation) for FLASH_WaitForLastOperation
    stm32f10x_flash.o(i.FLASH_ErasePage) refers to stm32f10x_flash.o(i.FLASH_WaitForLastOperation) for FLASH_WaitForLastOperation
    stm32f10x_flash.o(i.FLASH_ProgramHalfWord) refers to stm32f10x_flash.o(i.FLASH_WaitForLastOperation) for FLASH_WaitForLastOperation
    stm32f10x_flash.o(i.FLASH_ProgramOptionByteData) refers to stm32f10x_flash.o(i.FLASH_WaitForLastOperation) for FLASH_WaitForLastOperation
    stm32f10x_flash.o(i.FLASH_ProgramWord) refers to stm32f10x_flash.o(i.FLASH_WaitForLastOperation) for FLASH_WaitForLastOperation
    stm32f10x_flash.o(i.FLASH_ReadOutProtection) refers to stm32f10x_flash.o(i.FLASH_WaitForLastOperation) for FLASH_WaitForLastOperation
    stm32f10x_flash.o(i.FLASH_UserOptionByteConfig) refers to stm32f10x_flash.o(i.FLASH_WaitForLastOperation) for FLASH_WaitForLastOperation
    stm32f10x_flash.o(i.FLASH_WaitForLastBank1Operation) refers to stm32f10x_flash.o(i.FLASH_GetBank1Status) for FLASH_GetBank1Status
    stm32f10x_flash.o(i.FLASH_WaitForLastOperation) refers to stm32f10x_flash.o(i.FLASH_GetBank1Status) for FLASH_GetBank1Status
    stm32f10x_gpio.o(i.GPIO_AFIODeInit) refers to stm32f10x_rcc.o(i.RCC_APB2PeriphResetCmd) for RCC_APB2PeriphResetCmd
    stm32f10x_gpio.o(i.GPIO_DeInit) refers to stm32f10x_rcc.o(i.RCC_APB2PeriphResetCmd) for RCC_APB2PeriphResetCmd
    stm32f10x_i2c.o(i.I2C_DeInit) refers to stm32f10x_rcc.o(i.RCC_APB1PeriphResetCmd) for RCC_APB1PeriphResetCmd
    stm32f10x_i2c.o(i.I2C_Init) refers to stm32f10x_rcc.o(i.RCC_GetClocksFreq) for RCC_GetClocksFreq
    stm32f10x_pwr.o(i.PWR_DeInit) refers to stm32f10x_rcc.o(i.RCC_APB1PeriphResetCmd) for RCC_APB1PeriphResetCmd
    stm32f10x_rcc.o(i.RCC_GetClocksFreq) refers to stm32f10x_rcc.o(.data) for APBAHBPrescTable
    stm32f10x_rcc.o(i.RCC_WaitForHSEStartUp) refers to stm32f10x_rcc.o(i.RCC_GetFlagStatus) for RCC_GetFlagStatus
    stm32f10x_rtc.o(i.RTC_SetAlarm) refers to stm32f10x_rtc.o(i.RTC_EnterConfigMode) for RTC_EnterConfigMode
    stm32f10x_rtc.o(i.RTC_SetAlarm) refers to stm32f10x_rtc.o(i.RTC_ExitConfigMode) for RTC_ExitConfigMode
    stm32f10x_rtc.o(i.RTC_SetCounter) refers to stm32f10x_rtc.o(i.RTC_EnterConfigMode) for RTC_EnterConfigMode
    stm32f10x_rtc.o(i.RTC_SetCounter) refers to stm32f10x_rtc.o(i.RTC_ExitConfigMode) for RTC_ExitConfigMode
    stm32f10x_rtc.o(i.RTC_SetPrescaler) refers to stm32f10x_rtc.o(i.RTC_EnterConfigMode) for RTC_EnterConfigMode
    stm32f10x_rtc.o(i.RTC_SetPrescaler) refers to stm32f10x_rtc.o(i.RTC_ExitConfigMode) for RTC_ExitConfigMode
    stm32f10x_spi.o(i.I2S_Init) refers to stm32f10x_rcc.o(i.RCC_GetClocksFreq) for RCC_GetClocksFreq
    stm32f10x_spi.o(i.SPI_I2S_DeInit) refers to stm32f10x_rcc.o(i.RCC_APB2PeriphResetCmd) for RCC_APB2PeriphResetCmd
    stm32f10x_spi.o(i.SPI_I2S_DeInit) refers to stm32f10x_rcc.o(i.RCC_APB1PeriphResetCmd) for RCC_APB1PeriphResetCmd
    stm32f10x_tim.o(i.TIM_DeInit) refers to stm32f10x_rcc.o(i.RCC_APB2PeriphResetCmd) for RCC_APB2PeriphResetCmd
    stm32f10x_tim.o(i.TIM_DeInit) refers to stm32f10x_rcc.o(i.RCC_APB1PeriphResetCmd) for RCC_APB1PeriphResetCmd
    stm32f10x_tim.o(i.TIM_ETRClockMode1Config) refers to stm32f10x_tim.o(i.TIM_ETRConfig) for TIM_ETRConfig
    stm32f10x_tim.o(i.TIM_ETRClockMode2Config) refers to stm32f10x_tim.o(i.TIM_ETRConfig) for TIM_ETRConfig
    stm32f10x_tim.o(i.TIM_ICInit) refers to stm32f10x_tim.o(i.TI1_Config) for TI1_Config
[...]
    i.GPIO_Init                              0x080022e4   Section        0  stm32f10x_gpio.o(i.GPIO_Init)
    i.GPIO_ReadInputDataBit                  0x080023fa   Section        0  stm32f10x_gpio.o(i.GPIO_ReadInputDataBit)
    i.GPIO_ResetBits                         0x0800240c   Section        0  stm32f10x_gpio.o(i.GPIO_ResetBits)
    i.GPIO_SetBits                           0x08002410   Section        0  stm32f10x_gpio.o(i.GPIO_SetBits)
    i.GPIO_WriteBit                          0x08002414   Section        0  stm32f10x_gpio.o(i.GPIO_WriteBit)
    i.HardFault_Handler                      0x0800241e   Section        0  stm32f10x_it.o(i.HardFault_Handler)
    i.Hardware_Init                          0x08002424   Section        0  main.o(i.Hardware_Init)
    i.LED_Init                               0x08002470   Section        0  led.o(i.LED_Init)
    i.LED_OFF                                0x0800249c   Section        0  led.o(i.LED_OFF)
    i.LED_ON                                 0x080024b0   Section        0  led.o(i.LED_ON)
    i.MQTT_DeleteBuffer                      0x080024c4   Section        0  mqttkit.o(i.MQTT_DeleteBuffer)
    i.MQTT_DumpLength                        0x080024e0   Section        0  mqttkit.o(i.MQTT_DumpLength)
    i.MQTT_NewBuffer                         0x0800250e   Section        0  mqttkit.o(i.MQTT_NewBuffer)
    i.MQTT_PacketCmdResp                     0x08002568   Section        0  mqttkit.o(i.MQTT_PacketCmdResp)
    i.MQTT_PacketConnect                     0x080025f4   Section        0  mqttkit.o(i.MQTT_PacketConnect)
    i.MQTT_PacketPublish                     0x08002894   Section        0  mqttkit.o(i.MQTT_PacketPublish)
    i.MQTT_PacketPublishAck                  0x08002a4c   Section        0  mqttkit.o(i.MQTT_PacketPublishAck)
    i.MQTT_PacketPublishComp                 0x08002a94   Section        0  mqttkit.o(i.MQTT_PacketPublishComp)
    i.MQTT_PacketPublishRec                  0x08002adc   Section        0  mqttkit.o(i.MQTT_PacketPublishRec)
    i.MQTT_PacketPublishRel                  0x08002b24   Section        0  mqttkit.o(i.MQTT_PacketPublishRel)
    i.MQTT_PacketSubscribe                   0x08002b6c   Section        0  mqttkit.o(i.MQTT_PacketSubscribe)
    i.MQTT_ReadLength                        0x08002c6a   Section        0  mqttkit.o(i.MQTT_ReadLength)
    i.MQTT_UnPacketCmd                       0x08002cb0   Section        0  mqttkit.o(i.MQTT_UnPacketCmd)
    i.MQTT_UnPacketConnectAck                0x08002d3c   Section        0  mqttkit.o(i.MQTT_UnPacketConnectAck)
    i.MQTT_UnPacketPublish                   0x08002d5c   Section        0  mqttkit.o(i.MQTT_UnPacketPublish)
    i.MQTT_UnPacketPublishAck                0x08002f1c   Section        0  mqttkit.o(i.MQTT_UnPacketPublishAck)
    i.MQTT_UnPacketPublishComp               0x08002f3a   Section        0  mqttkit.o(i.MQTT_UnPacketPublishComp)
    i.MQTT_UnPacketPublishRec                0x08002f58   Section        0  mqttkit.o(i.MQTT_UnPacketPublishRec)
    i.MQTT_UnPacketPublishRel                0x08002f76   Section        0  mqttkit.o(i.MQTT_UnPacketPublishRel)
    i.MQTT_UnPacketRecv                      0x08002f9c   Section        0  mqttkit.o(i.MQTT_UnPacketRecv)
    i.MQTT_UnPacketSubscribe                 0x08003010   Section        0  mqttkit.o(i.MQTT_UnPacketSubscribe)
    i.MQTT_UnPacketUnSubscribe               0x08003044   Section        0  mqttkit.o(i.MQTT_UnPacketUnSubscribe)
    i.MemManage_Handler                      0x08003056   Section        0  stm32f10x_it.o(i.MemManage_Handler)
    i.NMI_Handler                            0x0800305a   Section        0  stm32f10x_it.o(i.NMI_Handler)
    i.NVIC_Init                              0x0800305c   Section        0  misc.o(i.NVIC_Init)
    i.NVIC_PriorityGroupConfig               0x080030cc   Section        0  misc.o(i.NVIC_PriorityGroupConfig)
    i.OLED_Clear                             0x080030e0   Section        0  oled.o(i.OLED_Clear)
    i.OLED_I2C_Init                          0x0800310c   Section        0  oled.o(i.OLED_I2C_Init)
    i.OLED_I2C_SendByte                      0x0800315c   Section        0  oled.o(i.OLED_I2C_SendByte)
    i.OLED_I2C_Start                         0x080031b0   Section        0  oled.o(i.OLED_I2C_Start)
    i.OLED_I2C_Stop                          0x080031e4   Section        0  oled.o(i.OLED_I2C_Stop)
    i.OLED_Init                              0x0800320c   Section        0  oled.o(i.OLED_Init)
    i.OLED_Pow                               0x080032ba   Section        0  oled.o(i.OLED_Pow)
    i.OLED_SetCursor                         0x080032ce   Section        0  oled.o(i.OLED_SetCursor)
    i.OLED_ShowChar                          0x080032f0   Section        0  oled.o(i.OLED_ShowChar)
    i.OLED_ShowNum                           0x08003364   Section        0  oled.o(i.OLED_ShowNum)
    i.OLED_ShowString                        0x080033a8   Section        0  oled.o(i.OLED_ShowString)
    i.OLED_WriteCommand                      0x080033d0   Section        0  oled.o(i.OLED_WriteCommand)
    i.OLED_WriteData                         0x080033f0   Section        0  oled.o(i.OLED_WriteData)
    i.OneNet_DevLink                         0x08003410   Section        0  onenet.o(i.OneNet_DevLink)
    i.OneNet_Publish                         0x08003690   Section        0  onenet.o(i.OneNet_Publish)
    i.OneNet_RevPro                          0x0800370c   Section        0  onenet.o(i.OneNet_RevPro)
    i.OneNet_Subscribe                       0x08003b1c   Section        0  onenet.o(i.OneNet_Subscribe)
    i.PendSV_Handler                         0x08003b88   Section        0  stm32f10x_it.o(i.PendSV_Handler)
    i.RCC_APB1PeriphClockCmd                 0x08003b8c   Section        0  stm32f10x_rcc.o(i.RCC_APB1PeriphClockCmd)
    i.RCC_APB2PeriphClockCmd                 0x08003bac   Section        0  stm32f10x_rcc.o(i.RCC_APB2PeriphClockCmd)
    i.RCC_GetClocksFreq                      0x08003bcc   Section        0  stm32f10x_rcc.o(i.RCC_GetClocksFreq)
    i.SVC_Handler                            0x08003ca0   Section        0  stm32f10x_it.o(i.SVC_Handler)
    i.SetSysClock                            0x08003ca2   Section        0  system_stm32f10x.o(i.SetSysClock)
    SetSysClock                              0x08003ca3   Thumb Code     8  system_stm32f10x.o(i.SetSysClock)
    i.SetSysClockTo72                        0x08003cac   Section        0  system_stm32f10x.o(i.SetSysClockTo72)
    SetSysClockTo72                          0x08003cad   Thumb Code   214  system_stm32f10x.o(i.SetSysClockTo72)
    i.SysTick_Handler                        0x08003d8c   Section        0  stm32f10x_it.o(i.SysTick_Handler)
    i.SystemInit                             0x08003d90   Section        0  system_stm32f10x.o(i.SystemInit)
    i.USART1_IRQHandler                      0x08003df0   Section        0  usart.o(i.USART1_IRQHandler)
    i.USART2_IRQHandler                      0x08003e90   Section        0  esp8266.o(i.USART2_IRQHandler)
    i.USART_ClearFlag                        0x08003edc   Section        0  stm32f10x_usart.o(i.USART_ClearFlag)
    i.USART_ClearITPendingBit                0x08003eee   Section        0  stm32f10x_usart.o(i.USART_ClearITPendingBit)
    i.USART_Cmd                              0x08003f0c   Section        0  stm32f10x_usart.o(i.USART_Cmd)
    i.USART_GetFlagStatus                    0x08003f24   Section        0  stm32f10x_usart.o(i.USART_GetFlagStatus)
    i.USART_GetITStatus                      0x08003f3e   Section        0  stm32f10x_usart.o(i.USART_GetITStatus)
    i.USART_ITConfig                         0x08003f92   Section        0  stm32f10x_usart.o(i.USART_ITConfig)
    i.USART_Init                             0x08003fdc   Section        0  stm32f10x_usart.o(i.USART_Init)
    i.USART_ReceiveData                      0x080040b4   Section        0  stm32f10x_usart.o(i.USART_ReceiveData)
    i.USART_SendData                         0x080040be   Section        0  stm32f10x_usart.o(i.USART_SendData)
    i.UsageFault_Handler                     0x080040c6   Section        0  stm32f10x_it.o(i.UsageFault_Handler)
    i.Usart1_Init                            0x080040cc   Section        0  usart.o(i.Usart1_Init)
    i.Usart2_Init                            0x0800417c   Section        0  usart.o(i.Usart2_Init)
    i.UsartPrintf                            0x08004228   Section        0  usart.o(i.UsartPrintf)
    i.Usart_SendString                       0x08004270   Section        0  usart.o(i.Usart_SendString)
    i.__ARM_fpclassify                       0x080042a2   Section        0  fpclassify.o(i.__ARM_fpclassify)
    i._is_digit                              0x080042ca   Section        0  __printf_wp.o(i._is_digit)
    i.main                                   0x080042d8   Section        0  main.o(i.main)
    locale$$code                             0x0800447c   Section       44  lc_ctype_c.o(locale$$code)
    locale$$code                             0x080044a8   Section       44  lc_numeric_c.o(locale$$code)
    x$fpl$printf1                            0x080044d4   Section        4  printf1.o(x$fpl$printf1)
    .constdata                               0x080044d8   Section     1520  oled.o(.constdata)
    x$fpl$usenofp                            0x080044d8   Section        0  usenofp.o(x$fpl$usenofp)
    .constdata                               0x08004ac8   Section        4  main.o(.constdata)
    .constdata                               0x08004acc   Section       17  __printf_flags_ss_wp.o(.constdata)
    maptable                                 0x08004acc   Data          17  __printf_flags_ss_wp.o(.constdata)
    .constdata                               0x08004ae0   Section        8  _printf_wctomb.o(.constdata)
    initial_mbstate                          0x08004ae0   Data           8  _printf_wctomb.o(.constdata)
    .constdata                               0x08004ae8   Section       40  _printf_hex_int_ll_ptr.o(.constdata)
    uc_hextab                                0x08004ae8   Data          20  _printf_hex_int_ll_ptr.o(.constdata)
    lc_hextab                                0x08004afc   Data          20  _printf_hex_int_ll_ptr.o(.constdata)
    .constdata                               0x08004b10   Section      148  bigflt0.o(.constdata)
    tenpwrs_x                                0x08004b10   Data          60  bigflt0.o(.constdata)
    tenpwrs_i                                0x08004b4c   Data          64  bigflt0.o(.constdata)
    .conststring                             0x08004ba4   Section       17  main.o(.conststring)
    locale$$data                             0x08004bd8   Section      272  lc_ctype_c.o(locale$$data)
    __lcctype_c_name                         0x08004bdc   Data           2  lc_ctype_c.o(locale$$data)
    __lcctype_c_start                        0x08004be4   Data           0  lc_ctype_c.o(locale$$data)
    locale$$data                             0x08004ce8   Section       28  lc_numeric_c.o(locale$$data)
    __lcctype_c_end                          0x08004ce8   Data           0  lc_ctype_c.o(locale$$data)
    __lcnum_c_name                           0x08004cec   Data           2  lc_numeric_c.o(locale$$data)
    __lcnum_c_start                          0x08004cf4   Data           0  lc_numeric_c.o(locale$$data)
    __lcnum_c_point                          0x08004d00   Data           0  lc_numeric_c.o(locale$$data)
    __lcnum_c_thousands                      0x08004d02   Data           0  lc_numeric_c.o(locale$$data)
    __lcnum_c_grouping                       0x08004d03   Data           0  lc_numeric_c.o(locale$$data)
    __lcnum_c_end                            0x08004d04   Data           0  lc_numeric_c.o(locale$$data)
    .data                                    0x20000000   Section       20  stm32f10x_rcc.o(.data)
    APBAHBPrescTable                         0x20000000   Data          16  stm32f10x_rcc.o(.data)
    ADCPrescTable                            0x20000010   Data           4  stm32f10x_rcc.o(.data)
    .data                                    0x20000014   Section        4  esp8266.o(.data)
    .data                                    0x20000018   Section        2  onenet.o(.data)
    pkt_id                                   0x20000018   Data           2  onenet.o(.data)
    .data                                    0x2000001a   Section        3  usart.o(.data)
    RxState                                  0x2000001b   Data           1  usart.o(.data)
    pRxPacket                                0x2000001c   Data           1  usart.o(.data)
    .bss                                     0x20000020   Section      128  esp8266.o(.bss)
    .bss                                     0x200000a0   Section      100  usart.o(.bss)
    .bss                                     0x20000104   Section       96  libspace.o(.bss)
    HEAP                                     0x20000168   Section      512  startup_stm32f10x_md.o(HEAP)
    Heap_Mem                                 0x20000168   Data         512  startup_stm32f10x_md.o(HEAP)
    STACK                                    0x20000368   Section     1024  startup_stm32f10x_md.o(STACK)
    Stack_Mem                                0x20000368   Data        1024  startup_stm32f10x_md.o(STACK)
    __initial_sp                             0x20000768   Data           0  startup_stm32f10x_md.o(STACK)

    Global Symbols

    Symbol Name                              Value     Ov Type        Size  Object(Section)

    BuildAttributes$$THM_ISAv4$P$D$K$B$S$PE$A:L22UL41UL21$X:L11$S22US41US21$IEEE1$IW$USESV6$~STKCKD$USESV7$~SHL$OTIME$ROPI$IEEEJ$EBA8$UX$STANDARDLIB$REQ8$PRES8$EABIv2 0x00000000   Number         0  anon$$obj.o ABSOLUTE
    __ARM_use_no_argv                        0x00000000   Number         0  main.o ABSOLUTE
    _printf_flags                            0x00000000   Number         0  printf_stubs.o ABSOLUTE
    _printf_return_value                     0x00000000   Number         0  printf_stubs.o ABSOLUTE
    _printf_sizespec                         0x00000000   Number         0  printf_stubs.o ABSOLUTE
    _printf_widthprec                        0x00000000   Number         0  printf_stubs.o ABSOLUTE
    __ARM_exceptions_init                     - Undefined Weak Reference
    __alloca_initialize                       - Undefined Weak Reference
    __arm_fini_                               - Undefined Weak Reference
    __arm_preinit_                            - Undefined Weak Reference
    __cpp_initialize__aeabi_                  - Undefined Weak Reference
    __cxa_finalize                            - Undefined Weak Reference
    __sigvec_lookup                           - Undefined Weak Reference
    __user_heap_extent                        - Undefined Weak Reference
    _atexit_init                              - Undefined Weak Reference
    _call_atexit_fns                          - Undefined Weak Reference
    _clock_init                               - Undefined Weak Reference
    _fp_trap_init                             - Undefined Weak Reference
    _fp_trap_shutdown                         - Undefined Weak Reference
    _get_lc_collate                           - Undefined Weak Reference
    _get_lc_monetary                          - Undefined Weak Reference
    _get_lc_time                              - Undefined Weak Reference
    _getenv_init                              - Undefined Weak Reference
    _handle_redirection                       - Undefined Weak Reference
    _initio                                   - Undefined Weak Reference
    _mutex_acquire                            - Undefined Weak Reference
    _mutex_free                               - Undefined Weak Reference
    _mutex_release                            - Undefined Weak Reference
    _printf_fp_hex                            - Undefined Weak Reference
    _printf_mbtowc                            - Undefined Weak Reference
    _printf_wc                                - Undefined Weak Reference
    _rand_init                                - Undefined Weak Reference
    _signal_finish                            - Undefined Weak Reference
    _signal_init                              - Undefined Weak Reference
    _terminateio                              - Undefined Weak Reference
    __Vectors_Size                           0x000000ec   Number         0  startup_stm32f10x_md.o ABSOLUTE
    __Vectors                                0x08000000   Data           4  startup_stm32f10x_md.o(RESET)
    __Vectors_End                            0x080000ec   Data           0  startup_stm32f10x_md.o(RESET)
    __main                                   0x080000ed   Thumb Code     8  __main.o(!!!main)
    __scatterload                            0x080000f5   Thumb Code     0  __scatter.o(!!!scatter)
    __scatterload_rt2                        0x080000f5   Thumb Code    44  __scatter.o(!!!scatter)
    __scatterload_rt2_thumb_only             0x080000f5   Thumb Code     0  __scatter.o(!!!scatter)
    __scatterload_null                       0x08000103   Thumb Code     0  __scatter.o(!!!scatter)
    __scatterload_copy                       0x08000129   Thumb Code    26  __scatter_copy.o(!!handler_copy)
    __scatterload_zeroinit                   0x08000145   Thumb Code    28  __scatter_zi.o(!!handler_zi)
    _printf_n                                0x08000161   Thumb Code     0  _printf_n.o(.ARM.Collect$$_printf_percent$$00000001)
    _printf_percent                          0x08000161   Thumb Code     0  _printf_percent.o(.ARM.Collect$$_printf_percent$$00000000)
    _printf_p                                0x08000167   Thumb Code     0  _printf_p.o(.ARM.Collect$$_printf_percent$$00000002)
    _printf_f                                0x0800016d   Thumb Code     0  _printf_f.o(.ARM.Collect$$_printf_percent$$00000003)
    _printf_e                                0x08000173   Thumb Code     0  _printf_e.o(.ARM.Collect$$_printf_percent$$00000004)
    _printf_g                                0x08000179   Thumb Code     0  _printf_g.o(.ARM.Collect$$_printf_percent$$00000005)
    _printf_a                                0x0800017f   Thumb Code     0  _printf_a.o(.ARM.Collect$$_printf_percent$$00000006)
    _printf_ll                               0x08000185   Thumb Code     0  _printf_ll.o(.ARM.Collect$$_printf_percent$$00000007)
    _printf_i                                0x0800018f   Thumb Code     0  _printf_i.o(.ARM.Collect$$_printf_percent$$00000008)
    _printf_d                                0x08000195   Thumb Code     0  _printf_d.o(.ARM.Collect$$_printf_percent$$00000009)
    _printf_u                                0x0800019b   Thumb Code     0  _printf_u.o(.ARM.Collect$$_printf_percent$$0000000A)
    _printf_o                                0x080001a1   Thumb Code     0  _printf_o.o(.ARM.Collect$$_printf_percent$$0000000B)
    _printf_x                                0x080001a7   Thumb Code     0  _printf_x.o(.ARM.Collect$$_printf_percent$$0000000C)
    _printf_lli                              0x080001ad   Thumb Code     0  _printf_lli.o(.ARM.Collect$$_printf_percent$$0000000D)
    _printf_lld                              0x080001b3   Thumb Code     0  _printf_lld.o(.ARM.Collect$$_printf_percent$$0000000E)
    _printf_llu                              0x080001b9   Thumb Code     0  _printf_llu.o(.ARM.Collect$$_printf_percent$$0000000F)
    _printf_llo                              0x080001bf   Thumb Code     0  _printf_llo.o(.ARM.Collect$$_printf_percent$$00000010)
    _printf_llx                              0x080001c5   Thumb Code     0  _printf_llx.o(.ARM.Collect$$_printf_percent$$00000011)
    _printf_l                                0x080001cb   Thumb Code     0  _printf_l.o(.ARM.Collect$$_printf_percent$$00000012)
    _printf_c                                0x080001d5   Thumb Code     0  _printf_c.o(.ARM.Collect$$_printf_percent$$00000013)
    _printf_s                                0x080001db   Thumb Code     0  _printf_s.o(.ARM.Collect$$_printf_percent$$00000014)
    _printf_lc                               0x080001e1   Thumb Code     0  _printf_lc.o(.ARM.Collect$$_printf_percent$$00000015)
    _printf_ls                               0x080001e7   Thumb Code     0  _printf_ls.o(.ARM.Collect$$_printf_percent$$00000016)
    _printf_percent_end                      0x080001ed   Thumb Code     0  _printf_percent_end.o(.ARM.Collect$$_printf_percent$$00000017)
    __rt_lib_init                            0x080001f1   Thumb Code     0  libinit.o(.ARM.Collect$$libinit$$00000000)
    __rt_lib_init_fp_1                       0x080001f3   Thumb Code     0  libinit2.o(.ARM.Collect$$libinit$$00000002)
    __rt_lib_init_heap_2                     0x080001f3   Thumb Code     0  libinit2.o(.ARM.Collect$$libinit$$00000005)
    __rt_lib_init_preinit_1                  0x080001f3   Thumb Code     0  libinit2.o(.ARM.Collect$$libinit$$00000004)
    __rt_lib_init_heap_1                     0x080001fb   Thumb Code     0  libinit2.o(.ARM.Collect$$libinit$$0000000A)
    __rt_lib_init_lc_common                  0x080001fb   Thumb Code     0  libinit2.o(.ARM.Collect$$libinit$$0000000F)
    __rt_lib_init_rand_1                     0x080001fb   Thumb Code     0  libinit2.o(.ARM.Collect$$libinit$$0000000E)
    __rt_lib_init_user_alloc_1               0x080001fb   Thumb Code     0  libinit2.o(.ARM.Collect$$libinit$$0000000C)
    __rt_lib_init_lc_collate_1               0x08000201   Thumb Code     0  libinit2.o(.ARM.Collect$$libinit$$00000011)
    __rt_lib_init_lc_ctype_2                 0x08000201   Thumb Code     0  libinit2.o(.ARM.Collect$$libinit$$00000012)
    __rt_lib_init_lc_ctype_1                 0x0800020d   Thumb Code     0  libinit2.o(.ARM.Collect$$libinit$$00000013)
    __rt_lib_init_lc_monetary_1              0x0800020d   Thumb Code     0  libinit2.o(.ARM.Collect$$libinit$$00000015)
    __rt_lib_init_lc_numeric_2               0x0800020d   Thumb Code     0  libinit2.o(.ARM.Collect$$libinit$$00000016)
    __rt_lib_init_alloca_1                   0x08000217   Thumb Code     0  libinit2.o(.ARM.Collect$$libinit$$0000002E)
    __rt_lib_init_argv_1                     0x08000217   Thumb Code     0  libinit2.o(.ARM.Collect$$libinit$$0000002C)
    __rt_lib_init_atexit_1                   0x08000217   Thumb Code     0  libinit2.o(.ARM.Collect$$libinit$$0000001B)
    __rt_lib_init_clock_1                    0x08000217   Thumb Code     0  libinit2.o(.ARM.Collect$$libinit$$00000021)
    __rt_lib_init_cpp_1                      0x08000217   Thumb Code     0  libinit2.o(.ARM.Collect$$libinit$$00000032)
    __rt_lib_init_exceptions_1               0x08000217   Thumb Code     0  libinit2.o(.ARM.Collect$$libinit$$00000030)
    __rt_lib_init_fp_trap_1                  0x08000217   Thumb Code     0  libinit2.o(.ARM.Collect$$libinit$$0000001F)
    __rt_lib_init_getenv_1                   0x08000217   Thumb Code     0  libinit2.o(.ARM.Collect$$libinit$$00000023)
    __rt_lib_init_lc_numeric_1               0x08000217   Thumb Code     0  libinit2.o(.ARM.Collect$$libinit$$00000017)
    __rt_lib_init_lc_time_1                  0x08000217   Thumb Code     0  libinit2.o(.ARM.Collect$$libinit$$00000019)
    __rt_lib_init_return                     0x08000217   Thumb Code     0  libinit2.o(.ARM.Collect$$libinit$$00000033)
    __rt_lib_init_signal_1                   0x08000217   Thumb Code     0  libinit2.o(.ARM.Collect$$libinit$$0000001D)
    __rt_lib_init_stdio_1                    0x08000217   Thumb Code     0  libinit2.o(.ARM.Collect$$libinit$$00000025)
    __rt_lib_shutdown                        0x08000219   Thumb Code     0  libshutdown.o(.ARM.Collect$$libshutdown$$00000000)
    __rt_lib_shutdown_cpp_1                  0x0800021b   Thumb Code     0  libshutdown2.o(.ARM.Collect$$libshutdown$$00000004)
    __rt_lib_shutdown_fini_1                 0x0800021b   Thumb Code     0  libshutdown2.o(.ARM.Collect$$libshutdown$$00000002)
    __rt_lib_shutdown_fp_trap_1              0x0800021b   Thumb Code     0  libshutdown2.o(.ARM.Collect$$libshutdown$$00000009)
    __rt_lib_shutdown_heap_1                 0x0800021b   Thumb Code     0  libshutdown2.o(.ARM.Collect$$libshutdown$$00000011)
    __rt_lib_shutdown_return                 0x0800021b   Thumb Code     0  libshutdown2.o(.ARM.Collect$$libshutdown$$00000012)
    __rt_lib_shutdown_signal_1               0x0800021b   Thumb Code     0  libshutdown2.o(.ARM.Collect$$libshutdown$$0000000C)
    __rt_lib_shutdown_stdio_1                0x0800021b   Thumb Code     0  libshutdown2.o(.ARM.Collect$$libshutdown$$00000006)
    __rt_lib_shutdown_user_alloc_1           0x0800021b   Thumb Code     0  libshutdown2.o(.ARM.Collect$$libshutdown$$0000000E)
    __rt_entry                               0x0800021d   Thumb Code     0  __rtentry.o(.ARM.Collect$$rtentry$$00000000)
    __rt_entry_presh_1                       0x0800021d   Thumb Code     0  __rtentry2.o(.ARM.Collect$$rtentry$$00000002)
    __rt_entry_sh                            0x0800021d   Thumb Code     0  __rtentry4.o(.ARM.Collect$$rtentry$$00000004)
    __rt_entry_li                            0x08000223   Thumb Code     0  __rtentry2.o(.ARM.Collect$$rtentry$$0000000A)
    __rt_entry_postsh_1                      0x08000223   Thumb Code     0  __rtentry2.o(.ARM.Collect$$rtentry$$00000009)
    __rt_entry_main                          0x08000227   Thumb Code     0  __rtentry2.o(.ARM.Collect$$rtentry$$0000000D)
    __rt_entry_postli_1                      0x08000227   Thumb Code     0  __rtentry2.o(.ARM.Collect$$rtentry$$0000000C)
    __rt_exit                                0x0800022f   Thumb Code     0  rtexit.o(.ARM.Collect$$rtexit$$00000000)
    __rt_exit_ls                             0x08000231   Thumb Code     0  rtexit2.o(.ARM.Collect$$rtexit$$00000003)
    __rt_exit_prels_1                        0x08000231   Thumb Code     0  rtexit2.o(.ARM.Collect$$rtexit$$00000002)
    __rt_exit_exit                           0x08000235   Thumb Code     0  rtexit2.o(.ARM.Collect$$rtexit$$00000004)
    Reset_Handler                            0x0800023d   Thumb Code     8  startup_stm32f10x_md.o(.text)
    _maybe_terminate_alloc                   0x0800023d   Thumb Code     0  maybetermalloc1.o(.emb_text)
    ADC1_2_IRQHandler                        0x08000257   Thumb Code     0  startup_stm32f10x_md.o(.text)
    CAN1_RX1_IRQHandler                      0x08000257   Thumb Code     0  startup_stm32f10x_md.o(.text)
    CAN1_SCE_IRQHandler                      0x08000257   Thumb Code     0  startup_stm32f10x_md.o(.text)
    DMA1_Channel1_IRQHandler                 0x08000257   Thumb Code     0  startup_stm32f10x_md.o(.text)
    DMA1_Channel2_IRQHandler                 0x08000257   Thumb Code     0  startup_stm32f10x_md.o(.text)
    DMA1_Channel3_IRQHandler                 0x08000257   Thumb Code     0  startup_stm32f10x_md.o(.text)
    DMA1_Channel4_IRQHandler                 0x08000257   Thumb Code     0  startup_stm32f10x_md.o(.text)
    DMA1_Channel5_IRQHandler                 0x08000257   Thumb Code     0  startup_stm32f10x_md.o(.text)
    DMA1_Channel6_IRQHandler                 0x08000257   Thumb Code     0  startup_stm32f10x_md.o(.text)
    DMA1_Channel7_IRQHandler                 0x08000257   Thumb Code     0  startup_stm32f10x_md.o(.text)
    EXTI0_IRQHandler                         0x08000257   Thumb Code     0  startup_stm32f10x_md.o(.text)
    EXTI15_10_IRQHandler                     0x08000257   Thumb Code     0  startup_stm32f10x_md.o(.text)
    EXTI1_IRQHandler                         0x08000257   Thumb Code     0  startup_stm32f10x_md.o(.text)
    EXTI2_IRQHandler                         0x08000257   Thumb Code     0  startup_stm32f10x_md.o(.text)
    EXTI3_IRQHandler                         0x08000257   Thumb Code     0  startup_stm32f10x_md.o(.text)
    EXTI4_IRQHandler                         0x08000257   Thumb Code     0  startup_stm32f10x_md.o(.text)
    EXTI9_5_IRQHandler                       0x08000257   Thumb Code     0  startup_stm32f10x_md.o(.text)
    FLASH_IRQHandler                         0x08000257   Thumb Code     0  startup_stm32f10x_md.o(.text)
    I2C1_ER_IRQHandler                       0x08000257   Thumb Code     0  startup_stm32f10x_md.o(.text)
    I2C1_EV_IRQHandler                       0x08000257   Thumb Code     0  startup_stm32f10x_md.o(.text)
    I2C2_ER_IRQHandler                       0x08000257   Thumb Code     0  startup_stm32f10x_md.o(.text)
    I2C2_EV_IRQHandler                       0x08000257   Thumb Code     0  startup_stm32f10x_md.o(.text)
    PVD_IRQHandler                           0x08000257   Thumb Code     0  startup_stm32f10x_md.o(.text)
    RCC_IRQHandler                           0x08000257   Thumb Code     0  startup_stm32f10x_md.o(.text)
    RTCAlarm_IRQHandler                      0x08000257   Thumb Code     0  startup_stm32f10x_md.o(.text)
    RTC_IRQHandler                           0x08000257   Thumb Code     0  startup_stm32f10x_md.o(.text)
    SPI1_IRQHandler                          0x08000257   Thumb Code     0  startup_stm32f10x_md.o(.text)
    SPI2_IRQHandler                          0x08000257   Thumb Code     0  startup_stm32f10x_md.o(.text)
    TAMPER_IRQHandler                        0x08000257   Thumb Code     0  startup_stm32f10x_md.o(.text)
    TIM1_BRK_IRQHandler                      0x08000257   Thumb Code     0  startup_stm32f10x_md.o(.text)
    TIM1_CC_IRQHandler                       0x08000257   Thumb Code     0  startup_stm32f10x_md.o(.text)
    TIM1_TRG_COM_IRQHandler                  0x08000257   Thumb Code     0  startup_stm32f10x_md.o(.text)
    TIM1_UP_IRQHandler                       0x08000257   Thumb Code     0  startup_stm32f10x_md.o(.text)
    TIM2_IRQHandler                          0x08000257   Thumb Code     0  startup_stm32f10x_md.o(.text)
    TIM3_IRQHandler                          0x08000257   Thumb Code     0  startup_stm32f10x_md.o(.text)
    TIM4_IRQHandler                          0x08000257   Thumb Code     0  startup_stm32f10x_md.o(.text)
    USART3_IRQHandler                        0x08000257   Thumb Code     0  startup_stm32f10x_md.o(.text)
    USBWakeUp_IRQHandler                     0x08000257   Thumb Code     0  startup_stm32f10x_md.o(.text)
    USB_HP_CAN1_TX_IRQHandler                0x08000257   Thumb Code     0  startup_stm32f10x_md.o(.text)
    USB_LP_CAN1_RX0_IRQHandler               0x08000257   Thumb Code     0  startup_stm32f10x_md.o(.text)
    WWDG_IRQHandler                          0x08000257   Thumb Code     0  startup_stm32f10x_md.o(.text)
    __user_initial_stackheap                 0x08000259   Thumb Code     0  startup_stm32f10x_md.o(.text)
    malloc                                   0x0800027d   Thumb Code    94  h1_alloc.o(.text)
    free                                     0x080002db   Thumb Code    78  h1_free.o(.text)
    __c89vsnprintf                           0x08000329   Thumb Code    48  c89vsnprintf.o(.text)
    __2sprintf                               0x0800035d   Thumb Code    38  __2sprintf.o(.text)
    _printf_str                              0x08000389   Thumb Code    82  _printf_str.o(.text)
    _printf_int_dec                          0x080003dd   Thumb Code   104  _printf_dec.o(.text)
    __printf                                 0x08000455   Thumb Code   388  __printf_flags_ss_wp.o(.text)
    atoi                                     0x080005dd   Thumb Code    26  atoi.o(.text)
    strchr                                   0x080005f7   Thumb Code    20  strchr.o(.text)
    strncat                                  0x0800060b   Thumb Code    36  strncat.o(.text)
    strstr                                   0x0800062f   Thumb Code    36  strstr.o(.text)
    strlen                                   0x08000653   Thumb Code    62  strlen.o(.text)
    __aeabi_memcpy                           0x08000691   Thumb Code     0  rt_memcpy_v6.o(.text)
    __rt_memcpy                              0x08000691   Thumb Code   138  rt_memcpy_v6.o(.text)
    _memcpy_lastbytes                        0x080006f7   Thumb Code     0  rt_memcpy_v6.o(.text)
    __aeabi_memclr                           0x0800071b   Thumb Code     0  rt_memclr.o(.text)
    __rt_memclr                              0x0800071b   Thumb Code    68  rt_memclr.o(.text)
    _memset                                  0x0800071f   Thumb Code     0  rt_memclr.o(.text)
    __use_two_region_memory                  0x0800075f   Thumb Code     2  heapauxi.o(.text)
    __rt_heap_escrow                         0x08000761   Thumb Code     2  heapauxi.o(.text)
    __rt_heap_expand                         0x08000763   Thumb Code     2  heapauxi.o(.text)
    __rt_heap_descriptor                     0x08000765   Thumb Code     8  rt_heap_descriptor_intlibspace.o(.text)
    __aeabi_errno_addr                       0x0800076d   Thumb Code     8  rt_errno_addr_intlibspace.o(.text)
    __errno$intlibspace                      0x0800076d   Thumb Code     0  rt_errno_addr_intlibspace.o(.text)
    __rt_errno_addr$intlibspace              0x0800076d   Thumb Code     0  rt_errno_addr_intlibspace.o(.text)
    __use_no_heap                            0x08000775   Thumb Code     2  hguard.o(.text)
    __heap$guard                             0x08000777   Thumb Code     2  hguard.o(.text)
    _terminate_user_alloc                    0x08000779   Thumb Code     2  init_alloc.o(.text)
    _init_user_alloc                         0x0800077b   Thumb Code     2  init_alloc.o(.text)
    __Heap_Full                              0x0800077d   Thumb Code    34  init_alloc.o(.text)
    __Heap_Broken                            0x0800079f   Thumb Code     6  init_alloc.o(.text)
    _init_alloc                              0x080007a5   Thumb Code    94  init_alloc.o(.text)
    __Heap_Initialize                        0x08000803   Thumb Code    10  h1_init.o(.text)
    __Heap_DescSize                          0x0800080d   Thumb Code     4  h1_init.o(.text)
    _printf_pre_padding                      0x08000811   Thumb Code    44  _printf_pad.o(.text)
    _printf_post_padding                     0x0800083d   Thumb Code    34  _printf_pad.o(.text)
    _printf_truncate_signed                  0x0800085f   Thumb Code    18  _printf_truncate.o(.text)
    _printf_truncate_unsigned                0x08000871   Thumb Code    18  _printf_truncate.o(.text)
    _printf_int_common                       0x08000883   Thumb Code   178  _printf_intcommon.o(.text)
    _printf_charcount                        0x08000935   Thumb Code    40  _printf_charcount.o(.text)
    _printf_char_common                      0x08000967   Thumb Code    32  _printf_char_common.o(.text)
    _sputc                                   0x0800098d   Thumb Code    10  _sputc.o(.text)
    _snputc                                  0x08000997   Thumb Code    16  _snputc.o(.text)
    _printf_cs_common                        0x080009a7   Thumb Code    20  _printf_char.o(.text)
    _printf_char                             0x080009bb   Thumb Code    16  _printf_char.o(.text)
    _printf_string                           0x080009cb   Thumb Code     8  _printf_char.o(.text)
    _printf_wctomb                           0x080009d5   Thumb Code   182  _printf_wctomb.o(.text)
    _printf_longlong_dec                     0x08000a91   Thumb Code   108  _printf_longlong_dec.o(.text)
    _printf_longlong_oct                     0x08000b0d   Thumb Code    66  _printf_oct_int_ll.o(.text)
    _printf_int_oct                          0x08000b4f   Thumb Code    24  _printf_oct_int_ll.o(.text)
    _printf_ll_oct                           0x08000b67   Thumb Code    12  _printf_oct_int_ll.o(.text)
    _printf_longlong_hex                     0x08000b7d   Thumb Code    86  _printf_hex_int_ll_ptr.o(.text)
    _printf_int_hex                          0x08000bd3   Thumb Code    28  _printf_hex_int_ll_ptr.o(.text)
    _printf_ll_hex                           0x08000bef   Thumb Code    12  _printf_hex_int_ll_ptr.o(.text)
    _printf_hex_ptr                          0x08000bfb   Thumb Code    18  _printf_hex_int_ll_ptr.o(.text)
    strtol                                   0x08000c11   Thumb Code   112  strtol.o(.text)
    __aeabi_memcpy4                          0x08000c81   Thumb Code     0  rt_memcpy_w.o(.text)
    __aeabi_memcpy8                          0x08000c81   Thumb Code     0  rt_memcpy_w.o(.text)
    __rt_memcpy_w                            0x08000c81   Thumb Code   100  rt_memcpy_w.o(.text)
    _memcpy_lastbytes_aligned                0x08000cc9   Thumb Code     0  rt_memcpy_w.o(.text)
    __aeabi_memclr4                          0x08000ce5   Thumb Code     0  rt_memclr_w.o(.text)
    __aeabi_memclr8                          0x08000ce5   Thumb Code     0  rt_memclr_w.o(.text)
    __rt_memclr_w                            0x08000ce5   Thumb Code    78  rt_memclr_w.o(.text)
    _memset_w                                0x08000ce9   Thumb Code     0  rt_memclr_w.o(.text)
    __user_libspace                          0x08000d35   Thumb Code     8  libspace.o(.text)
    __user_perproc_libspace                  0x08000d35   Thumb Code     0  libspace.o(.text)
    __user_perthread_libspace                0x08000d35   Thumb Code     0  libspace.o(.text)
    __rt_ctype_table                         0x08000d3d   Thumb Code    16  rt_ctype_table.o(.text)
    __Heap_ProvideMemory                     0x08000d4d   Thumb Code    52  h1_extend.o(.text)
    _ll_udiv10                               0x08000d81   Thumb Code   138  lludiv10.o(.text)
    __lib_sel_fp_printf                      0x08000e0b   Thumb Code     2  _printf_fp_dec.o(.text)
    _printf_fp_dec_real                      0x08000fbd   Thumb Code   620  _printf_fp_dec.o(.text)
    _printf_lcs_common                       0x08001229   Thumb Code    20  _printf_wchar.o(.text)
    _printf_wchar                            0x0800123d   Thumb Code    16  _printf_wchar.o(.text)
    _printf_wstring                          0x0800124d   Thumb Code     8  _printf_wchar.o(.text)
    _strtoul                                 0x08001255   Thumb Code   158  _strtoul.o(.text)
    _wcrtomb                                 0x080012f3   Thumb Code    64  _wcrtomb.o(.text)
    __rt_SIGRTMEM                            0x08001333   Thumb Code    14  defsig_rtmem_outer.o(.text)
    __I$use$semihosting                      0x08001341   Thumb Code     0  use_no_semi.o(.text)
    __use_no_semihosting_swi                 0x08001341   Thumb Code     2  use_no_semi.o(.text)
    __semihosting_library_function           0x08001343   Thumb Code     0  indicate_semi.o(.text)
    __user_setup_stackheap                   0x08001343   Thumb Code    74  sys_stackheap_outer.o(.text)
    __rt_locale                              0x0800138d   Thumb Code     8  rt_locale_intlibspace.o(.text)
    _printf_fp_infnan                        0x08001395   Thumb Code   112  _printf_fp_infnan.o(.text)
    _chval                                   0x08001415   Thumb Code    28  _chval.o(.text)
    _btod_etento                             0x08001431   Thumb Code   224  bigflt0.o(.text)
    exit                                     0x08001515   Thumb Code    18  exit.o(.text)
    __sig_exit                               0x08001527   Thumb Code    10  defsig_exit.o(.text)
    __rt_SIGRTMEM_inner                      0x08001531   Thumb Code    22  defsig_rtmem_inner.o(.text)
    _sys_exit                                0x08001581   Thumb Code     8  sys_exit.o(.text)
    __default_signal_display                 0x0800158d   Thumb Code    50  defsig_general.o(.text)
    strcmp                                   0x080015c1   Thumb Code   128  strcmpv7m.o(.text)
    _ttywrch                                 0x08001641   Thumb Code    14  sys_wrch.o(.text)
    _btod_d2e                                0x0800164f   Thumb Code    62  btod.o(CL$$btod_d2e)
    _d2e_denorm_low                          0x0800168d   Thumb Code    70  btod.o(CL$$btod_d2e_denorm_low)
    _d2e_norm_op1                            0x080016d3   Thumb Code    96  btod.o(CL$$btod_d2e_norm_op1)
    __btod_div_common                        0x08001733   Thumb Code   696  btod.o(CL$$btod_div_common)
    _e2e                                     0x08001a6b   Thumb Code   220  btod.o(CL$$btod_e2e)
    _btod_ediv                               0x08001b47   Thumb Code    42  btod.o(CL$$btod_ediv)
    _btod_emul                               0x08001b71   Thumb Code    42  btod.o(CL$$btod_emul)
    __btod_mult_common                       0x08001b9b   Thumb Code   580  btod.o(CL$$btod_mult_common)
    BusFault_Handler                         0x08001ddf   Thumb Code     4  stm32f10x_it.o(i.BusFault_Handler)
    Buzzer_Init                              0x08001de5   Thumb Code    38  buzzer.o(i.Buzzer_Init)
    DHT11_Init                               0x08001e39   Thumb Code    16  dht11.o(i.DHT11_Init)
    DHT11_Read_TempAndHumidity               0x08001ee9   Thumb Code   154  dht11.o(i.DHT11_Read_TempAndHumidity)
    DebugMon_Handler                         0x08001f89   Thumb Code     2  stm32f10x_it.o(i.DebugMon_Handler)
    Delay_ms                                 0x08001f8b   Thumb Code    24  delay.o(i.Delay_ms)
    Delay_us                                 0x08001fa3   Thumb Code    46  delay.o(i.Delay_us)
    ESP8266_Clear                            0x08001fd1   Thumb Code    18  esp8266.o(i.ESP8266_Clear)
    ESP8266_GetIPD                           0x08001fed   Thumb Code    66  esp8266.o(i.ESP8266_GetIPD)
    ESP8266_Init                             0x0800203d   Thumb Code   236  esp8266.o(i.ESP8266_Init)
    ESP8266_SendCmd                          0x08002215   Thumb Code    76  esp8266.o(i.ESP8266_SendCmd)
    ESP8266_SendData                         0x08002269   Thumb Code    46  esp8266.o(i.ESP8266_SendData)
    ESP8266_WaitRecive                       0x080022b1   Thumb Code    42  esp8266.o(i.ESP8266_WaitRecive)
    GPIO_Init                                0x080022e5   Thumb Code   278  stm32f10x_gpio.o(i.GPIO_Init)
    GPIO_ReadInputDataBit                    0x080023fb   Thumb Code    18  stm32f10x_gpio.o(i.GPIO_ReadInputDataBit)
    GPIO_ResetBits                           0x0800240d   Thumb Code     4  stm32f10x_gpio.o(i.GPIO_ResetBits)
    GPIO_SetBits                             0x08002411   Thumb Code     4  stm32f10x_gpio.o(i.GPIO_SetBits)
    GPIO_WriteBit                            0x08002415   Thumb Code    10  stm32f10x_gpio.o(i.GPIO_WriteBit)
    HardFault_Handler                        0x0800241f   Thumb Code     4  stm32f10x_it.o(i.HardFault_Handler)
    Hardware_Init                            0x08002425   Thumb Code    52  main.o(i.Hardware_Init)
    LED_Init                                 0x08002471   Thumb Code    38  led.o(i.LED_Init)
    LED_OFF                                  0x0800249d   Thumb Code    14  led.o(i.LED_OFF)
    LED_ON                                   0x080024b1   Thumb Code    14  led.o(i.LED_ON)
    MQTT_DeleteBuffer                        0x080024c5   Thumb Code    28  mqttkit.o(i.MQTT_DeleteBuffer)
    MQTT_DumpLength                          0x080024e1   Thumb Code    46  mqttkit.o(i.MQTT_DumpLength)
    MQTT_NewBuffer                           0x0800250f   Thumb Code    88  mqttkit.o(i.MQTT_NewBuffer)
    MQTT_PacketCmdResp                       0x08002569   Thumb Code   132  mqttkit.o(i.MQTT_PacketCmdResp)
    MQTT_PacketConnect                       0x080025f5   Thumb Code   666  mqttkit.o(i.MQTT_PacketConnect)
    MQTT_PacketPublish                       0x08002895   Thumb Code   440  mqttkit.o(i.MQTT_PacketPublish)
    MQTT_PacketPublishAck                    0x08002a4d   Thumb Code    72  mqttkit.o(i.MQTT_PacketPublishAck)
    MQTT_PacketPublishComp                   0x08002a95   Thumb Code    72  mqttkit.o(i.MQTT_PacketPublishComp)
    MQTT_PacketPublishRec                    0x08002add   Thumb Code    72  mqttkit.o(i.MQTT_PacketPublishRec)
    MQTT_PacketPublishRel                    0x08002b25   Thumb Code    72  mqttkit.o(i.MQTT_PacketPublishRel)
    MQTT_PacketSubscribe                     0x08002b6d   Thumb Code   254  mqttkit.o(i.MQTT_PacketSubscribe)
    MQTT_ReadLength                          0x08002c6b   Thumb Code    70  mqttkit.o(i.MQTT_ReadLength)
    MQTT_UnPacketCmd                         0x08002cb1   Thumb Code   140  mqttkit.o(i.MQTT_UnPacketCmd)
    MQTT_UnPacketConnectAck                  0x08002d3d   Thumb Code    30  mqttkit.o(i.MQTT_UnPacketConnectAck)
    MQTT_UnPacketPublish                     0x08002d5d   Thumb Code   438  mqttkit.o(i.MQTT_UnPacketPublish)
    MQTT_UnPacketPublishAck                  0x08002f1d   Thumb Code    30  mqttkit.o(i.MQTT_UnPacketPublishAck)
    MQTT_UnPacketPublishComp                 0x08002f3b   Thumb Code    30  mqttkit.o(i.MQTT_UnPacketPublishComp)
    MQTT_UnPacketPublishRec                  0x08002f59   Thumb Code    30  mqttkit.o(i.MQTT_UnPacketPublishRec)
    MQTT_UnPacketPublishRel                  0x08002f77   Thumb Code    36  mqttkit.o(i.MQTT_UnPacketPublishRel)
    MQTT_UnPacketRecv                        0x08002f9d   Thumb Code   106  mqttkit.o(i.MQTT_UnPacketRecv)
    MQTT_UnPacketSubscribe                   0x08003011   Thumb Code    52  mqttkit.o(i.MQTT_UnPacketSubscribe)
    MQTT_UnPacketUnSubscribe                 0x08003045   Thumb Code    18  mqttkit.o(i.MQTT_UnPacketUnSubscribe)
    MemManage_Handler                        0x08003057   Thumb Code     4  stm32f10x_it.o(i.MemManage_Handler)
    NMI_Handler                              0x0800305b   Thumb Code     2  stm32f10x_it.o(i.NMI_Handler)
    NVIC_Init                                0x0800305d   Thumb Code   100  misc.o(i.NVIC_Init)
    NVIC_PriorityGroupConfig                 0x080030cd   Thumb Code    10  misc.o(i.NVIC_PriorityGroupConfig)
    OLED_Clear                               0x080030e1   Thumb Code    42  oled.o(i.OLED_Clear)
    OLED_I2C_Init                            0x0800310d   Thumb Code    76  oled.o(i.OLED_I2C_Init)
    OLED_I2C_SendByte                        0x0800315d   Thumb Code    80  oled.o(i.OLED_I2C_SendByte)
    OLED_I2C_Start                           0x080031b1   Thumb Code    48  oled.o(i.OLED_I2C_Start)
    OLED_I2C_Stop                            0x080031e5   Thumb Code    36  oled.o(i.OLED_I2C_Stop)
    OLED_Init                                0x0800320d   Thumb Code   174  oled.o(i.OLED_Init)
    OLED_Pow                                 0x080032bb   Thumb Code    20  oled.o(i.OLED_Pow)
    OLED_SetCursor                           0x080032cf   Thumb Code    34  oled.o(i.OLED_SetCursor)
    OLED_ShowChar                            0x080032f1   Thumb Code   110  oled.o(i.OLED_ShowChar)
    OLED_ShowNum                             0x08003365   Thumb Code    68  oled.o(i.OLED_ShowNum)
    OLED_ShowString                          0x080033a9   Thumb Code    40  oled.o(i.OLED_ShowString)
    OLED_WriteCommand                        0x080033d1   Thumb Code    32  oled.o(i.OLED_WriteCommand)
    OLED_WriteData                           0x080033f1   Thumb Code    32  oled.o(i.OLED_WriteData)
    OneNet_DevLink                           0x08003411   Thumb Code   212  onenet.o(i.OneNet_DevLink)
    OneNet_Publish                           0x08003691   Thumb Code    88  onenet.o(i.OneNet_Publish)
    OneNet_RevPro                            0x0800370d   Thumb Code   592  onenet.o(i.OneNet_RevPro)
    OneNet_Subscribe                         0x08003b1d   Thumb Code    80  onenet.o(i.OneNet_Subscribe)
    PendSV_Handler                           0x08003b89   Thumb Code     2  stm32f10x_it.o(i.PendSV_Handler)
    RCC_APB1PeriphClockCmd                   0x08003b8d   Thumb Code    26  stm32f10x_rcc.o(i.RCC_APB1PeriphClockCmd)
    RCC_APB2PeriphClockCmd                   0x08003bad   Thumb Code    26  stm32f10x_rcc.o(i.RCC_APB2PeriphClockCmd)
    RCC_GetClocksFreq                        0x08003bcd   Thumb Code   192  stm32f10x_rcc.o(i.RCC_GetClocksFreq)
    SVC_Handler                              0x08003ca1   Thumb Code     2  stm32f10x_it.o(i.SVC_Handler)
    SysTick_Handler                          0x08003d8d   Thumb Code     2  stm32f10x_it.o(i.SysTick_Handler)
    SystemInit                               0x08003d91   Thumb Code    78  system_stm32f10x.o(i.SystemInit)
    USART1_IRQHandler                        0x08003df1   Thumb Code   140  usart.o(i.USART1_IRQHandler)
    USART2_IRQHandler                        0x08003e91   Thumb Code    62  esp8266.o(i.USART2_IRQHandler)
    USART_ClearFlag                          0x08003edd   Thumb Code    18  stm32f10x_usart.o(i.USART_ClearFlag)
    USART_ClearITPendingBit                  0x08003eef   Thumb Code    30  stm32f10x_usart.o(i.USART_ClearITPendingBit)
    USART_Cmd                                0x08003f0d   Thumb Code    24  stm32f10x_usart.o(i.USART_Cmd)
    USART_GetFlagStatus                      0x08003f25   Thumb Code    26  stm32f10x_usart.o(i.USART_GetFlagStatus)
    USART_GetITStatus                        0x08003f3f   Thumb Code    84  stm32f10x_usart.o(i.USART_GetITStatus)
    USART_ITConfig                           0x08003f93   Thumb Code    74  stm32f10x_usart.o(i.USART_ITConfig)
    USART_Init                               0x08003fdd   Thumb Code   210  stm32f10x_usart.o(i.USART_Init)
    USART_ReceiveData                        0x080040b5   Thumb Code    10  stm32f10x_usart.o(i.USART_ReceiveData)
    USART_SendData                           0x080040bf   Thumb Code     8  stm32f10x_usart.o(i.USART_SendData)
    UsageFault_Handler                       0x080040c7   Thumb Code     4  stm32f10x_it.o(i.UsageFault_Handler)
    Usart1_Init                              0x080040cd   Thumb Code   168  usart.o(i.Usart1_Init)
    Usart2_Init                              0x0800417d   Thumb Code   162  usart.o(i.Usart2_Init)
    UsartPrintf                              0x08004229   Thumb Code    72  usart.o(i.UsartPrintf)
    Usart_SendString                         0x08004271   Thumb Code    50  usart.o(i.Usart_SendString)
    __ARM_fpclassify                         0x080042a3   Thumb Code    40  fpclassify.o(i.__ARM_fpclassify)
    _is_digit                                0x080042cb   Thumb Code    14  __printf_wp.o(i._is_digit)
    main                                     0x080042d9   Thumb Code   278  main.o(i.main)
    _get_lc_ctype                            0x0800447d   Thumb Code    44  lc_ctype_c.o(locale$$code)
    _get_lc_numeric                          0x080044a9   Thumb Code    44  lc_numeric_c.o(locale$$code)
    _printf_fp_dec                           0x080044d5   Thumb Code     4  printf1.o(x$fpl$printf1)
    OLED_F8x16                               0x080044d8   Data        1520  oled.o(.constdata)
    __I$use$fp                               0x080044d8   Number         0  usenofp.o(x$fpl$usenofp)
    Region$$Table$$Base                      0x08004bb8   Number         0  anon$$obj.o(Region$$Table)
    Region$$Table$$Limit                     0x08004bd8   Number         0  anon$$obj.o(Region$$Table)
    __ctype                                  0x08004be5   Data           0  lc_ctype_c.o(locale$$data)
    esp8266_cnt                              0x20000014   Data           2  esp8266.o(.data)
    esp8266_cntPre                           0x20000016   Data           2  esp8266.o(.data)
    Usart_RxFlag                             0x2000001a   Data           1  usart.o(.data)
    esp8266_buf                              0x20000020   Data         128  esp8266.o(.bss)
    Usart_RxPacket                           0x200000a0   Data         100  usart.o(.bss)
    __libspace_start                         0x20000104   Data          96  libspace.o(.bss)
    __temporary_stack_top$libspace           0x20000164   Data           0  libspace.o(.bss)



==============================================================================

Memory Map of the image

  Image Entry point : 0x080000ed

  Load Region LR_IROM1 (Base: 0x08000000, Size: 0x00004d24, Max: 0x00010000, ABSOLUTE)

    Execution Region ER_IROM1 (Exec base: 0x08000000, Load base: 0x08000000, Size: 0x00004d04, Max: 0x00010000, ABSOLUTE)

    Exec Addr    Load Addr    Size         Type   Attr      Idx    E Section Name        Object

    0x08000000   0x08000000   0x000000ec   Data   RO         3543    RESET               startup_stm32f10x_md.o
    0x080000ec   0x080000ec   0x00000008   Code   RO         4174  * !!!main             c_w.l(__main.o)
    0x080000f4   0x080000f4   0x00000034   Code   RO         4540    !!!scatter          c_w.l(__scatter.o)
    0x08000128   0x08000128   0x0000001a   Code   RO         4542    !!handler_copy      c_w.l(__scatter_copy.o)
    0x08000142   0x08000142   0x00000002   PAD
    0x08000144   0x08000144   0x0000001c   Code   RO         4544    !!handler_zi        c_w.l(__scatter_zi.o)
    0x08000160   0x08000160   0x00000000   Code   RO         4157    .ARM.Collect$$_printf_percent$$00000000  c_w.l(_printf_percent.o)
    0x08000160   0x08000160   0x00000006   Code   RO         4274    .ARM.Collect$$_printf_percent$$00000001  c_w.l(_printf_n.o)
    0x08000166   0x08000166   0x00000006   Code   RO         4276    .ARM.Collect$$_printf_percent$$00000002  c_w.l(_printf_p.o)
    0x0800016c   0x0800016c   0x00000006   Code   RO         4280    .ARM.Collect$$_printf_percent$$00000003  c_w.l(_printf_f.o)
    0x08000172   0x08000172   0x00000006   Code   RO         4281    .ARM.Collect$$_printf_percent$$00000004  c_w.l(_printf_e.o)
    0x08000178   0x08000178   0x00000006   Code   RO         4282    .ARM.Collect$$_printf_percent$$00000005  c_w.l(_printf_g.o)
    0x0800017e   0x0800017e   0x00000006   Code   RO         4283    .ARM.Collect$$_printf_percent$$00000006  c_w.l(_printf_a.o)
    0x08000184   0x08000184   0x0000000a   Code   RO         4288    .ARM.Collect$$_printf_percent$$00000007  c_w.l(_printf_ll.o)
    0x0800018e   0x0800018e   0x00000006   Code   RO         4278    .ARM.Collect$$_printf_percent$$00000008  c_w.l(_printf_i.o)
    0x08000194   0x08000194   0x00000006   Code   RO         4156    .ARM.Collect$$_printf_percent$$00000009  c_w.l(_printf_d.o)
    0x0800019a   0x0800019a   0x00000006   Code   RO         4279    .ARM.Collect$$_printf_percent$$0000000A  c_w.l(_printf_u.o)
    0x080001a0   0x080001a0   0x00000006   Code   RO         4277    .ARM.Collect$$_printf_percent$$0000000B  c_w.l(_printf_o.o)
    0x080001a6   0x080001a6   0x00000006   Code   RO         4275    .ARM.Collect$$_printf_percent$$0000000C  c_w.l(_printf_x.o)
    0x080001ac   0x080001ac   0x00000006   Code   RO         4285    .ARM.Collect$$_printf_percent$$0000000D  c_w.l(_printf_lli.o)
    0x080001b2   0x080001b2   0x00000006   Code   RO         4286    .ARM.Collect$$_printf_percent$$0000000E  c_w.l(_printf_lld.o)
    0x080001b8   0x080001b8   0x00000006   Code   RO         4287    .ARM.Collect$$_printf_percent$$0000000F  c_w.l(_printf_llu.o)
    0x080001be   0x080001be   0x00000006   Code   RO         4292    .ARM.Collect$$_printf_percent$$00000010  c_w.l(_printf_llo.o)
    0x080001c4   0x080001c4   0x00000006   Code   RO         4293    .ARM.Collect$$_printf_percent$$00000011  c_w.l(_printf_llx.o)
    0x080001ca   0x080001ca   0x0000000a   Code   RO         4289    .ARM.Collect$$_printf_percent$$00000012  c_w.l(_printf_l.o)
    0x080001d4   0x080001d4   0x00000006   Code   RO         4273    .ARM.Collect$$_printf_percent$$00000013  c_w.l(_printf_c.o)
    0x080001da   0x080001da   0x00000006   Code   RO         4155    .ARM.Collect$$_printf_percent$$00000014  c_w.l(_printf_s.o)
    0x080001e0   0x080001e0   0x00000006   Code   RO         4290    .ARM.Collect$$_printf_percent$$00000015  c_w.l(_printf_lc.o)
    0x080001e6   0x080001e6   0x00000006   Code   RO         4291    .ARM.Collect$$_printf_percent$$00000016  c_w.l(_printf_ls.o)
    0x080001ec   0x080001ec   0x00000004   Code   RO         4284    .ARM.Collect$$_printf_percent$$00000017  c_w.l(_printf_percent_end.o)
    0x080001f0   0x080001f0   0x00000002   Code   RO         4471    .ARM.Collect$$libinit$$00000000  c_w.l(libinit.o)
    0x080001f2   0x080001f2   0x00000000   Code   RO         4303    .ARM.Collect$$libinit$$00000002  c_w.l(libinit2.o)
    0x080001f2   0x080001f2   0x00000000   Code   RO         4305    .ARM.Collect$$libinit$$00000004  c_w.l(libinit2.o)
    0x080001f2   0x080001f2   0x00000008   Code   RO         4306    .ARM.Collect$$libinit$$00000005  c_w.l(libinit2.o)
    0x080001fa   0x080001fa   0x00000000   Code   RO         4308    .ARM.Collect$$libinit$$0000000A  c_w.l(libinit2.o)
    0x080001fa   0x080001fa   0x00000000   Code   RO         4310    .ARM.Collect$$libinit$$0000000C  c_w.l(libinit2.o)
    0x080001fa   0x080001fa   0x00000000   Code   RO         4312    .ARM.Collect$$libinit$$0000000E  c_w.l(libinit2.o)
    0x080001fa   0x080001fa   0x00000006   Code   RO         4313    .ARM.Collect$$libinit$$0000000F  c_w.l(libinit2.o)
    0x08000200   0x08000200   0x00000000   Code   RO         4315    .ARM.Collect$$libinit$$00000011  c_w.l(libinit2.o)
    0x08000200   0x08000200   0x0000000c   Code   RO         4316    .ARM.Collect$$libinit$$00000012  c_w.l(libinit2.o)
    0x0800020c   0x0800020c   0x00000000   Code   RO         4317    .ARM.Collect$$libinit$$00000013  c_w.l(libinit2.o)
    0x0800020c   0x0800020c   0x00000000   Code   RO         4319    .ARM.Collect$$libinit$$00000015  c_w.l(libinit2.o)
    0x0800020c   0x0800020c   0x0000000a   Code   RO         4320    .ARM.Collect$$libinit$$00000016  c_w.l(libinit2.o)
    0x08000216   0x08000216   0x00000000   Code   RO         4321    .ARM.Collect$$libinit$$00000017  c_w.l(libinit2.o)
    0x08000216   0x08000216   0x00000000   Code   RO         4323    .ARM.Collect$$libinit$$00000019  c_w.l(libinit2.o)
    0x08000216   0x08000216   0x00000000   Code   RO         4325    .ARM.Collect$$libinit$$0000001B  c_w.l(libinit2.o)
    0x08000216   0x08000216   0x00000000   Code   RO         4327    .ARM.Collect$$libinit$$0000001D  c_w.l(libinit2.o)
    0x08000216   0x08000216   0x00000000   Code   RO         4329    .ARM.Collect$$libinit$$0000001F  c_w.l(libinit2.o)
    0x08000216   0x08000216   0x00000000   Code   RO         4331    .ARM.Collect$$libinit$$00000021  c_w.l(libinit2.o)
    0x08000216   0x08000216   0x00000000   Code   RO         4333    .ARM.Collect$$libinit$$00000023  c_w.l(libinit2.o)
    0x08000216   0x08000216   0x00000000   Code   RO         4335    .ARM.Collect$$libinit$$00000025  c_w.l(libinit2.o)
    0x08000216   0x08000216   0x00000000   Code   RO         4339    .ARM.Collect$$libinit$$0000002C  c_w.l(libinit2.o)
    0x08000216   0x08000216   0x00000000   Code   RO         4341    .ARM.Collect$$libinit$$0000002E  c_w.l(libinit2.o)
    0x08000216   0x08000216   0x00000000   Code   RO         4343    .ARM.Collect$$libinit$$00000030  c_w.l(libinit2.o)
    0x08000216   0x08000216   0x00000000   Code   RO         4345    .ARM.Collect$$libinit$$00000032  c_w.l(libinit2.o)
    0x08000216   0x08000216   0x00000002   Code   RO         4346    .ARM.Collect$$libinit$$00000033  c_w.l(libinit2.o)
    0x08000218   0x08000218   0x00000002   Code   RO         4537    .ARM.Collect$$libshutdown$$00000000  c_w.l(libshutdown.o)
    0x0800021a   0x0800021a   0x00000000   Code   RO         4491    .ARM.Collect$$libshutdown$$00000002  c_w.l(libshutdown2.o)
    0x0800021a   0x0800021a   0x00000000   Code   RO         4493    .ARM.Collect$$libshutdown$$00000004  c_w.l(libshutdown2.o)
    0x0800021a   0x0800021a   0x00000000   Code   RO         4495    .ARM.Collect$$libshutdown$$00000006  c_w.l(libshutdown2.o)
    0x0800021a   0x0800021a   0x00000000   Code   RO         4498    .ARM.Collect$$libshutdown$$00000009  c_w.l(libshutdown2.o)
    0x0800021a   0x0800021a   0x00000000   Code   RO         4501    .ARM.Collect$$libshutdown$$0000000C  c_w.l(libshutdown2.o)
    0x0800021a   0x0800021a   0x00000000   Code   RO         4503    .ARM.Collect$$libshutdown$$0000000E  c_w.l(libshutdown2.o)
    0x0800021a   0x0800021a   0x00000000   Code   RO         4506    .ARM.Collect$$libshutdown$$00000011  c_w.l(libshutdown2.o)
    0x0800021a   0x0800021a   0x00000002   Code   RO         4507    .ARM.Collect$$libshutdown$$00000012  c_w.l(libshutdown2.o)
    0x0800021c   0x0800021c   0x00000000   Code   RO         4194    .ARM.Collect$$rtentry$$00000000  c_w.l(__rtentry.o)
    0x0800021c   0x0800021c   0x00000000   Code   RO         4360    .ARM.Collect$$rtentry$$00000002  c_w.l(__rtentry2.o)
    0x0800021c   0x0800021c   0x00000006   Code   RO         4372    .ARM.Collect$$rtentry$$00000004  c_w.l(__rtentry4.o)
    0x08000222   0x08000222   0x00000000   Code   RO         4362    .ARM.Collect$$rtentry$$00000009  c_w.l(__rtentry2.o)
    0x08000222   0x08000222   0x00000004   Code   RO         4363    .ARM.Collect$$rtentry$$0000000A  c_w.l(__rtentry2.o)
    0x08000226   0x08000226   0x00000000   Code   RO         4365    .ARM.Collect$$rtentry$$0000000C  c_w.l(__rtentry2.o)
    0x08000226   0x08000226   0x00000008   Code   RO         4366    .ARM.Collect$$rtentry$$0000000D  c_w.l(__rtentry2.o)
    0x0800022e   0x0800022e   0x00000002   Code   RO         4478    .ARM.Collect$$rtexit$$00000000  c_w.l(rtexit.o)
    0x08000230   0x08000230   0x00000000   Code   RO         4511    .ARM.Collect$$rtexit$$00000002  c_w.l(rtexit2.o)
    0x08000230   0x08000230   0x00000004   Code   RO         4512    .ARM.Collect$$rtexit$$00000003  c_w.l(rtexit2.o)
    0x08000234   0x08000234   0x00000006   Code   RO         4513    .ARM.Collect$$rtexit$$00000004  c_w.l(rtexit2.o)
    0x0800023a   0x0800023a   0x00000002   PAD
    0x0800023c   0x0800023c   0x00000000   Code   RO         4378    .emb_text           c_w.l(maybetermalloc1.o)
    0x0800023c   0x0800023c   0x00000040   Code   RO         3544    .text               startup_stm32f10x_md.o
    0x0800027c   0x0800027c   0x0000005e   Code   RO         4065    .text               c_w.l(h1_alloc.o)
    0x080002da   0x080002da   0x0000004e   Code   RO         4067    .text               c_w.l(h1_free.o)
    0x08000328   0x08000328   0x00000034   Code   RO         4123    .text               c_w.l(c89vsnprintf.o)
    0x0800035c   0x0800035c   0x0000002c   Code   RO         4125    .text               c_w.l(__2sprintf.o)
    0x08000388   0x08000388   0x00000052   Code   RO         4131    .text               c_w.l(_printf_str.o)
    0x080003da   0x080003da   0x00000002   PAD
    0x080003dc   0x080003dc   0x00000078   Code   RO         4133    .text               c_w.l(_printf_dec.o)
    0x08000454   0x08000454   0x00000188   Code   RO         4152    .text               c_w.l(__printf_flags_ss_wp.o)
    0x080005dc   0x080005dc   0x0000001a   Code   RO         4158    .text               c_w.l(atoi.o)
    0x080005f6   0x080005f6   0x00000014   Code   RO         4160    .text               c_w.l(strchr.o)
    0x0800060a   0x0800060a   0x00000024   Code   RO         4162    .text               c_w.l(strncat.o)
    0x0800062e   0x0800062e   0x00000024   Code   RO         4164    .text               c_w.l(strstr.o)
    0x08000652   0x08000652   0x0000003e   Code   RO         4166    .text               c_w.l(strlen.o)
    0x08000690   0x08000690   0x0000008a   Code   RO         4168    .text               c_w.l(rt_memcpy_v6.o)
    0x0800071a   0x0800071a   0x00000044   Code   RO         4170    .text               c_w.l(rt_memclr.o)
    0x0800075e   0x0800075e   0x00000006   Code   RO         4172    .text               c_w.l(heapauxi.o)
    0x08000764   0x08000764   0x00000008   Code   RO         4198    .text               c_w.l(rt_heap_descriptor_intlibspace.o)
    0x0800076c   0x0800076c   0x00000008   Code   RO         4203    .text               c_w.l(rt_errno_addr_intlibspace.o)
    0x08000774   0x08000774   0x00000004   Code   RO         4205    .text               c_w.l(hguard.o)
    0x08000778   0x08000778   0x0000008a   Code   RO         4207    .text               c_w.l(init_alloc.o)
    0x08000802   0x08000802   0x0000000e   Code   RO         4211    .text               c_w.l(h1_init.o)
    0x08000810   0x08000810   0x0000004e   Code   RO         4225    .text               c_w.l(_printf_pad.o)
    0x0800085e   0x0800085e   0x00000024   Code   RO         4227    .text               c_w.l(_printf_truncate.o)
    0x08000882   0x08000882   0x000000b2   Code   RO         4229    .text               c_w.l(_printf_intcommon.o)
    0x08000934   0x08000934   0x00000028   Code   RO         4231    .text               c_w.l(_printf_charcount.o)
    0x0800095c   0x0800095c   0x00000030   Code   RO         4233    .text               c_w.l(_printf_char_common.o)
    0x0800098c   0x0800098c   0x0000000a   Code   RO         4235    .text               c_w.l(_sputc.o)
    0x08000996   0x08000996   0x00000010   Code   RO         4237    .text               c_w.l(_snputc.o)
    0x080009a6   0x080009a6   0x0000002c   Code   RO         4239    .text               c_w.l(_printf_char.o)
    0x080009d2   0x080009d2   0x00000002   PAD
    0x080009d4   0x080009d4   0x000000bc   Code   RO         4241    .text               c_w.l(_printf_wctomb.o)
    0x08000a90   0x08000a90   0x0000007c   Code   RO         4244    .text               c_w.l(_printf_longlong_dec.o)
    0x08000b0c   0x08000b0c   0x00000070   Code   RO         4250    .text               c_w.l(_printf_oct_int_ll.o)
    0x08000b7c   0x08000b7c   0x00000094   Code   RO         4270    .text               c_w.l(_printf_hex_int_ll_ptr.o)
    0x08000c10   0x08000c10   0x00000070   Code   RO         4294    .text               c_w.l(strtol.o)
    0x08000c80   0x08000c80   0x00000064   Code   RO         4296    .text               c_w.l(rt_memcpy_w.o)
    0x08000ce4   0x08000ce4   0x0000004e   Code   RO         4298    .text               c_w.l(rt_memclr_w.o)
    0x08000d32   0x08000d32   0x00000002   PAD
    0x08000d34   0x08000d34   0x00000008   Code   RO         4356    .text               c_w.l(libspace.o)
    0x08000d3c   0x08000d3c   0x00000010   Code   RO         4374    .text               c_w.l(rt_ctype_table.o)
    0x08000d4c   0x08000d4c   0x00000034   Code   RO         4380    .text               c_w.l(h1_extend.o)
    0x08000d80   0x08000d80   0x0000008a   Code   RO         4384    .text               c_w.l(lludiv10.o)
    0x08000e0a   0x08000e0a   0x0000041e   Code   RO         4386    .text               c_w.l(_printf_fp_dec.o)
    0x08001228   0x08001228   0x0000002c   Code   RO         4390    .text               c_w.l(_printf_wchar.o)
    0x08001254   0x08001254   0x0000009e   Code   RO         4392    .text               c_w.l(_strtoul.o)
    0x080012f2   0x080012f2   0x00000040   Code   RO         4394    .text               c_w.l(_wcrtomb.o)
    0x08001332   0x08001332   0x0000000e   Code   RO         4396    .text               c_w.l(defsig_rtmem_outer.o)
    0x08001340   0x08001340   0x00000002   Code   RO         4407    .text               c_w.l(use_no_semi.o)
    0x08001342   0x08001342   0x00000000   Code   RO         4409    .text               c_w.l(indicate_semi.o)
    0x08001342   0x08001342   0x0000004a   Code   RO         4410    .text               c_w.l(sys_stackheap_outer.o)
    0x0800138c   0x0800138c   0x00000008   Code   RO         4417    .text               c_w.l(rt_locale_intlibspace.o)
    0x08001394   0x08001394   0x00000080   Code   RO         4421    .text               c_w.l(_printf_fp_infnan.o)
    0x08001414   0x08001414   0x0000001c   Code   RO         4423    .text               c_w.l(_chval.o)
    0x08001430   0x08001430   0x000000e4   Code   RO         4425    .text               c_w.l(bigflt0.o)
    0x08001514   0x08001514   0x00000012   Code   RO         4456    .text               c_w.l(exit.o)
    0x08001526   0x08001526   0x0000000a   Code   RO         4458    .text               c_w.l(defsig_exit.o)
    0x08001530   0x08001530   0x00000050   Code   RO         4460    .text               c_w.l(defsig_rtmem_inner.o)
    0x08001580   0x08001580   0x0000000c   Code   RO         4476    .text               c_w.l(sys_exit.o)
    0x0800158c   0x0800158c   0x00000032   Code   RO         4486    .text               c_w.l(defsig_general.o)
    0x080015be   0x080015be   0x00000002   PAD
    0x080015c0   0x080015c0   0x00000080   Code   RO         4488    .text               c_w.l(strcmpv7m.o)
    0x08001640   0x08001640   0x0000000e   Code   RO         4508    .text               c_w.l(sys_wrch.o)
    0x0800164e   0x0800164e   0x0000003e   Code   RO         4428    CL$$btod_d2e        c_w.l(btod.o)
    0x0800168c   0x0800168c   0x00000046   Code   RO         4430    CL$$btod_d2e_denorm_low  c_w.l(btod.o)
    0x080016d2   0x080016d2   0x00000060   Code   RO         4429    CL$$btod_d2e_norm_op1  c_w.l(btod.o)
    0x08001732   0x08001732   0x00000338   Code   RO         4438    CL$$btod_div_common  c_w.l(btod.o)
    0x08001a6a   0x08001a6a   0x000000dc   Code   RO         4435    CL$$btod_e2e        c_w.l(btod.o)
    0x08001b46   0x08001b46   0x0000002a   Code   RO         4432    CL$$btod_ediv       c_w.l(btod.o)
    0x08001b70   0x08001b70   0x0000002a   Code   RO         4431    CL$$btod_emul       c_w.l(btod.o)
    0x08001b9a   0x08001b9a   0x00000244   Code   RO         4437    CL$$btod_mult_common  c_w.l(btod.o)
    0x08001dde   0x08001dde   0x00000004   Code   RO         3958    i.BusFault_Handler  stm32f10x_it.o
    0x08001de2   0x08001de2   0x00000002   PAD
    0x08001de4   0x08001de4   0x0000002c   Code   RO         3657    i.Buzzer_Init       buzzer.o
    0x08001e10   0x08001e10   0x00000028   Code   RO         3852    i.DHT11_GPIO_Config  dht11.o
    0x08001e38   0x08001e38   0x00000014   Code   RO         3853    i.DHT11_Init        dht11.o
    0x08001e4c   0x08001e4c   0x0000001c   Code   RO         3854    i.DHT11_Mode_IPU    dht11.o
    0x08001e68   0x08001e68   0x00000020   Code   RO         3855    i.DHT11_Mode_Out_PP  dht11.o
    0x08001e88   0x08001e88   0x00000060   Code   RO         3856    i.DHT11_ReadByte    dht11.o
    0x08001ee8   0x08001ee8   0x000000a0   Code   RO         3857    i.DHT11_Read_TempAndHumidity  dht11.o
    0x08001f88   0x08001f88   0x00000002   Code   RO         3959    i.DebugMon_Handler  stm32f10x_it.o
    0x08001f8a   0x08001f8a   0x00000018   Code   RO         3125    i.Delay_ms          delay.o
    0x08001fa2   0x08001fa2   0x0000002e   Code   RO         3127    i.Delay_us          delay.o
    0x08001fd0   0x08001fd0   0x0000001c   Code   RO         3333    i.ESP8266_Clear     esp8266.o
    0x08001fec   0x08001fec   0x00000050   Code   RO         3334    i.ESP8266_GetIPD    esp8266.o
    0x0800203c   0x0800203c   0x000001d8   Code   RO         3335    i.ESP8266_Init      esp8266.o
    0x08002214   0x08002214   0x00000054   Code   RO         3336    i.ESP8266_SendCmd   esp8266.o
    0x08002268   0x08002268   0x00000048   Code   RO         3337    i.ESP8266_SendData  esp8266.o
    0x080022b0   0x080022b0   0x00000034   Code   RO         3338    i.ESP8266_WaitRecive  esp8266.o
    0x080022e4   0x080022e4   0x00000116   Code   RO         1276    i.GPIO_Init         stm32f10x_gpio.o
    0x080023fa   0x080023fa   0x00000012   Code   RO         1280    i.GPIO_ReadInputDataBit  stm32f10x_gpio.o
    0x0800240c   0x0800240c   0x00000004   Code   RO         1283    i.GPIO_ResetBits    stm32f10x_gpio.o
    0x08002410   0x08002410   0x00000004   Code   RO         1284    i.GPIO_SetBits      stm32f10x_gpio.o
    0x08002414   0x08002414   0x0000000a   Code   RO         1287    i.GPIO_WriteBit     stm32f10x_gpio.o
    0x0800241e   0x0800241e   0x00000004   Code   RO         3960    i.HardFault_Handler  stm32f10x_it.o
    0x08002422   0x08002422   0x00000002   PAD
    0x08002424   0x08002424   0x0000004c   Code   RO         4021    i.Hardware_Init     main.o
    0x08002470   0x08002470   0x0000002c   Code   RO         3612    i.LED_Init          led.o
    0x0800249c   0x0800249c   0x00000014   Code   RO         3613    i.LED_OFF           led.o
    0x080024b0   0x080024b0   0x00000014   Code   RO         3614    i.LED_ON            led.o
    0x080024c4   0x080024c4   0x0000001c   Code   RO         3149    i.MQTT_DeleteBuffer  mqttkit.o
    0x080024e0   0x080024e0   0x0000002e   Code   RO         3150    i.MQTT_DumpLength   mqttkit.o
    0x0800250e   0x0800250e   0x00000058   Code   RO         3151    i.MQTT_NewBuffer    mqttkit.o
    0x08002566   0x08002566   0x00000002   PAD
    0x08002568   0x08002568   0x0000008c   Code   RO         3152    i.MQTT_PacketCmdResp  mqttkit.o
    0x080025f4   0x080025f4   0x000002a0   Code   RO         3153    i.MQTT_PacketConnect  mqttkit.o
    0x08002894   0x08002894   0x000001b8   Code   RO         3156    i.MQTT_PacketPublish  mqttkit.o
    0x08002a4c   0x08002a4c   0x00000048   Code   RO         3157    i.MQTT_PacketPublishAck  mqttkit.o
    0x08002a94   0x08002a94   0x00000048   Code   RO         3158    i.MQTT_PacketPublishComp  mqttkit.o
    0x08002adc   0x08002adc   0x00000048   Code   RO         3159    i.MQTT_PacketPublishRec  mqttkit.o
    0x08002b24   0x08002b24   0x00000048   Code   RO         3160    i.MQTT_PacketPublishRel  mqttkit.o
    0x08002b6c   0x08002b6c   0x000000fe   Code   RO         3163    i.MQTT_PacketSubscribe  mqttkit.o
    0x08002c6a   0x08002c6a   0x00000046   Code   RO         3165    i.MQTT_ReadLength   mqttkit.o
    0x08002cb0   0x08002cb0   0x0000008c   Code   RO         3166    i.MQTT_UnPacketCmd  mqttkit.o
    0x08002d3c   0x08002d3c   0x0000001e   Code   RO         3167    i.MQTT_UnPacketConnectAck  mqttkit.o
    0x08002d5a   0x08002d5a   0x00000002   PAD
    0x08002d5c   0x08002d5c   0x000001c0   Code   RO         3168    i.MQTT_UnPacketPublish  mqttkit.o
    0x08002f1c   0x08002f1c   0x0000001e   Code   RO         3169    i.MQTT_UnPacketPublishAck  mqttkit.o
    0x08002f3a   0x08002f3a   0x0000001e   Code   RO         3170    i.MQTT_UnPacketPublishComp  mqttkit.o
    0x08002f58   0x08002f58   0x0000001e   Code   RO         3171    i.MQTT_UnPacketPublishRec  mqttkit.o
    0x08002f76   0x08002f76   0x00000024   Code   RO         3172    i.MQTT_UnPacketPublishRel  mqttkit.o
    0x08002f9a   0x08002f9a   0x00000002   PAD
    0x08002f9c   0x08002f9c   0x00000074   Code   RO         3173    i.MQTT_UnPacketRecv  mqttkit.o
    0x08003010   0x08003010   0x00000034   Code   RO         3174    i.MQTT_UnPacketSubscribe  mqttkit.o
    0x08003044   0x08003044   0x00000012   Code   RO         3175    i.MQTT_UnPacketUnSubscribe  mqttkit.o
    0x08003056   0x08003056   0x00000004   Code   RO         3961    i.MemManage_Handler  stm32f10x_it.o
    0x0800305a   0x0800305a   0x00000002   Code   RO         3962    i.NMI_Handler       stm32f10x_it.o
    0x0800305c   0x0800305c   0x00000070   Code   RO            1    i.NVIC_Init         misc.o
    0x080030cc   0x080030cc   0x00000014   Code   RO            2    i.NVIC_PriorityGroupConfig  misc.o
    0x080030e0   0x080030e0   0x0000002a   Code   RO         3705    i.OLED_Clear        oled.o
    0x0800310a   0x0800310a   0x00000002   PAD
    0x0800310c   0x0800310c   0x00000050   Code   RO         3706    i.OLED_I2C_Init     oled.o
    0x0800315c   0x0800315c   0x00000054   Code   RO         3707    i.OLED_I2C_SendByte  oled.o
    0x080031b0   0x080031b0   0x00000034   Code   RO         3708    i.OLED_I2C_Start    oled.o
    0x080031e4   0x080031e4   0x00000028   Code   RO         3709    i.OLED_I2C_Stop     oled.o
    0x0800320c   0x0800320c   0x000000ae   Code   RO         3710    i.OLED_Init         oled.o
    0x080032ba   0x080032ba   0x00000014   Code   RO         3711    i.OLED_Pow          oled.o
    0x080032ce   0x080032ce   0x00000022   Code   RO         3712    i.OLED_SetCursor    oled.o
    0x080032f0   0x080032f0   0x00000074   Code   RO         3714    i.OLED_ShowChar     oled.o
    0x08003364   0x08003364   0x00000044   Code   RO         3716    i.OLED_ShowNum      oled.o
    0x080033a8   0x080033a8   0x00000028   Code   RO         3718    i.OLED_ShowString   oled.o
    0x080033d0   0x080033d0   0x00000020   Code   RO         3719    i.OLED_WriteCommand  oled.o
    0x080033f0   0x080033f0   0x00000020   Code   RO         3720    i.OLED_WriteData    oled.o
    0x08003410   0x08003410   0x00000280   Code   RO         3484    i.OneNet_DevLink    onenet.o
    0x08003690   0x08003690   0x0000007c   Code   RO         3485    i.OneNet_Publish    onenet.o
    0x0800370c   0x0800370c   0x00000410   Code   RO         3486    i.OneNet_RevPro     onenet.o
    0x08003b1c   0x08003b1c   0x0000006c   Code   RO         3487    i.OneNet_Subscribe  onenet.o
    0x08003b88   0x08003b88   0x00000002   Code   RO         3963    i.PendSV_Handler    stm32f10x_it.o
    0x08003b8a   0x08003b8a   0x00000002   PAD
    0x08003b8c   0x08003b8c   0x00000020   Code   RO         1704    i.RCC_APB1PeriphClockCmd  stm32f10x_rcc.o
    0x08003bac   0x08003bac   0x00000020   Code   RO         1706    i.RCC_APB2PeriphClockCmd  stm32f10x_rcc.o
    0x08003bcc   0x08003bcc   0x000000d4   Code   RO         1714    i.RCC_GetClocksFreq  stm32f10x_rcc.o
    0x08003ca0   0x08003ca0   0x00000002   Code   RO         3964    i.SVC_Handler       stm32f10x_it.o
    0x08003ca2   0x08003ca2   0x00000008   Code   RO         3549    i.SetSysClock       system_stm32f10x.o
    0x08003caa   0x08003caa   0x00000002   PAD
    0x08003cac   0x08003cac   0x000000e0   Code   RO         3550    i.SetSysClockTo72   system_stm32f10x.o
    0x08003d8c   0x08003d8c   0x00000002   Code   RO         3965    i.SysTick_Handler   stm32f10x_it.o
    0x08003d8e   0x08003d8e   0x00000002   PAD
    0x08003d90   0x08003d90   0x00000060   Code   RO         3552    i.SystemInit        system_stm32f10x.o
    0x08003df0   0x08003df0   0x000000a0   Code   RO         3893    i.USART1_IRQHandler  usart.o
    0x08003e90   0x08003e90   0x0000004c   Code   RO         3339    i.USART2_IRQHandler  esp8266.o
    0x08003edc   0x08003edc   0x00000012   Code   RO         2885    i.USART_ClearFlag   stm32f10x_usart.o
    0x08003eee   0x08003eee   0x0000001e   Code   RO         2886    i.USART_ClearITPendingBit  stm32f10x_usart.o
    0x08003f0c   0x08003f0c   0x00000018   Code   RO         2889    i.USART_Cmd         stm32f10x_usart.o
    0x08003f24   0x08003f24   0x0000001a   Code   RO         2892    i.USART_GetFlagStatus  stm32f10x_usart.o
    0x08003f3e   0x08003f3e   0x00000054   Code   RO         2893    i.USART_GetITStatus  stm32f10x_usart.o
    0x08003f92   0x08003f92   0x0000004a   Code   RO         2895    i.USART_ITConfig    stm32f10x_usart.o
    0x08003fdc   0x08003fdc   0x000000d8   Code   RO         2896    i.USART_Init        stm32f10x_usart.o
    0x080040b4   0x080040b4   0x0000000a   Code   RO         2903    i.USART_ReceiveData  stm32f10x_usart.o
    0x080040be   0x080040be   0x00000008   Code   RO         2906    i.USART_SendData    stm32f10x_usart.o
    0x080040c6   0x080040c6   0x00000004   Code   RO         3966    i.UsageFault_Handler  stm32f10x_it.o
    0x080040ca   0x080040ca   0x00000002   PAD
    0x080040cc   0x080040cc   0x000000b0   Code   RO         3894    i.Usart1_Init       usart.o
    0x0800417c   0x0800417c   0x000000ac   Code   RO         3895    i.Usart2_Init       usart.o
    0x08004228   0x08004228   0x00000048   Code   RO         3896    i.UsartPrintf       usart.o
    0x08004270   0x08004270   0x00000032   Code   RO         3899    i.Usart_SendString  usart.o
    0x080042a2   0x080042a2   0x00000028   Code   RO         4474    i.__ARM_fpclassify  m_ws.l(fpclassify.o)
    0x080042ca   0x080042ca   0x0000000e   Code   RO         4145    i._is_digit         c_w.l(__printf_wp.o)
    0x080042d8   0x080042d8   0x000001a4   Code   RO         4022    i.main              main.o
    0x0800447c   0x0800447c   0x0000002c   Code   RO         4451    locale$$code        c_w.l(lc_ctype_c.o)
    0x080044a8   0x080044a8   0x0000002c   Code   RO         4454    locale$$code        c_w.l(lc_numeric_c.o)
    0x080044d4   0x080044d4   0x00000004   Code   RO         4351    x$fpl$printf1       fz_ws.l(printf1.o)
    0x080044d8   0x080044d8   0x00000000   Code   RO         4353    x$fpl$usenofp       fz_ws.l(usenofp.o)
    0x080044d8   0x080044d8   0x000005f0   Data   RO         3721    .constdata          oled.o
    0x08004ac8   0x08004ac8   0x00000004   Data   RO         4023    .constdata          main.o
    0x08004acc   0x08004acc   0x00000011   Data   RO         4153    .constdata          c_w.l(__printf_flags_ss_wp.o)
    0x08004add   0x08004add   0x00000003   PAD
    0x08004ae0   0x08004ae0   0x00000008   Data   RO         4242    .constdata          c_w.l(_printf_wctomb.o)
    0x08004ae8   0x08004ae8   0x00000028   Data   RO         4271    .constdata          c_w.l(_printf_hex_int_ll_ptr.o)
    0x08004b10   0x08004b10   0x00000094   Data   RO         4426    .constdata          c_w.l(bigflt0.o)
    0x08004ba4   0x08004ba4   0x00000011   Data   RO         4024    .conststring        main.o
    0x08004bb5   0x08004bb5   0x00000003   PAD
    0x08004bb8   0x08004bb8   0x00000020   Data   RO         4538    Region$$Table       anon$$obj.o
    0x08004bd8   0x08004bd8   0x00000110   Data   RO         4450    locale$$data        c_w.l(lc_ctype_c.o)
    0x08004ce8   0x08004ce8   0x0000001c   Data   RO         4453    locale$$data        c_w.l(lc_numeric_c.o)


    Execution Region RW_IRAM1 (Exec base: 0x20000000, Load base: 0x08004d04, Size: 0x00000768, Max: 0x00005000, ABSOLUTE)

    Exec Addr    Load Addr    Size         Type   Attr      Idx    E Section Name        Object

    0x20000000   0x08004d04   0x00000014   Data   RW         1734    .data               stm32f10x_rcc.o
    0x20000014   0x08004d18   0x00000004   Data   RW         3341    .data               esp8266.o
    0x20000018   0x08004d1c   0x00000002   Data   RW         3488    .data               onenet.o
    0x2000001a   0x08004d1e   0x00000003   Data   RW         3901    .data               usart.o
    0x2000001d   0x08004d21   0x00000003   PAD
    0x20000020        -       0x00000080   Zero   RW         3340    .bss                esp8266.o
    0x200000a0        -       0x00000064   Zero   RW         3900    .bss                usart.o
    0x20000104        -       0x00000060   Zero   RW         4357    .bss                c_w.l(libspace.o)
    0x20000164   0x08004d21   0x00000004   PAD
    0x20000168        -       0x00000200   Zero   RW         3542    HEAP                startup_stm32f10x_md.o
    0x20000368        -       0x00000400   Zero   RW         3541    STACK               startup_stm32f10x_md.o


==============================================================================

Image component sizes


      Code (inc. data)   RO Data    RW Data    ZI Data      Debug   Object Name

        44          6          0          0          0        438   buzzer.o
        70          0          0          0          0        858   delay.o
       376         28          0          0          0       3746   dht11.o
       864        318          0          4        128      12903   esp8266.o
        84         18          0          0          0       1198   led.o
       496        166         21          0          0       1443   main.o
       132         22          0          0          0     232063   misc.o
      2956         34          0          0          0      18473   mqttkit.o
       814         22       1520          0          0       7121   oled.o
      1912        960          0          2          0       4813   onenet.o
        64         26        236          0       1536        792   startup_stm32f10x_md.o
         0          0          0          0          0       1624   stm32f10x_adc.o
       314          0          0          0          0      12108   stm32f10x_gpio.o
        26          0          0          0          0       3450   stm32f10x_it.o
       276         32          0         20          0      12782   stm32f10x_rcc.o
       490          6          0          0          0      12641   stm32f10x_usart.o
       328         28          0          0          0       1693   system_stm32f10x.o
       630         38          0          3        100       4475   usart.o

    ----------------------------------------------------------------------
      9896       1704       1812         32       1764     332621   Object Totals
         0          0         32          0          0          0   (incl. Generated)
        20          0          3          3          0          0   (incl. Padding)

    ----------------------------------------------------------------------

      Code (inc. data)   RO Data    RW Data    ZI Data      Debug   Library Member Name

        44          6          0          0          0         84   __2sprintf.o
         8          0          0          0          0         68   __main.o
       392          4         17          0          0         92   __printf_flags_ss_wp.o
        14          0          0          0          0         68   __printf_wp.o
         0          0          0          0          0          0   __rtentry.o
        12          0          0          0          0          0   __rtentry2.o
         6          0          0          0          0          0   __rtentry4.o
        52          8          0          0          0          0   __scatter.o
        26          0          0          0          0          0   __scatter_copy.o
        28          0          0          0          0          0   __scatter_zi.o
        28          0          0          0          0         68   _chval.o
         6          0          0          0          0          0   _printf_a.o
         6          0          0          0          0          0   _printf_c.o
        44          0          0          0          0        108   _printf_char.o
        48          6          0          0          0         96   _printf_char_common.o
        40          0          0          0          0         68   _printf_charcount.o
         6          0          0          0          0          0   _printf_d.o
       120         16          0          0          0         92   _printf_dec.o
         6          0          0          0          0          0   _printf_e.o
         6          0          0          0          0          0   _printf_f.o
      1054          0          0          0          0        216   _printf_fp_dec.o
       128         16          0          0          0         84   _printf_fp_infnan.o
         6          0          0          0          0          0   _printf_g.o
       148          4         40          0          0        160   _printf_hex_int_ll_ptr.o
         6          0          0          0          0          0   _printf_i.o
       178          0          0          0          0         88   _printf_intcommon.o
        10          0          0          0          0          0   _printf_l.o
         6          0          0          0          0          0   _printf_lc.o
        10          0          0          0          0          0   _printf_ll.o
         6          0          0          0          0          0   _printf_lld.o
         6          0          0          0          0          0   _printf_lli.o
         6          0          0          0          0          0   _printf_llo.o
         6          0          0          0          0          0   _printf_llu.o
         6          0          0          0          0          0   _printf_llx.o
       124         16          0          0          0         92   _printf_longlong_dec.o
         6          0          0          0          0          0   _printf_ls.o
         6          0          0          0          0          0   _printf_n.o
         6          0          0          0          0          0   _printf_o.o
       112         10          0          0          0        124   _printf_oct_int_ll.o
         6          0          0          0          0          0   _printf_p.o
        78          0          0          0          0        108   _printf_pad.o
         0          0          0          0          0          0   _printf_percent.o
         4          0          0          0          0          0   _printf_percent_end.o
         6          0          0          0          0          0   _printf_s.o
        82          0          0          0          0         80   _printf_str.o
        36          0          0          0          0         84   _printf_truncate.o
         6          0          0          0          0          0   _printf_u.o
        44          0          0          0          0        108   _printf_wchar.o
       188          6          8          0          0         92   _printf_wctomb.o
         6          0          0          0          0          0   _printf_x.o
        16          0          0          0          0         68   _snputc.o
        10          0          0          0          0         68   _sputc.o
       158          0          0          0          0         92   _strtoul.o
        64          0          0          0          0         92   _wcrtomb.o
        26          0          0          0          0         80   atoi.o
       228          4        148          0          0         96   bigflt0.o
      1936        128          0          0          0        672   btod.o
        52          4          0          0          0         80   c89vsnprintf.o
        10          0          0          0          0         68   defsig_exit.o
        50          0          0          0          0         88   defsig_general.o
        80         58          0          0          0         76   defsig_rtmem_inner.o
        14          0          0          0          0         80   defsig_rtmem_outer.o
        18          0          0          0          0         80   exit.o
        94          0          0          0          0         80   h1_alloc.o
        52          0          0          0          0         68   h1_extend.o
        78          0          0          0          0         80   h1_free.o
        14          0          0          0          0         84   h1_init.o
         6          0          0          0          0        152   heapauxi.o
         4          0          0          0          0        136   hguard.o
         0          0          0          0          0          0   indicate_semi.o
       138          0          0          0          0        168   init_alloc.o
        44         10        272          0          0         76   lc_ctype_c.o
        44         10         28          0          0         76   lc_numeric_c.o
         2          0          0          0          0          0   libinit.o
        38          0          0          0          0          0   libinit2.o
         2          0          0          0          0          0   libshutdown.o
         2          0          0          0          0          0   libshutdown2.o
         8          4          0          0         96         68   libspace.o
       138          0          0          0          0         80   lludiv10.o
         0          0          0          0          0          0   maybetermalloc1.o
        16          4          0          0          0         76   rt_ctype_table.o
         8          4          0          0          0         68   rt_errno_addr_intlibspace.o
         8          4          0          0          0         68   rt_heap_descriptor_intlibspace.o
         8          4          0          0          0         68   rt_locale_intlibspace.o
        68          0          0          0          0         68   rt_memclr.o
        78          0          0          0          0         80   rt_memclr_w.o
       138          0          0          0          0         68   rt_memcpy_v6.o
       100          0          0          0          0         80   rt_memcpy_w.o
         2          0          0          0          0          0   rtexit.o
        10          0          0          0          0          0   rtexit2.o
        20          0          0          0          0         68   strchr.o
       128          0          0          0          0         68   strcmpv7m.o
        62          0          0          0          0         76   strlen.o
        36          0          0          0          0         76   strncat.o
        36          0          0          0          0         80   strstr.o
       112          0          0          0          0         88   strtol.o
        12          4          0          0          0         68   sys_exit.o
        74          0          0          0          0         80   sys_stackheap_outer.o
        14          0          0          0          0         76   sys_wrch.o
         2          0          0          0          0         68   use_no_semi.o
         4          0          0          0          0         68   printf1.o
         0          0          0          0          0          0   usenofp.o
        40          0          0          0          0         68   fpclassify.o

    ----------------------------------------------------------------------
      7492        330        516          0        100       6148   Library Totals
        12          0          3          0          4          0   (incl. Padding)

    ----------------------------------------------------------------------

      Code (inc. data)   RO Data    RW Data    ZI Data      Debug   Library Name

      7436        330        513          0         96       6012   c_w.l
         4          0          0          0          0         68   fz_ws.l
        40          0          0          0          0         68   m_ws.l

    ----------------------------------------------------------------------
      7492        330        516          0        100       6148   Library Totals

    ----------------------------------------------------------------------

==============================================================================


      Code (inc. data)   RO Data    RW Data    ZI Data      Debug   

     17388       2034       2328         32       1864     330393   Grand Totals
     17388       2034       2328         32       1864     330393   ELF Image Totals
     17388       2034       2328         32          0          0   ROM Totals

==============================================================================

    Total RO  Size (Code + RO Data)                19716 (  19.25kB)
    Total RW  Size (RW Data + ZI Data)              1896 (   1.85kB)
    Total ROM Size (Code + RO Data + RW Data)      19748 (  19.29kB)

==============================================================================

