Component: ARM Compiler 5.06 update 7 (build 960) Tool: armlink [4d3601]

==============================================================================

Section Cross References

    stm32f10x_adc.o(i.ADC_DeInit) refers to stm32f10x_rcc.o(i.RCC_APB2PeriphResetCmd) for RCC_APB2PeriphResetCmd
    stm32f10x_bkp.o(i.BKP_DeInit) refers to stm32f10x_rcc.o(i.RCC_BackupResetCmd) for RCC_BackupResetCmd
    stm32f10x_can.o(i.CAN_DeInit) refers to stm32f10x_rcc.o(i.RCC_APB1PeriphResetCmd) for RCC_APB1PeriphResetCmd
    stm32f10x_can.o(i.CAN_GetITStatus) refers to stm32f10x_can.o(i.CheckITStatus) for CheckITStatus
    stm32f10x_cec.o(i.CEC_DeInit) refers to stm32f10x_rcc.o(i.RCC_APB1PeriphResetCmd) for RCC_APB1PeriphResetCmd
    stm32f10x_dac.o(i.DAC_DeInit) refers to stm32f10x_rcc.o(i.RCC_APB1PeriphResetCmd) for RCC_APB1PeriphResetCmd
    stm32f10x_flash.o(i.FLASH_EnableWriteProtection) refers to stm32f10x_flash.o(i.FLASH_WaitForLastOperation) for FLASH_WaitForLastOperation
    stm32f10x_flash.o(i.FLASH_EraseAllBank1Pages) refers to stm32f10x_flash.o(i.FLASH_WaitForLastBank1Operation) for FLASH_WaitForLastBank1Operation
    stm32f10x_flash.o(i.FLASH_EraseAllPages) refers to stm32f10x_flash.o(i.FLASH_WaitForLastOperation) for FLASH_WaitForLastOperation
    stm32f10x_flash.o(i.FLASH_EraseOptionBytes) refers to stm32f10x_flash.o(i.FLASH_GetReadOutProtectionStatus) for FLASH_GetReadOutProtectionStatus
    stm32f10x_flash.o(i.FLASH_EraseOptionBytes) refers to stm32f10x_flash.o(i.FLASH_WaitForLastOperation) for FLASH_WaitForLastOperation
    stm32f10x_flash.o(i.FLASH_ErasePage) refers to stm32f10x_flash.o(i.FLASH_WaitForLastOperation) for FLASH_WaitForLastOperation
    stm32f10x_flash.o(i.FLASH_ProgramHalfWord) refers to stm32f10x_flash.o(i.FLASH_WaitForLastOperation) for FLASH_WaitForLastOperation
    stm32f10x_flash.o(i.FLASH_ProgramOptionByteData) refers to stm32f10x_flash.o(i.FLASH_WaitForLastOperation) for FLASH_WaitForLastOperation
    stm32f10x_flash.o(i.FLASH_ProgramWord) refers to stm32f10x_flash.o(i.FLASH_WaitForLastOperation) for FLASH_WaitForLastOperation
    stm32f10x_flash.o(i.FLASH_ReadOutProtection) refers to stm32f10x_flash.o(i.FLASH_WaitForLastOperation) for FLASH_WaitForLastOperation
    stm32f10x_flash.o(i.FLASH_UserOptionByteConfig) refers to stm32f10x_flash.o(i.FLASH_WaitForLastOperation) for FLASH_WaitForLastOperation
    stm32f10x_flash.o(i.FLASH_WaitForLastBank1Operation) refers to stm32f10x_flash.o(i.FLASH_GetBank1Status) for FLASH_GetBank1Status
    stm32f10x_flash.o(i.FLASH_WaitForLastOperation) refers to stm32f10x_flash.o(i.FLASH_GetBank1Status) for FLASH_GetBank1Status
    stm32f10x_gpio.o(i.GPIO_AFIODeInit) refers to stm32f10x_rcc.o(i.RCC_APB2PeriphResetCmd) for RCC_APB2PeriphResetCmd
    stm32f10x_gpio.o(i.GPIO_DeInit) refers to stm32f10x_rcc.o(i.RCC_APB2PeriphResetCmd) for RCC_APB2PeriphResetCmd
    stm32f10x_i2c.o(i.I2C_DeInit) refers to stm32f10x_rcc.o(i.RCC_APB1PeriphResetCmd) for RCC_APB1PeriphResetCmd
    stm32f10x_i2c.o(i.I2C_Init) refers to stm32f10x_rcc.o(i.RCC_GetClocksFreq) for RCC_GetClocksFreq
    stm32f10x_pwr.o(i.PWR_DeInit) refers to stm32f10x_rcc.o(i.RCC_APB1PeriphResetCmd) for RCC_APB1PeriphResetCmd
    stm32f10x_rcc.o(i.RCC_GetClocksFreq) refers to stm32f10x_rcc.o(.data) for APBAHBPrescTable
    stm32f10x_rcc.o(i.RCC_WaitForHSEStartUp) refers to stm32f10x_rcc.o(i.RCC_GetFlagStatus) for RCC_GetFlagStatus
    stm32f10x_rtc.o(i.RTC_SetAlarm) refers to stm32f10x_rtc.o(i.RTC_EnterConfigMode) for RTC_EnterConfigMode
    stm32f10x_rtc.o(i.RTC_SetAlarm) refers to stm32f10x_rtc.o(i.RTC_ExitConfigMode) for RTC_ExitConfigMode
    stm32f10x_rtc.o(i.RTC_SetCounter) refers to stm32f10x_rtc.o(i.RTC_EnterConfigMode) for RTC_EnterConfigMode
    stm32f10x_rtc.o(i.RTC_SetCounter) refers to stm32f10x_rtc.o(i.RTC_ExitConfigMode) for RTC_ExitConfigMode
    stm32f10x_rtc.o(i.RTC_SetPrescaler) refers to stm32f10x_rtc.o(i.RTC_EnterConfigMode) for RTC_EnterConfigMode
    stm32f10x_rtc.o(i.RTC_SetPrescaler) refers to stm32f10x_rtc.o(i.RTC_ExitConfigMode) for RTC_ExitConfigMode
    stm32f10x_spi.o(i.I2S_Init) refers to stm32f10x_rcc.o(i.RCC_GetClocksFreq) for RCC_GetClocksFreq
    stm32f10x_spi.o(i.SPI_I2S_DeInit) refers to stm32f10x_rcc.o(i.RCC_APB2PeriphResetCmd) for RCC_APB2PeriphResetCmd
    stm32f10x_spi.o(i.SPI_I2S_DeInit) refers to stm32f10x_rcc.o(i.RCC_APB1PeriphResetCmd) for RCC_APB1PeriphResetCmd
    stm32f10x_tim.o(i.TIM_DeInit) refers to stm32f10x_rcc.o(i.RCC_APB2PeriphResetCmd) for RCC_APB2PeriphResetCmd
    stm32f10x_tim.o(i.TIM_DeInit) refers to stm32f10x_rcc.o(i.RCC_APB1PeriphResetCmd) for RCC_APB1PeriphResetCmd
    stm32f10x_tim.o(i.TIM_ETRClockMode1Config) refers to stm32f10x_tim.o(i.TIM_ETRConfig) for TIM_ETRConfig
    stm32f10x_tim.o(i.TIM_ETRClockMode2Config) refers to stm32f10x_tim.o(i.TIM_ETRConfig) for TIM_ETRConfig
    stm32f10x_tim.o(i.TIM_ICInit) refers to stm32f10x_tim.o(i.TI1_Config) for TI1_Config
[...]
    __rt_lib_init_fp_trap_1                  0x08000217   Thumb Code     0  libinit2.o(.ARM.Collect$$libinit$$0000001F)
    __rt_lib_init_getenv_1                   0x08000217   Thumb Code     0  libinit2.o(.ARM.Collect$$libinit$$00000023)
    __rt_lib_init_lc_numeric_1               0x08000217   Thumb Code     0  libinit2.o(.ARM.Collect$$libinit$$00000017)
    __rt_lib_init_lc_time_1                  0x08000217   Thumb Code     0  libinit2.o(.ARM.Collect$$libinit$$00000019)
    __rt_lib_init_return                     0x08000217   Thumb Code     0  libinit2.o(.ARM.Collect$$libinit$$00000033)
    __rt_lib_init_signal_1                   0x08000217   Thumb Code     0  libinit2.o(.ARM.Collect$$libinit$$0000001D)
    __rt_lib_init_stdio_1                    0x08000217   Thumb Code     0  libinit2.o(.ARM.Collect$$libinit$$00000025)
    __rt_lib_shutdown                        0x08000219   Thumb Code     0  libshutdown.o(.ARM.Collect$$libshutdown$$00000000)
    __rt_lib_shutdown_cpp_1                  0x0800021b   Thumb Code     0  libshutdown2.o(.ARM.Collect$$libshutdown$$00000004)
    __rt_lib_shutdown_fini_1                 0x0800021b   Thumb Code     0  libshutdown2.o(.ARM.Collect$$libshutdown$$00000002)
    __rt_lib_shutdown_fp_trap_1              0x0800021b   Thumb Code     0  libshutdown2.o(.ARM.Collect$$libshutdown$$00000009)
    __rt_lib_shutdown_heap_1                 0x0800021b   Thumb Code     0  libshutdown2.o(.ARM.Collect$$libshutdown$$00000011)
    __rt_lib_shutdown_return                 0x0800021b   Thumb Code     0  libshutdown2.o(.ARM.Collect$$libshutdown$$00000012)
    __rt_lib_shutdown_signal_1               0x0800021b   Thumb Code     0  libshutdown2.o(.ARM.Collect$$libshutdown$$0000000C)
    __rt_lib_shutdown_stdio_1                0x0800021b   Thumb Code     0  libshutdown2.o(.ARM.Collect$$libshutdown$$00000006)
    __rt_lib_shutdown_user_alloc_1           0x0800021b   Thumb Code     0  libshutdown2.o(.ARM.Collect$$libshutdown$$0000000E)
    __rt_entry                               0x0800021d   Thumb Code     0  __rtentry.o(.ARM.Collect$$rtentry$$00000000)
    __rt_entry_presh_1                       0x0800021d   Thumb Code     0  __rtentry2.o(.ARM.Collect$$rtentry$$00000002)
    __rt_entry_sh                            0x0800021d   Thumb Code     0  __rtentry4.o(.ARM.Collect$$rtentry$$00000004)
    __rt_entry_li                            0x08000223   Thumb Code     0  __rtentry2.o(.ARM.Collect$$rtentry$$0000000A)
    __rt_entry_postsh_1                      0x08000223   Thumb Code     0  __rtentry2.o(.ARM.Collect$$rtentry$$00000009)
    __rt_entry_main                          0x08000227   Thumb Code     0  __rtentry2.o(.ARM.Collect$$rtentry$$0000000D)
    __rt_entry_postli_1                      0x08000227   Thumb Code     0  __rtentry2.o(.ARM.Collect$$rtentry$$0000000C)
    __rt_exit                                0x0800022f   Thumb Code     0  rtexit.o(.ARM.Collect$$rtexit$$00000000)
    __rt_exit_ls                             0x08000231   Thumb Code     0  rtexit2.o(.ARM.Collect$$rtexit$$00000003)
    __rt_exit_prels_1                        0x08000231   Thumb Code     0  rtexit2.o(.ARM.Collect$$rtexit$$00000002)
    __rt_exit_exit                           0x08000235   Thumb Code     0  rtexit2.o(.ARM.Collect$$rtexit$$00000004)
    Reset_Handler                            0x0800023d   Thumb Code     8  startup_stm32f10x_md.o(.text)
    _maybe_terminate_alloc                   0x0800023d   Thumb Code     0  maybetermalloc1.o(.emb_text)
    ADC1_2_IRQHandler                        0x08000257   Thumb Code     0  startup_stm32f10x_md.o(.text)
    CAN1_RX1_IRQHandler                      0x08000257   Thumb Code     0  startup_stm32f10x_md.o(.text)
    CAN1_SCE_IRQHandler                      0x08000257   Thumb Code     0  startup_stm32f10x_md.o(.text)
    DMA1_Channel1_IRQHandler                 0x08000257   Thumb Code     0  startup_stm32f10x_md.o(.text)
    DMA1_Channel2_IRQHandler                 0x08000257   Thumb Code     0  startup_stm32f10x_md.o(.text)
    DMA1_Channel3_IRQHandler                 0x08000257   Thumb Code     0  startup_stm32f10x_md.o(.text)
    DMA1_Channel4_IRQHandler                 0x08000257   Thumb Code     0  startup_stm32f10x_md.o(.text)
    DMA1_Channel5_IRQHandler                 0x08000257   Thumb Code     0  startup_stm32f10x_md.o(.text)
    DMA1_Channel6_IRQHandler                 0x08000257   Thumb Code     0  startup_stm32f10x_md.o(.text)
    DMA1_Channel7_IRQHandler                 0x08000257   Thumb Code     0  startup_stm32f10x_md.o(.text)
    EXTI0_IRQHandler                         0x08000257   Thumb Code     0  startup_stm32f10x_md.o(.text)
    EXTI15_10_IRQHandler                     0x08000257   Thumb Code     0  startup_stm32f10x_md.o(.text)
    EXTI1_IRQHandler                         0x08000257   Thumb Code     0  startup_stm32f10x_md.o(.text)
    EXTI2_IRQHandler                         0x08000257   Thumb Code     0  startup_stm32f10x_md.o(.text)
    EXTI3_IRQHandler                         0x08000257   Thumb Code     0  startup_stm32f10x_md.o(.text)
    EXTI4_IRQHandler                         0x08000257   Thumb Code     0  startup_stm32f10x_md.o(.text)
    EXTI9_5_IRQHandler                       0x08000257   Thumb Code     0  startup_stm32f10x_md.o(.text)
    FLASH_IRQHandler                         0x08000257   Thumb Code     0  startup_stm32f10x_md.o(.text)
    I2C1_ER_IRQHandler                       0x08000257   Thumb Code     0  startup_stm32f10x_md.o(.text)
    I2C1_EV_IRQHandler                       0x08000257   Thumb Code     0  startup_stm32f10x_md.o(.text)
    I2C2_ER_IRQHandler                       0x08000257   Thumb Code     0  startup_stm32f10x_md.o(.text)
    I2C2_EV_IRQHandler                       0x08000257   Thumb Code     0  startup_stm32f10x_md.o(.text)
    PVD_IRQHandler                           0x08000257   Thumb Code     0  startup_stm32f10x_md.o(.text)
    RCC_IRQHandler                           0x08000257   Thumb Code     0  startup_stm32f10x_md.o(.text)
    RTCAlarm_IRQHandler                      0x08000257   Thumb Code     0  startup_stm32f10x_md.o(.text)
    RTC_IRQHandler                           0x08000257   Thumb Code     0  startup_stm32f10x_md.o(.text)
    SPI1_IRQHandler                          0x08000257   Thumb Code     0  startup_stm32f10x_md.o(.text)
    SPI2_IRQHandler                          0x08000257   Thumb Code     0  startup_stm32f10x_md.o(.text)
    TAMPER_IRQHandler                        0x08000257   Thumb Code     0  startup_stm32f10x_md.o(.text)
    TIM1_BRK_IRQHandler                      0x08000257   Thumb Code     0  startup_stm32f10x_md.o(.text)
    TIM1_CC_IRQHandler                       0x08000257   Thumb Code     0  startup_stm32f10x_md.o(.text)
    TIM1_TRG_COM_IRQHandler                  0x08000257   Thumb Code     0  startup_stm32f10x_md.o(.text)
    TIM1_UP_IRQHandler                       0x08000257   Thumb Code     0  startup_stm32f10x_md.o(.text)
    TIM2_IRQHandler                          0x08000257   Thumb Code     0  startup_stm32f10x_md.o(.text)
    TIM3_IRQHandler                          0x08000257   Thumb Code     0  startup_stm32f10x_md.o(.text)
    TIM4_IRQHandler                          0x08000257   Thumb Code     0  startup_stm32f10x_md.o(.text)
    USART3_IRQHandler                        0x08000257   Thumb Code     0  startup_stm32f10x_md.o(.text)
    USBWakeUp_IRQHandler                     0x08000257   Thumb Code     0  startup_stm32f10x_md.o(.text)
    USB_HP_CAN1_TX_IRQHandler                0x08000257   Thumb Code     0  startup_stm32f10x_md.o(.text)
    USB_LP_CAN1_RX0_IRQHandler               0x08000257   Thumb Code     0  startup_stm32f10x_md.o(.text)
    WWDG_IRQHandler                          0x08000257   Thumb Code     0  startup_stm32f10x_md.o(.text)
    __user_initial_stackheap                 0x08000259   Thumb Code     0  startup_stm32f10x_md.o(.text)
    malloc                                   0x0800027d   Thumb Code    94  h1_alloc.o(.text)
    free                                     0x080002db   Thumb Code    78  h1_free.o(.text)
    realloc                                  0x08000329   Thumb Code   184  h1_realloc.o(.text)
    tolower                                  0x080003e1   Thumb Code    26  tolower.o(.text)
    __c89vsnprintf                           0x080003fd   Thumb Code    48  c89vsnprintf.o(.text)
    __2sprintf                               0x08000431   Thumb Code    38  __2sprintf.o(.text)
    _printf_pre_padding                      0x0800045d   Thumb Code    44  _printf_pad.o(.text)
    _printf_post_padding                     0x08000489   Thumb Code    34  _printf_pad.o(.text)
    _printf_str                              0x080004ab   Thumb Code    82  _printf_str.o(.text)
    _printf_int_dec                          0x080004fd   Thumb Code   104  _printf_dec.o(.text)
    _printf_longlong_hex                     0x08000575   Thumb Code    86  _printf_hex_int_ll_ptr.o(.text)
    _printf_int_hex                          0x080005cb   Thumb Code    28  _printf_hex_int_ll_ptr.o(.text)
    _printf_ll_hex                           0x080005e7   Thumb Code    12  _printf_hex_int_ll_ptr.o(.text)
    _printf_hex_ptr                          0x080005f3   Thumb Code    18  _printf_hex_int_ll_ptr.o(.text)
    __printf                                 0x08000609   Thumb Code   388  __printf_flags_ss_wp.o(.text)
    atoi                                     0x08000791   Thumb Code    26  atoi.o(.text)
    strchr                                   0x080007ab   Thumb Code    20  strchr.o(.text)
    strncat                                  0x080007bf   Thumb Code    36  strncat.o(.text)
    strstr                                   0x080007e3   Thumb Code    36  strstr.o(.text)
    strlen                                   0x08000807   Thumb Code    62  strlen.o(.text)
    strncmp                                  0x08000845   Thumb Code   150  strncmp.o(.text)
    __aeabi_memcpy                           0x080008db   Thumb Code     0  rt_memcpy_v6.o(.text)
    __rt_memcpy                              0x080008db   Thumb Code   138  rt_memcpy_v6.o(.text)
    _memcpy_lastbytes                        0x08000941   Thumb Code     0  rt_memcpy_v6.o(.text)
    __aeabi_memcpy4                          0x08000965   Thumb Code     0  rt_memcpy_w.o(.text)
    __aeabi_memcpy8                          0x08000965   Thumb Code     0  rt_memcpy_w.o(.text)
    __rt_memcpy_w                            0x08000965   Thumb Code   100  rt_memcpy_w.o(.text)
    _memcpy_lastbytes_aligned                0x080009ad   Thumb Code     0  rt_memcpy_w.o(.text)
    __aeabi_memclr                           0x080009c9   Thumb Code     0  rt_memclr.o(.text)
    __rt_memclr                              0x080009c9   Thumb Code    68  rt_memclr.o(.text)
    _memset                                  0x080009cd   Thumb Code     0  rt_memclr.o(.text)
    __aeabi_memclr4                          0x08000a0d   Thumb Code     0  rt_memclr_w.o(.text)
    __aeabi_memclr8                          0x08000a0d   Thumb Code     0  rt_memclr_w.o(.text)
    __rt_memclr_w                            0x08000a0d   Thumb Code    78  rt_memclr_w.o(.text)
    _memset_w                                0x08000a11   Thumb Code     0  rt_memclr_w.o(.text)
    strcmp                                   0x08000a5d   Thumb Code   128  strcmpv7m.o(.text)
    __use_two_region_memory                  0x08000add   Thumb Code     2  heapauxi.o(.text)
    __rt_heap_escrow                         0x08000adf   Thumb Code     2  heapauxi.o(.text)
    __rt_heap_expand                         0x08000ae1   Thumb Code     2  heapauxi.o(.text)
    __rt_ctype_table                         0x08000ae5   Thumb Code    16  rt_ctype_table.o(.text)
    __rt_heap_descriptor                     0x08000af5   Thumb Code     8  rt_heap_descriptor_intlibspace.o(.text)
    __aeabi_errno_addr                       0x08000afd   Thumb Code     8  rt_errno_addr_intlibspace.o(.text)
    __errno$intlibspace                      0x08000afd   Thumb Code     0  rt_errno_addr_intlibspace.o(.text)
    __rt_errno_addr$intlibspace              0x08000afd   Thumb Code     0  rt_errno_addr_intlibspace.o(.text)
    __use_no_heap                            0x08000b05   Thumb Code     2  hguard.o(.text)
    __heap$guard                             0x08000b07   Thumb Code     2  hguard.o(.text)
    _terminate_user_alloc                    0x08000b09   Thumb Code     2  init_alloc.o(.text)
    _init_user_alloc                         0x08000b0b   Thumb Code     2  init_alloc.o(.text)
    __Heap_Full                              0x08000b0d   Thumb Code    34  init_alloc.o(.text)
    __Heap_Broken                            0x08000b2f   Thumb Code     6  init_alloc.o(.text)
    _init_alloc                              0x08000b35   Thumb Code    94  init_alloc.o(.text)
    __Heap_Initialize                        0x08000b93   Thumb Code    10  h1_init.o(.text)
    __Heap_DescSize                          0x08000b9d   Thumb Code     4  h1_init.o(.text)
    _printf_truncate_signed                  0x08000ba1   Thumb Code    18  _printf_truncate.o(.text)
    _printf_truncate_unsigned                0x08000bb3   Thumb Code    18  _printf_truncate.o(.text)
    _printf_int_common                       0x08000bc5   Thumb Code   178  _printf_intcommon.o(.text)
    _printf_charcount                        0x08000c77   Thumb Code    40  _printf_charcount.o(.text)
    __lib_sel_fp_printf                      0x08000c9f   Thumb Code     2  _printf_fp_dec.o(.text)
    _printf_fp_dec_real                      0x08000e51   Thumb Code   620  _printf_fp_dec.o(.text)
    _printf_char_common                      0x080010c7   Thumb Code    32  _printf_char_common.o(.text)
    _sputc                                   0x080010ed   Thumb Code    10  _sputc.o(.text)
    _snputc                                  0x080010f7   Thumb Code    16  _snputc.o(.text)
    _printf_cs_common                        0x08001107   Thumb Code    20  _printf_char.o(.text)
    _printf_char                             0x0800111b   Thumb Code    16  _printf_char.o(.text)
    _printf_string                           0x0800112b   Thumb Code     8  _printf_char.o(.text)
    _printf_wctomb                           0x08001135   Thumb Code   182  _printf_wctomb.o(.text)
    _printf_longlong_dec                     0x080011f1   Thumb Code   108  _printf_longlong_dec.o(.text)
    _printf_longlong_oct                     0x0800126d   Thumb Code    66  _printf_oct_int_ll.o(.text)
    _printf_int_oct                          0x080012af   Thumb Code    24  _printf_oct_int_ll.o(.text)
    _printf_ll_oct                           0x080012c7   Thumb Code    12  _printf_oct_int_ll.o(.text)
    _scanf_really_real                       0x08001529   Thumb Code   684  scanf_fp.o(.text)
    _sgetc                                   0x080017d5   Thumb Code    30  _sgetc.o(.text)
    _sbackspace                              0x080017f3   Thumb Code    34  _sgetc.o(.text)
    __strtod_int                             0x08001851   Thumb Code    90  strtod.o(.text)
    strtol                                   0x080018b9   Thumb Code   112  strtol.o(.text)
    __user_libspace                          0x08001929   Thumb Code     8  libspace.o(.text)
    __user_perproc_libspace                  0x08001929   Thumb Code     0  libspace.o(.text)
    __user_perthread_libspace                0x08001929   Thumb Code     0  libspace.o(.text)
    __rt_locale                              0x08001931   Thumb Code     8  rt_locale_intlibspace.o(.text)
    __Heap_ProvideMemory                     0x08001939   Thumb Code    52  h1_extend.o(.text)
    _ll_udiv10                               0x0800196d   Thumb Code   138  lludiv10.o(.text)
    isspace                                  0x080019f7   Thumb Code    18  isspace.o(.text)
    _printf_fp_infnan                        0x08001a09   Thumb Code   112  _printf_fp_infnan.o(.text)
    _printf_lcs_common                       0x08001a89   Thumb Code    20  _printf_wchar.o(.text)
    _printf_wchar                            0x08001a9d   Thumb Code    16  _printf_wchar.o(.text)
    _printf_wstring                          0x08001aad   Thumb Code     8  _printf_wchar.o(.text)
    _strtoul                                 0x08001ab5   Thumb Code   158  _strtoul.o(.text)
    _btod_etento                             0x08001b55   Thumb Code   224  bigflt0.o(.text)
    _wcrtomb                                 0x08001c39   Thumb Code    64  _wcrtomb.o(.text)
    __rt_SIGRTMEM                            0x08001c79   Thumb Code    14  defsig_rtmem_outer.o(.text)
    __I$use$semihosting                      0x08001c87   Thumb Code     0  use_no_semi.o(.text)
    __use_no_semihosting_swi                 0x08001c87   Thumb Code     2  use_no_semi.o(.text)
    __semihosting_library_function           0x08001c89   Thumb Code     0  indicate_semi.o(.text)
    __user_setup_stackheap                   0x08001c89   Thumb Code    74  sys_stackheap_outer.o(.text)
    __read_errno                             0x08001cd3   Thumb Code    10  _rserrno.o(.text)
    __set_errno                              0x08001cdd   Thumb Code    12  _rserrno.o(.text)
    _chval                                   0x08001ce9   Thumb Code    28  _chval.o(.text)
    _scanf_really_hex_real                   0x08001d05   Thumb Code   786  scanf_hexfp.o(.text)
    _scanf_really_infnan                     0x08002025   Thumb Code   292  scanf_infnan.o(.text)
    exit                                     0x08002159   Thumb Code    18  exit.o(.text)
    __sig_exit                               0x0800216b   Thumb Code    10  defsig_exit.o(.text)
    __rt_SIGRTMEM_inner                      0x08002175   Thumb Code    22  defsig_rtmem_inner.o(.text)
    _sys_exit                                0x080021c5   Thumb Code     8  sys_exit.o(.text)
    __aeabi_llsl                             0x080021d1   Thumb Code     0  llshl.o(.text)
    _ll_shift_l                              0x080021d1   Thumb Code    38  llshl.o(.text)
    __default_signal_display                 0x080021f7   Thumb Code    50  defsig_general.o(.text)
    _ttywrch                                 0x08002229   Thumb Code    14  sys_wrch.o(.text)
    _btod_d2e                                0x08002237   Thumb Code    62  btod.o(CL$$btod_d2e)
    _d2e_denorm_low                          0x08002275   Thumb Code    70  btod.o(CL$$btod_d2e_denorm_low)
    _d2e_norm_op1                            0x080022bb   Thumb Code    96  btod.o(CL$$btod_d2e_norm_op1)
    __btod_div_common                        0x0800231b   Thumb Code   696  btod.o(CL$$btod_div_common)
    _e2d                                     0x08002655   Thumb Code   122  btod.o(CL$$btod_e2d)
    _e2e                                     0x080026d9   Thumb Code   220  btod.o(CL$$btod_e2e)
    _btod_ediv                               0x080027b5   Thumb Code    42  btod.o(CL$$btod_ediv)
    _btod_edivd                              0x080027df   Thumb Code    42  btod.o(CL$$btod_edivd)
    _btod_emul                               0x08002809   Thumb Code    42  btod.o(CL$$btod_emul)
    _btod_emuld                              0x08002833   Thumb Code    42  btod.o(CL$$btod_emuld)
    __btod_mult_common                       0x0800285d   Thumb Code   580  btod.o(CL$$btod_mult_common)
    ADC_Cmd                                  0x08002aa1   Thumb Code    22  stm32f10x_adc.o(i.ADC_Cmd)
    ADC_GetCalibrationStatus                 0x08002ab7   Thumb Code    20  stm32f10x_adc.o(i.ADC_GetCalibrationStatus)
    ADC_GetConversionValue                   0x08002acb   Thumb Code     8  stm32f10x_adc.o(i.ADC_GetConversionValue)
    ADC_GetFlagStatus                        0x08002ad3   Thumb Code    18  stm32f10x_adc.o(i.ADC_GetFlagStatus)
    ADC_GetResetCalibrationStatus            0x08002ae5   Thumb Code    20  stm32f10x_adc.o(i.ADC_GetResetCalibrationStatus)
    ADC_Init                                 0x08002af9   Thumb Code    70  stm32f10x_adc.o(i.ADC_Init)
    ADC_RegularChannelConfig                 0x08002b49   Thumb Code   184  stm32f10x_adc.o(i.ADC_RegularChannelConfig)
    ADC_ResetCalibration                     0x08002c01   Thumb Code    10  stm32f10x_adc.o(i.ADC_ResetCalibration)
    ADC_SoftwareStartConvCmd                 0x08002c0b   Thumb Code    22  stm32f10x_adc.o(i.ADC_SoftwareStartConvCmd)
    ADC_StartCalibration                     0x08002c21   Thumb Code    10  stm32f10x_adc.o(i.ADC_StartCalibration)
    AD_GetValue                              0x08002c2d   Thumb Code    46  adc.o(i.AD_GetValue)
    AD_Init                                  0x08002c61   Thumb Code   138  adc.o(i.AD_Init)
    BusFault_Handler                         0x08002cf5   Thumb Code     4  stm32f10x_it.o(i.BusFault_Handler)
    Buzzer_Init                              0x08002cf9   Thumb Code   140  buzzer.o(i.Buzzer_Init)
    Buzzer_ON                                0x08002d8d   Thumb Code    30  buzzer.o(i.Buzzer_ON)
    DHT11_Init                               0x08002dd9   Thumb Code    16  dht11.o(i.DHT11_Init)
    DHT11_Read_TempAndHumidity               0x08002e89   Thumb Code   154  dht11.o(i.DHT11_Read_TempAndHumidity)
    DebugMon_Handler                         0x08002f29   Thumb Code     2  stm32f10x_it.o(i.DebugMon_Handler)
    Delay_ms                                 0x08002f2b   Thumb Code    24  delay.o(i.Delay_ms)
    Delay_us                                 0x08002f43   Thumb Code    46  delay.o(i.Delay_us)
    ESP8266_Clear                            0x08002f71   Thumb Code    18  esp8266.o(i.ESP8266_Clear)
    ESP8266_GetIPD                           0x08002f8d   Thumb Code    66  esp8266.o(i.ESP8266_GetIPD)
    ESP8266_Init                             0x08002fdd   Thumb Code   266  esp8266.o(i.ESP8266_Init)
    ESP8266_SendCmd                          0x080031ed   Thumb Code    76  esp8266.o(i.ESP8266_SendCmd)
    ESP8266_SendData                         0x08003241   Thumb Code    46  esp8266.o(i.ESP8266_SendData)
    ESP8266_WaitRecive                       0x08003289   Thumb Code    42  esp8266.o(i.ESP8266_WaitRecive)
    GPIO_Init                                0x080032bd   Thumb Code   278  stm32f10x_gpio.o(i.GPIO_Init)
    GPIO_ReadInputDataBit                    0x080033d3   Thumb Code    18  stm32f10x_gpio.o(i.GPIO_ReadInputDataBit)
    GPIO_ResetBits                           0x080033e5   Thumb Code     4  stm32f10x_gpio.o(i.GPIO_ResetBits)
    GPIO_SetBits                             0x080033e9   Thumb Code     4  stm32f10x_gpio.o(i.GPIO_SetBits)
    GPIO_WriteBit                            0x080033ed   Thumb Code    10  stm32f10x_gpio.o(i.GPIO_WriteBit)
    HardFault_Handler                        0x080033f7   Thumb Code     4  stm32f10x_it.o(i.HardFault_Handler)
    Hardware_Init                            0x080033fd   Thumb Code    60  main.o(i.Hardware_Init)
    LED_Init                                 0x08003451   Thumb Code    38  led.o(i.LED_Init)
    LED_OFF                                  0x0800347d   Thumb Code    14  led.o(i.LED_OFF)
    LED_ON                                   0x08003491   Thumb Code    14  led.o(i.LED_ON)
    MQTT_DeleteBuffer                        0x080034a5   Thumb Code    28  mqttkit.o(i.MQTT_DeleteBuffer)
    MQTT_DumpLength                          0x080034c1   Thumb Code    46  mqttkit.o(i.MQTT_DumpLength)
    MQTT_NewBuffer                           0x080034ef   Thumb Code    88  mqttkit.o(i.MQTT_NewBuffer)
    MQTT_PacketCmdResp                       0x08003549   Thumb Code   132  mqttkit.o(i.MQTT_PacketCmdResp)
    MQTT_PacketConnect                       0x080035d5   Thumb Code   666  mqttkit.o(i.MQTT_PacketConnect)
    MQTT_PacketPublish                       0x08003875   Thumb Code   440  mqttkit.o(i.MQTT_PacketPublish)
    MQTT_PacketPublishAck                    0x08003a2d   Thumb Code    72  mqttkit.o(i.MQTT_PacketPublishAck)
    MQTT_PacketPublishComp                   0x08003a75   Thumb Code    72  mqttkit.o(i.MQTT_PacketPublishComp)
    MQTT_PacketPublishRec                    0x08003abd   Thumb Code    72  mqttkit.o(i.MQTT_PacketPublishRec)
    MQTT_PacketPublishRel                    0x08003b05   Thumb Code    72  mqttkit.o(i.MQTT_PacketPublishRel)
    MQTT_PacketSubscribe                     0x08003b4d   Thumb Code   254  mqttkit.o(i.MQTT_PacketSubscribe)
    MQTT_ReadLength                          0x08003c4b   Thumb Code    70  mqttkit.o(i.MQTT_ReadLength)
    MQTT_UnPacketCmd                         0x08003c91   Thumb Code   140  mqttkit.o(i.MQTT_UnPacketCmd)
    MQTT_UnPacketConnectAck                  0x08003d1d   Thumb Code    30  mqttkit.o(i.MQTT_UnPacketConnectAck)
    MQTT_UnPacketPublish                     0x08003d3d   Thumb Code   438  mqttkit.o(i.MQTT_UnPacketPublish)
    MQTT_UnPacketPublishAck                  0x08003efd   Thumb Code    30  mqttkit.o(i.MQTT_UnPacketPublishAck)
    MQTT_UnPacketPublishComp                 0x08003f1b   Thumb Code    30  mqttkit.o(i.MQTT_UnPacketPublishComp)
    MQTT_UnPacketPublishRec                  0x08003f39   Thumb Code    30  mqttkit.o(i.MQTT_UnPacketPublishRec)
    MQTT_UnPacketPublishRel                  0x08003f57   Thumb Code    36  mqttkit.o(i.MQTT_UnPacketPublishRel)
    MQTT_UnPacketRecv                        0x08003f7d   Thumb Code   106  mqttkit.o(i.MQTT_UnPacketRecv)
    MQTT_UnPacketSubscribe                   0x08003ff1   Thumb Code    52  mqttkit.o(i.MQTT_UnPacketSubscribe)
    MQTT_UnPacketUnSubscribe                 0x08004025   Thumb Code    18  mqttkit.o(i.MQTT_UnPacketUnSubscribe)
    MemManage_Handler                        0x08004037   Thumb Code     4  stm32f10x_it.o(i.MemManage_Handler)
    NMI_Handler                              0x0800403b   Thumb Code     2  stm32f10x_it.o(i.NMI_Handler)
    NVIC_Init                                0x0800403d   Thumb Code   100  misc.o(i.NVIC_Init)
    NVIC_PriorityGroupConfig                 0x080040ad   Thumb Code    10  misc.o(i.NVIC_PriorityGroupConfig)
    OLED_Clear                               0x080040c1   Thumb Code    42  oled.o(i.OLED_Clear)
    OLED_I2C_Init                            0x080040ed   Thumb Code    76  oled.o(i.OLED_I2C_Init)
    OLED_I2C_SendByte                        0x0800413d   Thumb Code    80  oled.o(i.OLED_I2C_SendByte)
    OLED_I2C_Start                           0x08004191   Thumb Code    48  oled.o(i.OLED_I2C_Start)
    OLED_I2C_Stop                            0x080041c5   Thumb Code    36  oled.o(i.OLED_I2C_Stop)
    OLED_Init                                0x080041ed   Thumb Code   174  oled.o(i.OLED_Init)
    OLED_Pow                                 0x0800429b   Thumb Code    20  oled.o(i.OLED_Pow)
    OLED_SetCursor                           0x080042af   Thumb Code    34  oled.o(i.OLED_SetCursor)
    OLED_ShowChar                            0x080042d1   Thumb Code   110  oled.o(i.OLED_ShowChar)
    OLED_ShowNum                             0x08004345   Thumb Code    68  oled.o(i.OLED_ShowNum)
    OLED_ShowString                          0x08004389   Thumb Code    40  oled.o(i.OLED_ShowString)
    OLED_WriteCommand                        0x080043b1   Thumb Code    32  oled.o(i.OLED_WriteCommand)
    OLED_WriteData                           0x080043d1   Thumb Code    32  oled.o(i.OLED_WriteData)
    OneNet_DevLink                           0x080043f1   Thumb Code   212  onenet.o(i.OneNet_DevLink)
    OneNet_Publish                           0x08004655   Thumb Code    86  onenet.o(i.OneNet_Publish)
    OneNet_RevPro                            0x080046d1   Thumb Code   646  onenet.o(i.OneNet_RevPro)
    OneNet_Subscribe                         0x08004b31   Thumb Code    80  onenet.o(i.OneNet_Subscribe)
    PWM_Init                                 0x08004b9d   Thumb Code   146  pwm.o(i.PWM_Init)
    PWM_SetCompare2                          0x08004c35   Thumb Code    16  pwm.o(i.PWM_SetCompare2)
    PendSV_Handler                           0x08004c45   Thumb Code     2  stm32f10x_it.o(i.PendSV_Handler)
    RCC_ADCCLKConfig                         0x08004c49   Thumb Code    18  stm32f10x_rcc.o(i.RCC_ADCCLKConfig)
    RCC_APB1PeriphClockCmd                   0x08004c61   Thumb Code    26  stm32f10x_rcc.o(i.RCC_APB1PeriphClockCmd)
    RCC_APB2PeriphClockCmd                   0x08004c81   Thumb Code    26  stm32f10x_rcc.o(i.RCC_APB2PeriphClockCmd)
    RCC_GetClocksFreq                        0x08004ca1   Thumb Code   192  stm32f10x_rcc.o(i.RCC_GetClocksFreq)
    SVC_Handler                              0x08004d75   Thumb Code     2  stm32f10x_it.o(i.SVC_Handler)
    Servo_Init                               0x08004d77   Thumb Code     8  servo.o(i.Servo_Init)
    Servo_SetAngle                           0x08004d81   Thumb Code    48  servo.o(i.Servo_SetAngle)
    SysTick_Handler                          0x08004ea5   Thumb Code     2  stm32f10x_it.o(i.SysTick_Handler)
    SystemInit                               0x08004ea9   Thumb Code    78  system_stm32f10x.o(i.SystemInit)
    TIM_Cmd                                  0x08004f09   Thumb Code    24  stm32f10x_tim.o(i.TIM_Cmd)
    TIM_InternalClockConfig                  0x08004f21   Thumb Code    12  stm32f10x_tim.o(i.TIM_InternalClockConfig)
    TIM_OC1Init                              0x08004f2d   Thumb Code   132  stm32f10x_tim.o(i.TIM_OC1Init)
    TIM_OC2Init                              0x08004fc5   Thumb Code   154  stm32f10x_tim.o(i.TIM_OC2Init)
    TIM_OCStructInit                         0x08005069   Thumb Code    20  stm32f10x_tim.o(i.TIM_OCStructInit)
    TIM_SetCompare1                          0x0800507d   Thumb Code     4  stm32f10x_tim.o(i.TIM_SetCompare1)
    TIM_SetCompare2                          0x08005081   Thumb Code     4  stm32f10x_tim.o(i.TIM_SetCompare2)
    TIM_TimeBaseInit                         0x08005085   Thumb Code   122  stm32f10x_tim.o(i.TIM_TimeBaseInit)
    USART1_IRQHandler                        0x08005129   Thumb Code   140  usart.o(i.USART1_IRQHandler)
    USART2_IRQHandler                        0x080051c9   Thumb Code    62  esp8266.o(i.USART2_IRQHandler)
    USART_ClearFlag                          0x08005215   Thumb Code    18  stm32f10x_usart.o(i.USART_ClearFlag)
    USART_ClearITPendingBit                  0x08005227   Thumb Code    30  stm32f10x_usart.o(i.USART_ClearITPendingBit)
    USART_Cmd                                0x08005245   Thumb Code    24  stm32f10x_usart.o(i.USART_Cmd)
    USART_GetFlagStatus                      0x0800525d   Thumb Code    26  stm32f10x_usart.o(i.USART_GetFlagStatus)
    USART_GetITStatus                        0x08005277   Thumb Code    84  stm32f10x_usart.o(i.USART_GetITStatus)
    USART_ITConfig                           0x080052cb   Thumb Code    74  stm32f10x_usart.o(i.USART_ITConfig)
    USART_Init                               0x08005315   Thumb Code   210  stm32f10x_usart.o(i.USART_Init)
    USART_ReceiveData                        0x080053ed   Thumb Code    10  stm32f10x_usart.o(i.USART_ReceiveData)
    USART_SendData                           0x080053f7   Thumb Code     8  stm32f10x_usart.o(i.USART_SendData)
    UsageFault_Handler                       0x080053ff   Thumb Code     4  stm32f10x_it.o(i.UsageFault_Handler)
    Usart1_Init                              0x08005405   Thumb Code   168  usart.o(i.Usart1_Init)
    Usart2_Init                              0x080054b5   Thumb Code   162  usart.o(i.Usart2_Init)
    UsartPrintf                              0x08005561   Thumb Code    72  usart.o(i.UsartPrintf)
    Usart_SendString                         0x080055a9   Thumb Code    50  usart.o(i.Usart_SendString)
    __ARM_fpclassify                         0x080055db   Thumb Code    40  fpclassify.o(i.__ARM_fpclassify)
    __mathlib_dbl_overflow                   0x08005603   Thumb Code    14  dunder.o(i.__mathlib_dbl_overflow)
    __mathlib_dbl_underflow                  0x08005611   Thumb Code    10  dunder.o(i.__mathlib_dbl_underflow)
    __mathlib_narrow                         0x08005621   Thumb Code    16  narrow.o(i.__mathlib_narrow)
    __mathlib_tofloat                        0x08005631   Thumb Code   184  narrow.o(i.__mathlib_tofloat)
    __support_ldexp                          0x080056ed   Thumb Code    22  ldexp.o(i.__support_ldexp)
    _is_digit                                0x08005703   Thumb Code    14  __printf_wp.o(i._is_digit)
    cJSON_Delete                             0x08005759   Thumb Code    84  cjson.o(i.cJSON_Delete)
    cJSON_GetErrorPtr                        0x080057b1   Thumb Code    12  cjson.o(i.cJSON_GetErrorPtr)
    cJSON_GetObjectItem                      0x080057c1   Thumb Code    18  cjson.o(i.cJSON_GetObjectItem)
    cJSON_Parse                              0x080057ed   Thumb Code    16  cjson.o(i.cJSON_Parse)
    cJSON_ParseWithLengthOpts                0x080057fd   Thumb Code   204  cjson.o(i.cJSON_ParseWithLengthOpts)
    cJSON_ParseWithOpts                      0x080058d1   Thumb Code    40  cjson.o(i.cJSON_ParseWithOpts)
    frexp                                    0x08005941   Thumb Code    80  frexp.o(i.frexp)
    ldexp                                    0x080059ef   Thumb Code   116  ldexp.o(i.ldexp)
    main                                     0x08005a65   Thumb Code   400  main.o(i.main)
    strtod                                   0x08006325   Thumb Code    28  strtod.o(i.strtod)
    _get_lc_ctype                            0x0800646d   Thumb Code    44  lc_ctype_c.o(locale$$code)
    _get_lc_numeric                          0x08006499   Thumb Code    44  lc_numeric_c.o(locale$$code)
    __aeabi_d2f                              0x080064c5   Thumb Code     0  d2f.o(x$fpl$d2f)
    _d2f                                     0x080064c5   Thumb Code    98  d2f.o(x$fpl$d2f)
    __fpl_dcheck_NaN1                        0x08006529   Thumb Code    10  dcheck1.o(x$fpl$dcheck1)
    __fpl_dcmp_Inf                           0x08006539   Thumb Code    24  dcmpi.o(x$fpl$dcmpinf)
    __aeabi_cdcmpeq                          0x08006551   Thumb Code     0  deqf.o(x$fpl$deqf)
    _dcmpeq                                  0x08006551   Thumb Code   120  deqf.o(x$fpl$deqf)
    __aeabi_d2iz                             0x080065c9   Thumb Code     0  dfix.o(x$fpl$dfix)
    _dfix                                    0x080065c9   Thumb Code    94  dfix.o(x$fpl$dfix)
    __aeabi_cdcmple                          0x08006629   Thumb Code     0  dleqf.o(x$fpl$dleqf)
    _dcmple                                  0x08006629   Thumb Code   120  dleqf.o(x$fpl$dleqf)
    __fpl_dcmple_InfNaN                      0x0800668b   Thumb Code     0  dleqf.o(x$fpl$dleqf)
    __fpl_dnaninf                            0x080066a1   Thumb Code   156  dnaninf.o(x$fpl$dnaninf)
    __aeabi_cdrcmple                         0x0800673d   Thumb Code     0  drleqf.o(x$fpl$drleqf)
    _drcmple                                 0x0800673d   Thumb Code   108  drleqf.o(x$fpl$drleqf)
    __aeabi_fadd                             0x080067a9   Thumb Code     0  faddsub_clz.o(x$fpl$fadd)
    _fadd                                    0x080067a9   Thumb Code   196  faddsub_clz.o(x$fpl$fadd)
    __aeabi_fdiv                             0x0800686d   Thumb Code     0  fdiv.o(x$fpl$fdiv)
    _fdiv                                    0x0800686d   Thumb Code   384  fdiv.o(x$fpl$fdiv)
    __aeabi_f2uiz                            0x080069f1   Thumb Code     0  ffixu.o(x$fpl$ffixu)
    _ffixu                                   0x080069f1   Thumb Code    62  ffixu.o(x$fpl$ffixu)
    __aeabi_fmul                             0x08006a31   Thumb Code     0  fmul.o(x$fpl$fmul)
    _fmul                                    0x08006a31   Thumb Code   258  fmul.o(x$fpl$fmul)
    __fpl_fnaninf                            0x08006b33   Thumb Code   140  fnaninf.o(x$fpl$fnaninf)
    __fpl_fretinf                            0x08006bbf   Thumb Code    10  fretinf.o(x$fpl$fretinf)
    __aeabi_fsub                             0x08006bc9   Thumb Code     0  faddsub_clz.o(x$fpl$fsub)
    _fsub                                    0x08006bc9   Thumb Code   234  faddsub_clz.o(x$fpl$fsub)
    __ieee_status                            0x08006cb3   Thumb Code     6  istatus.o(x$fpl$ieeestatus)
    _printf_fp_dec                           0x08006cb9   Thumb Code     4  printf1.o(x$fpl$printf1)
    __fpl_return_NaN                         0x08006cbd   Thumb Code   100  retnan.o(x$fpl$retnan)
    __ARM_scalbn                             0x08006d21   Thumb Code    92  scalbn.o(x$fpl$scalbn)
    _scanf_real                              0x08006d7d   Thumb Code     4  scanf1.o(x$fpl$scanf1)
    _scanf_hex_real                          0x08006d81   Thumb Code     4  scanf2.o(x$fpl$scanf2)
    _scanf_infnan                            0x08006d85   Thumb Code     4  scanf2.o(x$fpl$scanf2)
    __fpl_cmpreturn                          0x08006d89   Thumb Code    48  trapv.o(x$fpl$trapveneer)
    OLED_F8x16                               0x08006db8   Data        1520  oled.o(.constdata)
    __I$use$fp                               0x08006db8   Number         0  usenofp.o(x$fpl$usenofp)
    Region$$Table$$Base                      0x0800748c   Number         0  anon$$obj.o(Region$$Table)
    Region$$Table$$Limit                     0x080074ac   Number         0  anon$$obj.o(Region$$Table)
    __aeabi_HUGE_VAL                         0x080074ac   Data           0  fpconst.o(c$$dinf)
    __aeabi_HUGE_VALL                        0x080074ac   Data           0  fpconst.o(c$$dinf)
    __aeabi_INFINITY                         0x080074ac   Data           0  fpconst.o(c$$dinf)
    __dInf                                   0x080074ac   Data           0  fpconst.o(c$$dinf)
    __huge_val                               0x080074ac   Data           0  fpconst.o(c$$dinf)
    __dbl_max                                0x080074b4   Data           0  fpconst.o(c$$dmax)
    __ctype                                  0x080074c9   Data           0  lc_ctype_c.o(locale$$data)
    esp8266_cnt                              0x20000014   Data           2  esp8266.o(.data)
    esp8266_cntPre                           0x20000016   Data           2  esp8266.o(.data)
    Usart_RxFlag                             0x20000030   Data           1  usart.o(.data)
    esp8266_buf                              0x20000034   Data         128  esp8266.o(.bss)
    Usart_RxPacket                           0x200000b4   Data         100  usart.o(.bss)
    __libspace_start                         0x20000118   Data          96  libspace.o(.bss)
    __temporary_stack_top$libspace           0x20000178   Data           0  libspace.o(.bss)



==============================================================================

Memory Map of the image

  Image Entry point : 0x080000ed

  Load Region LR_IROM1 (Base: 0x08000000, Size: 0x0000761c, Max: 0x00010000, ABSOLUTE)

    Execution Region ER_IROM1 (Exec base: 0x08000000, Load base: 0x08000000, Size: 0x000075e8, Max: 0x00010000, ABSOLUTE)

    Exec Addr    Load Addr    Size         Type   Attr      Idx    E Section Name        Object

    0x08000000   0x08000000   0x000000ec   Data   RO         4145    RESET               startup_stm32f10x_md.o
    0x080000ec   0x080000ec   0x00000008   Code   RO         4825  * !!!main             c_w.l(__main.o)
    0x080000f4   0x080000f4   0x00000034   Code   RO         5278    !!!scatter          c_w.l(__scatter.o)
    0x08000128   0x08000128   0x0000001a   Code   RO         5280    !!handler_copy      c_w.l(__scatter_copy.o)
    0x08000142   0x08000142   0x00000002   PAD
    0x08000144   0x08000144   0x0000001c   Code   RO         5282    !!handler_zi        c_w.l(__scatter_zi.o)
    0x08000160   0x08000160   0x00000000   Code   RO         4796    .ARM.Collect$$_printf_percent$$00000000  c_w.l(_printf_percent.o)
    0x08000160   0x08000160   0x00000006   Code   RO         4940    .ARM.Collect$$_printf_percent$$00000001  c_w.l(_printf_n.o)
    0x08000166   0x08000166   0x00000006   Code   RO         4941    .ARM.Collect$$_printf_percent$$00000002  c_w.l(_printf_p.o)
    0x0800016c   0x0800016c   0x00000006   Code   RO         4944    .ARM.Collect$$_printf_percent$$00000003  c_w.l(_printf_f.o)
    0x08000172   0x08000172   0x00000006   Code   RO         4945    .ARM.Collect$$_printf_percent$$00000004  c_w.l(_printf_e.o)
    0x08000178   0x08000178   0x00000006   Code   RO         4795    .ARM.Collect$$_printf_percent$$00000005  c_w.l(_printf_g.o)
    0x0800017e   0x0800017e   0x00000006   Code   RO         4946    .ARM.Collect$$_printf_percent$$00000006  c_w.l(_printf_a.o)
    0x08000184   0x08000184   0x0000000a   Code   RO         4951    .ARM.Collect$$_printf_percent$$00000007  c_w.l(_printf_ll.o)
    0x0800018e   0x0800018e   0x00000006   Code   RO         4793    .ARM.Collect$$_printf_percent$$00000008  c_w.l(_printf_i.o)
    0x08000194   0x08000194   0x00000006   Code   RO         4794    .ARM.Collect$$_printf_percent$$00000009  c_w.l(_printf_d.o)
    0x0800019a   0x0800019a   0x00000006   Code   RO         4943    .ARM.Collect$$_printf_percent$$0000000A  c_w.l(_printf_u.o)
    0x080001a0   0x080001a0   0x00000006   Code   RO         4942    .ARM.Collect$$_printf_percent$$0000000B  c_w.l(_printf_o.o)
    0x080001a6   0x080001a6   0x00000006   Code   RO         4792    .ARM.Collect$$_printf_percent$$0000000C  c_w.l(_printf_x.o)
    0x080001ac   0x080001ac   0x00000006   Code   RO         4948    .ARM.Collect$$_printf_percent$$0000000D  c_w.l(_printf_lli.o)
    0x080001b2   0x080001b2   0x00000006   Code   RO         4949    .ARM.Collect$$_printf_percent$$0000000E  c_w.l(_printf_lld.o)
    0x080001b8   0x080001b8   0x00000006   Code   RO         4950    .ARM.Collect$$_printf_percent$$0000000F  c_w.l(_printf_llu.o)
    0x080001be   0x080001be   0x00000006   Code   RO         4955    .ARM.Collect$$_printf_percent$$00000010  c_w.l(_printf_llo.o)
    0x080001c4   0x080001c4   0x00000006   Code   RO         4956    .ARM.Collect$$_printf_percent$$00000011  c_w.l(_printf_llx.o)
    0x080001ca   0x080001ca   0x0000000a   Code   RO         4952    .ARM.Collect$$_printf_percent$$00000012  c_w.l(_printf_l.o)
    0x080001d4   0x080001d4   0x00000006   Code   RO         4939    .ARM.Collect$$_printf_percent$$00000013  c_w.l(_printf_c.o)
    0x080001da   0x080001da   0x00000006   Code   RO         4791    .ARM.Collect$$_printf_percent$$00000014  c_w.l(_printf_s.o)
    0x080001e0   0x080001e0   0x00000006   Code   RO         4953    .ARM.Collect$$_printf_percent$$00000015  c_w.l(_printf_lc.o)
    0x080001e6   0x080001e6   0x00000006   Code   RO         4954    .ARM.Collect$$_printf_percent$$00000016  c_w.l(_printf_ls.o)
    0x080001ec   0x080001ec   0x00000004   Code   RO         4947    .ARM.Collect$$_printf_percent$$00000017  c_w.l(_printf_percent_end.o)
    0x080001f0   0x080001f0   0x00000002   Code   RO         5168    .ARM.Collect$$libinit$$00000000  c_w.l(libinit.o)
    0x080001f2   0x080001f2   0x00000000   Code   RO         4970    .ARM.Collect$$libinit$$00000002  c_w.l(libinit2.o)
    0x080001f2   0x080001f2   0x00000000   Code   RO         4972    .ARM.Collect$$libinit$$00000004  c_w.l(libinit2.o)
    0x080001f2   0x080001f2   0x00000008   Code   RO         4973    .ARM.Collect$$libinit$$00000005  c_w.l(libinit2.o)
    0x080001fa   0x080001fa   0x00000000   Code   RO         4975    .ARM.Collect$$libinit$$0000000A  c_w.l(libinit2.o)
    0x080001fa   0x080001fa   0x00000000   Code   RO         4977    .ARM.Collect$$libinit$$0000000C  c_w.l(libinit2.o)
    0x080001fa   0x080001fa   0x00000000   Code   RO         4979    .ARM.Collect$$libinit$$0000000E  c_w.l(libinit2.o)
    0x080001fa   0x080001fa   0x00000006   Code   RO         4980    .ARM.Collect$$libinit$$0000000F  c_w.l(libinit2.o)
    0x08000200   0x08000200   0x00000000   Code   RO         4982    .ARM.Collect$$libinit$$00000011  c_w.l(libinit2.o)
    0x08000200   0x08000200   0x0000000c   Code   RO         4983    .ARM.Collect$$libinit$$00000012  c_w.l(libinit2.o)
    0x0800020c   0x0800020c   0x00000000   Code   RO         4984    .ARM.Collect$$libinit$$00000013  c_w.l(libinit2.o)
    0x0800020c   0x0800020c   0x00000000   Code   RO         4986    .ARM.Collect$$libinit$$00000015  c_w.l(libinit2.o)
    0x0800020c   0x0800020c   0x0000000a   Code   RO         4987    .ARM.Collect$$libinit$$00000016  c_w.l(libinit2.o)
    0x08000216   0x08000216   0x00000000   Code   RO         4988    .ARM.Collect$$libinit$$00000017  c_w.l(libinit2.o)
    0x08000216   0x08000216   0x00000000   Code   RO         4990    .ARM.Collect$$libinit$$00000019  c_w.l(libinit2.o)
    0x08000216   0x08000216   0x00000000   Code   RO         4992    .ARM.Collect$$libinit$$0000001B  c_w.l(libinit2.o)
    0x08000216   0x08000216   0x00000000   Code   RO         4994    .ARM.Collect$$libinit$$0000001D  c_w.l(libinit2.o)
    0x08000216   0x08000216   0x00000000   Code   RO         4996    .ARM.Collect$$libinit$$0000001F  c_w.l(libinit2.o)
    0x08000216   0x08000216   0x00000000   Code   RO         4998    .ARM.Collect$$libinit$$00000021  c_w.l(libinit2.o)
    0x08000216   0x08000216   0x00000000   Code   RO         5000    .ARM.Collect$$libinit$$00000023  c_w.l(libinit2.o)
    0x08000216   0x08000216   0x00000000   Code   RO         5002    .ARM.Collect$$libinit$$00000025  c_w.l(libinit2.o)
    0x08000216   0x08000216   0x00000000   Code   RO         5006    .ARM.Collect$$libinit$$0000002C  c_w.l(libinit2.o)
    0x08000216   0x08000216   0x00000000   Code   RO         5008    .ARM.Collect$$libinit$$0000002E  c_w.l(libinit2.o)
    0x08000216   0x08000216   0x00000000   Code   RO         5010    .ARM.Collect$$libinit$$00000030  c_w.l(libinit2.o)
    0x08000216   0x08000216   0x00000000   Code   RO         5012    .ARM.Collect$$libinit$$00000032  c_w.l(libinit2.o)
    0x08000216   0x08000216   0x00000002   Code   RO         5013    .ARM.Collect$$libinit$$00000033  c_w.l(libinit2.o)
    0x08000218   0x08000218   0x00000002   Code   RO         5267    .ARM.Collect$$libshutdown$$00000000  c_w.l(libshutdown.o)
    0x0800021a   0x0800021a   0x00000000   Code   RO         5190    .ARM.Collect$$libshutdown$$00000002  c_w.l(libshutdown2.o)
    0x0800021a   0x0800021a   0x00000000   Code   RO         5192    .ARM.Collect$$libshutdown$$00000004  c_w.l(libshutdown2.o)
    0x0800021a   0x0800021a   0x00000000   Code   RO         5194    .ARM.Collect$$libshutdown$$00000006  c_w.l(libshutdown2.o)
    0x0800021a   0x0800021a   0x00000000   Code   RO         5197    .ARM.Collect$$libshutdown$$00000009  c_w.l(libshutdown2.o)
    0x0800021a   0x0800021a   0x00000000   Code   RO         5200    .ARM.Collect$$libshutdown$$0000000C  c_w.l(libshutdown2.o)
    0x0800021a   0x0800021a   0x00000000   Code   RO         5202    .ARM.Collect$$libshutdown$$0000000E  c_w.l(libshutdown2.o)
    0x0800021a   0x0800021a   0x00000000   Code   RO         5205    .ARM.Collect$$libshutdown$$00000011  c_w.l(libshutdown2.o)
    0x0800021a   0x0800021a   0x00000002   Code   RO         5206    .ARM.Collect$$libshutdown$$00000012  c_w.l(libshutdown2.o)
    0x0800021c   0x0800021c   0x00000000   Code   RO         4879    .ARM.Collect$$rtentry$$00000000  c_w.l(__rtentry.o)
    0x0800021c   0x0800021c   0x00000000   Code   RO         5031    .ARM.Collect$$rtentry$$00000002  c_w.l(__rtentry2.o)
    0x0800021c   0x0800021c   0x00000006   Code   RO         5043    .ARM.Collect$$rtentry$$00000004  c_w.l(__rtentry4.o)
    0x08000222   0x08000222   0x00000000   Code   RO         5033    .ARM.Collect$$rtentry$$00000009  c_w.l(__rtentry2.o)
    0x08000222   0x08000222   0x00000004   Code   RO         5034    .ARM.Collect$$rtentry$$0000000A  c_w.l(__rtentry2.o)
    0x08000226   0x08000226   0x00000000   Code   RO         5036    .ARM.Collect$$rtentry$$0000000C  c_w.l(__rtentry2.o)
    0x08000226   0x08000226   0x00000008   Code   RO         5037    .ARM.Collect$$rtentry$$0000000D  c_w.l(__rtentry2.o)
    0x0800022e   0x0800022e   0x00000002   Code   RO         5177    .ARM.Collect$$rtexit$$00000000  c_w.l(rtexit.o)
    0x08000230   0x08000230   0x00000000   Code   RO         5224    .ARM.Collect$$rtexit$$00000002  c_w.l(rtexit2.o)
    0x08000230   0x08000230   0x00000004   Code   RO         5225    .ARM.Collect$$rtexit$$00000003  c_w.l(rtexit2.o)
    0x08000234   0x08000234   0x00000006   Code   RO         5226    .ARM.Collect$$rtexit$$00000004  c_w.l(rtexit2.o)
    0x0800023a   0x0800023a   0x00000002   PAD
    0x0800023c   0x0800023c   0x00000000   Code   RO         5052    .emb_text           c_w.l(maybetermalloc1.o)
    0x0800023c   0x0800023c   0x00000040   Code   RO         4146    .text               startup_stm32f10x_md.o
    0x0800027c   0x0800027c   0x0000005e   Code   RO         4672    .text               c_w.l(h1_alloc.o)
    0x080002da   0x080002da   0x0000004e   Code   RO         4674    .text               c_w.l(h1_free.o)
    0x08000328   0x08000328   0x000000b8   Code   RO         4676    .text               c_w.l(h1_realloc.o)
    0x080003e0   0x080003e0   0x0000001a   Code   RO         4734    .text               c_w.l(tolower.o)
    0x080003fa   0x080003fa   0x00000002   PAD
    0x080003fc   0x080003fc   0x00000034   Code   RO         4736    .text               c_w.l(c89vsnprintf.o)
    0x08000430   0x08000430   0x0000002c   Code   RO         4738    .text               c_w.l(__2sprintf.o)
    0x0800045c   0x0800045c   0x0000004e   Code   RO         4744    .text               c_w.l(_printf_pad.o)
    0x080004aa   0x080004aa   0x00000052   Code   RO         4746    .text               c_w.l(_printf_str.o)
    0x080004fc   0x080004fc   0x00000078   Code   RO         4748    .text               c_w.l(_printf_dec.o)
    0x08000574   0x08000574   0x00000094   Code   RO         4768    .text               c_w.l(_printf_hex_int_ll_ptr.o)
    0x08000608   0x08000608   0x00000188   Code   RO         4788    .text               c_w.l(__printf_flags_ss_wp.o)
    0x08000790   0x08000790   0x0000001a   Code   RO         4799    .text               c_w.l(atoi.o)
    0x080007aa   0x080007aa   0x00000014   Code   RO         4801    .text               c_w.l(strchr.o)
    0x080007be   0x080007be   0x00000024   Code   RO         4803    .text               c_w.l(strncat.o)
    0x080007e2   0x080007e2   0x00000024   Code   RO         4805    .text               c_w.l(strstr.o)
    0x08000806   0x08000806   0x0000003e   Code   RO         4809    .text               c_w.l(strlen.o)
    0x08000844   0x08000844   0x00000096   Code   RO         4811    .text               c_w.l(strncmp.o)
    0x080008da   0x080008da   0x0000008a   Code   RO         4813    .text               c_w.l(rt_memcpy_v6.o)
    0x08000964   0x08000964   0x00000064   Code   RO         4815    .text               c_w.l(rt_memcpy_w.o)
    0x080009c8   0x080009c8   0x00000044   Code   RO         4817    .text               c_w.l(rt_memclr.o)
    0x08000a0c   0x08000a0c   0x0000004e   Code   RO         4819    .text               c_w.l(rt_memclr_w.o)
    0x08000a5a   0x08000a5a   0x00000002   PAD
    0x08000a5c   0x08000a5c   0x00000080   Code   RO         4821    .text               c_w.l(strcmpv7m.o)
    0x08000adc   0x08000adc   0x00000006   Code   RO         4823    .text               c_w.l(heapauxi.o)
    0x08000ae2   0x08000ae2   0x00000002   PAD
    0x08000ae4   0x08000ae4   0x00000010   Code   RO         4880    .text               c_w.l(rt_ctype_table.o)
    0x08000af4   0x08000af4   0x00000008   Code   RO         4885    .text               c_w.l(rt_heap_descriptor_intlibspace.o)
    0x08000afc   0x08000afc   0x00000008   Code   RO         4890    .text               c_w.l(rt_errno_addr_intlibspace.o)
    0x08000b04   0x08000b04   0x00000004   Code   RO         4892    .text               c_w.l(hguard.o)
    0x08000b08   0x08000b08   0x0000008a   Code   RO         4894    .text               c_w.l(init_alloc.o)
    0x08000b92   0x08000b92   0x0000000e   Code   RO         4898    .text               c_w.l(h1_init.o)
    0x08000ba0   0x08000ba0   0x00000024   Code   RO         4912    .text               c_w.l(_printf_truncate.o)
    0x08000bc4   0x08000bc4   0x000000b2   Code   RO         4914    .text               c_w.l(_printf_intcommon.o)
    0x08000c76   0x08000c76   0x00000028   Code   RO         4916    .text               c_w.l(_printf_charcount.o)
    0x08000c9e   0x08000c9e   0x0000041e   Code   RO         4918    .text               c_w.l(_printf_fp_dec.o)
    0x080010bc   0x080010bc   0x00000030   Code   RO         4920    .text               c_w.l(_printf_char_common.o)
    0x080010ec   0x080010ec   0x0000000a   Code   RO         4922    .text               c_w.l(_sputc.o)
    0x080010f6   0x080010f6   0x00000010   Code   RO         4924    .text               c_w.l(_snputc.o)
    0x08001106   0x08001106   0x0000002c   Code   RO         4926    .text               c_w.l(_printf_char.o)
    0x08001132   0x08001132   0x00000002   PAD
    0x08001134   0x08001134   0x000000bc   Code   RO         4928    .text               c_w.l(_printf_wctomb.o)
    0x080011f0   0x080011f0   0x0000007c   Code   RO         4931    .text               c_w.l(_printf_longlong_dec.o)
    0x0800126c   0x0800126c   0x00000070   Code   RO         4937    .text               c_w.l(_printf_oct_int_ll.o)
    0x080012dc   0x080012dc   0x000004f8   Code   RO         4957    .text               c_w.l(scanf_fp.o)
    0x080017d4   0x080017d4   0x00000040   Code   RO         4961    .text               c_w.l(_sgetc.o)
    0x08001814   0x08001814   0x000000a4   Code   RO         4963    .text               c_w.l(strtod.o)
    0x080018b8   0x080018b8   0x00000070   Code   RO         4965    .text               c_w.l(strtol.o)
    0x08001928   0x08001928   0x00000008   Code   RO         5027    .text               c_w.l(libspace.o)
    0x08001930   0x08001930   0x00000008   Code   RO         5048    .text               c_w.l(rt_locale_intlibspace.o)
    0x08001938   0x08001938   0x00000034   Code   RO         5054    .text               c_w.l(h1_extend.o)
    0x0800196c   0x0800196c   0x0000008a   Code   RO         5058    .text               c_w.l(lludiv10.o)
    0x080019f6   0x080019f6   0x00000012   Code   RO         5060    .text               c_w.l(isspace.o)
    0x08001a08   0x08001a08   0x00000080   Code   RO         5062    .text               c_w.l(_printf_fp_infnan.o)
    0x08001a88   0x08001a88   0x0000002c   Code   RO         5066    .text               c_w.l(_printf_wchar.o)
    0x08001ab4   0x08001ab4   0x0000009e   Code   RO         5070    .text               c_w.l(_strtoul.o)
    0x08001b52   0x08001b52   0x00000002   PAD
    0x08001b54   0x08001b54   0x000000e4   Code   RO         5072    .text               c_w.l(bigflt0.o)
    0x08001c38   0x08001c38   0x00000040   Code   RO         5097    .text               c_w.l(_wcrtomb.o)
    0x08001c78   0x08001c78   0x0000000e   Code   RO         5105    .text               c_w.l(defsig_rtmem_outer.o)
    0x08001c86   0x08001c86   0x00000002   Code   RO         5136    .text               c_w.l(use_no_semi.o)
    0x08001c88   0x08001c88   0x00000000   Code   RO         5138    .text               c_w.l(indicate_semi.o)
    0x08001c88   0x08001c88   0x0000004a   Code   RO         5139    .text               c_w.l(sys_stackheap_outer.o)
    0x08001cd2   0x08001cd2   0x00000016   Code   RO         5145    .text               c_w.l(_rserrno.o)
    0x08001ce8   0x08001ce8   0x0000001c   Code   RO         5147    .text               c_w.l(_chval.o)
    0x08001d04   0x08001d04   0x00000320   Code   RO         5149    .text               c_w.l(scanf_hexfp.o)
    0x08002024   0x08002024   0x00000134   Code   RO         5151    .text               c_w.l(scanf_infnan.o)
    0x08002158   0x08002158   0x00000012   Code   RO         5153    .text               c_w.l(exit.o)
    0x0800216a   0x0800216a   0x0000000a   Code   RO         5155    .text               c_w.l(defsig_exit.o)
    0x08002174   0x08002174   0x00000050   Code   RO         5157    .text               c_w.l(defsig_rtmem_inner.o)
    0x080021c4   0x080021c4   0x0000000c   Code   RO         5175    .text               c_w.l(sys_exit.o)
    0x080021d0   0x080021d0   0x00000026   Code   RO         5183    .text               c_w.l(llshl.o)
    0x080021f6   0x080021f6   0x00000032   Code   RO         5187    .text               c_w.l(defsig_general.o)
    0x08002228   0x08002228   0x0000000e   Code   RO         5221    .text               c_w.l(sys_wrch.o)
    0x08002236   0x08002236   0x0000003e   Code   RO         5075    CL$$btod_d2e        c_w.l(btod.o)
    0x08002274   0x08002274   0x00000046   Code   RO         5077    CL$$btod_d2e_denorm_low  c_w.l(btod.o)
    0x080022ba   0x080022ba   0x00000060   Code   RO         5076    CL$$btod_d2e_norm_op1  c_w.l(btod.o)
    0x0800231a   0x0800231a   0x00000338   Code   RO         5085    CL$$btod_div_common  c_w.l(btod.o)
    0x08002652   0x08002652   0x00000002   PAD
    0x08002654   0x08002654   0x00000084   Code   RO         5083    CL$$btod_e2d        c_w.l(btod.o)
    0x080026d8   0x080026d8   0x000000dc   Code   RO         5082    CL$$btod_e2e        c_w.l(btod.o)
    0x080027b4   0x080027b4   0x0000002a   Code   RO         5079    CL$$btod_ediv       c_w.l(btod.o)
    0x080027de   0x080027de   0x0000002a   Code   RO         5081    CL$$btod_edivd      c_w.l(btod.o)
    0x08002808   0x08002808   0x0000002a   Code   RO         5078    CL$$btod_emul       c_w.l(btod.o)
    0x08002832   0x08002832   0x0000002a   Code   RO         5080    CL$$btod_emuld      c_w.l(btod.o)
    0x0800285c   0x0800285c   0x00000244   Code   RO         5084    CL$$btod_mult_common  c_w.l(btod.o)
    0x08002aa0   0x08002aa0   0x00000016   Code   RO          131    i.ADC_Cmd           stm32f10x_adc.o
    0x08002ab6   0x08002ab6   0x00000014   Code   RO          139    i.ADC_GetCalibrationStatus  stm32f10x_adc.o
    0x08002aca   0x08002aca   0x00000008   Code   RO          140    i.ADC_GetConversionValue  stm32f10x_adc.o
    0x08002ad2   0x08002ad2   0x00000012   Code   RO          142    i.ADC_GetFlagStatus  stm32f10x_adc.o
    0x08002ae4   0x08002ae4   0x00000014   Code   RO          145    i.ADC_GetResetCalibrationStatus  stm32f10x_adc.o
    0x08002af8   0x08002af8   0x00000050   Code   RO          149    i.ADC_Init          stm32f10x_adc.o
    0x08002b48   0x08002b48   0x000000b8   Code   RO          153    i.ADC_RegularChannelConfig  stm32f10x_adc.o
    0x08002c00   0x08002c00   0x0000000a   Code   RO          154    i.ADC_ResetCalibration  stm32f10x_adc.o
    0x08002c0a   0x08002c0a   0x00000016   Code   RO          156    i.ADC_SoftwareStartConvCmd  stm32f10x_adc.o
    0x08002c20   0x08002c20   0x0000000a   Code   RO          158    i.ADC_StartCalibration  stm32f10x_adc.o
    0x08002c2a   0x08002c2a   0x00000002   PAD
    0x08002c2c   0x08002c2c   0x00000034   Code   RO         4542    i.AD_GetValue       adc.o
    0x08002c60   0x08002c60   0x00000094   Code   RO         4543    i.AD_Init           adc.o
    0x08002cf4   0x08002cf4   0x00000004   Code   RO         4560    i.BusFault_Handler  stm32f10x_it.o
    0x08002cf8   0x08002cf8   0x00000094   Code   RO         4256    i.Buzzer_Init       buzzer.o
    0x08002d8c   0x08002d8c   0x00000024   Code   RO         4257    i.Buzzer_ON         buzzer.o
    0x08002db0   0x08002db0   0x00000028   Code   RO         4439    i.DHT11_GPIO_Config  dht11.o
    0x08002dd8   0x08002dd8   0x00000014   Code   RO         4440    i.DHT11_Init        dht11.o
    0x08002dec   0x08002dec   0x0000001c   Code   RO         4441    i.DHT11_Mode_IPU    dht11.o
    0x08002e08   0x08002e08   0x00000020   Code   RO         4442    i.DHT11_Mode_Out_PP  dht11.o
    0x08002e28   0x08002e28   0x00000060   Code   RO         4443    i.DHT11_ReadByte    dht11.o
    0x08002e88   0x08002e88   0x000000a0   Code   RO         4444    i.DHT11_Read_TempAndHumidity  dht11.o
    0x08002f28   0x08002f28   0x00000002   Code   RO         4561    i.DebugMon_Handler  stm32f10x_it.o
    0x08002f2a   0x08002f2a   0x00000018   Code   RO         3125    i.Delay_ms          delay.o
    0x08002f42   0x08002f42   0x0000002e   Code   RO         3127    i.Delay_us          delay.o
    0x08002f70   0x08002f70   0x0000001c   Code   RO         3333    i.ESP8266_Clear     esp8266.o
    0x08002f8c   0x08002f8c   0x00000050   Code   RO         3334    i.ESP8266_GetIPD    esp8266.o
    0x08002fdc   0x08002fdc   0x00000210   Code   RO         3335    i.ESP8266_Init      esp8266.o
    0x080031ec   0x080031ec   0x00000054   Code   RO         3336    i.ESP8266_SendCmd   esp8266.o
    0x08003240   0x08003240   0x00000048   Code   RO         3337    i.ESP8266_SendData  esp8266.o
    0x08003288   0x08003288   0x00000034   Code   RO         3338    i.ESP8266_WaitRecive  esp8266.o
    0x080032bc   0x080032bc   0x00000116   Code   RO         1276    i.GPIO_Init         stm32f10x_gpio.o
    0x080033d2   0x080033d2   0x00000012   Code   RO         1280    i.GPIO_ReadInputDataBit  stm32f10x_gpio.o
    0x080033e4   0x080033e4   0x00000004   Code   RO         1283    i.GPIO_ResetBits    stm32f10x_gpio.o
    0x080033e8   0x080033e8   0x00000004   Code   RO         1284    i.GPIO_SetBits      stm32f10x_gpio.o
    0x080033ec   0x080033ec   0x0000000a   Code   RO         1287    i.GPIO_WriteBit     stm32f10x_gpio.o
    0x080033f6   0x080033f6   0x00000004   Code   RO         4562    i.HardFault_Handler  stm32f10x_it.o
    0x080033fa   0x080033fa   0x00000002   PAD
    0x080033fc   0x080033fc   0x00000054   Code   RO         4623    i.Hardware_Init     main.o
    0x08003450   0x08003450   0x0000002c   Code   RO         4214    i.LED_Init          led.o
    0x0800347c   0x0800347c   0x00000014   Code   RO         4215    i.LED_OFF           led.o
    0x08003490   0x08003490   0x00000014   Code   RO         4216    i.LED_ON            led.o
    0x080034a4   0x080034a4   0x0000001c   Code   RO         3149    i.MQTT_DeleteBuffer  mqttkit.o
    0x080034c0   0x080034c0   0x0000002e   Code   RO         3150    i.MQTT_DumpLength   mqttkit.o
    0x080034ee   0x080034ee   0x00000058   Code   RO         3151    i.MQTT_NewBuffer    mqttkit.o
    0x08003546   0x08003546   0x00000002   PAD
    0x08003548   0x08003548   0x0000008c   Code   RO         3152    i.MQTT_PacketCmdResp  mqttkit.o
    0x080035d4   0x080035d4   0x000002a0   Code   RO         3153    i.MQTT_PacketConnect  mqttkit.o
    0x08003874   0x08003874   0x000001b8   Code   RO         3156    i.MQTT_PacketPublish  mqttkit.o
    0x08003a2c   0x08003a2c   0x00000048   Code   RO         3157    i.MQTT_PacketPublishAck  mqttkit.o
    0x08003a74   0x08003a74   0x00000048   Code   RO         3158    i.MQTT_PacketPublishComp  mqttkit.o
    0x08003abc   0x08003abc   0x00000048   Code   RO         3159    i.MQTT_PacketPublishRec  mqttkit.o
    0x08003b04   0x08003b04   0x00000048   Code   RO         3160    i.MQTT_PacketPublishRel  mqttkit.o
    0x08003b4c   0x08003b4c   0x000000fe   Code   RO         3163    i.MQTT_PacketSubscribe  mqttkit.o
    0x08003c4a   0x08003c4a   0x00000046   Code   RO         3165    i.MQTT_ReadLength   mqttkit.o
    0x08003c90   0x08003c90   0x0000008c   Code   RO         3166    i.MQTT_UnPacketCmd  mqttkit.o
    0x08003d1c   0x08003d1c   0x0000001e   Code   RO         3167    i.MQTT_UnPacketConnectAck  mqttkit.o
    0x08003d3a   0x08003d3a   0x00000002   PAD
    0x08003d3c   0x08003d3c   0x000001c0   Code   RO         3168    i.MQTT_UnPacketPublish  mqttkit.o
    0x08003efc   0x08003efc   0x0000001e   Code   RO         3169    i.MQTT_UnPacketPublishAck  mqttkit.o
    0x08003f1a   0x08003f1a   0x0000001e   Code   RO         3170    i.MQTT_UnPacketPublishComp  mqttkit.o
    0x08003f38   0x08003f38   0x0000001e   Code   RO         3171    i.MQTT_UnPacketPublishRec  mqttkit.o
    0x08003f56   0x08003f56   0x00000024   Code   RO         3172    i.MQTT_UnPacketPublishRel  mqttkit.o
    0x08003f7a   0x08003f7a   0x00000002   PAD
    0x08003f7c   0x08003f7c   0x00000074   Code   RO         3173    i.MQTT_UnPacketRecv  mqttkit.o
    0x08003ff0   0x08003ff0   0x00000034   Code   RO         3174    i.MQTT_UnPacketSubscribe  mqttkit.o
    0x08004024   0x08004024   0x00000012   Code   RO         3175    i.MQTT_UnPacketUnSubscribe  mqttkit.o
    0x08004036   0x08004036   0x00000004   Code   RO         4563    i.MemManage_Handler  stm32f10x_it.o
    0x0800403a   0x0800403a   0x00000002   Code   RO         4564    i.NMI_Handler       stm32f10x_it.o
    0x0800403c   0x0800403c   0x00000070   Code   RO            1    i.NVIC_Init         misc.o
    0x080040ac   0x080040ac   0x00000014   Code   RO            2    i.NVIC_PriorityGroupConfig  misc.o
    0x080040c0   0x080040c0   0x0000002a   Code   RO         4292    i.OLED_Clear        oled.o
    0x080040ea   0x080040ea   0x00000002   PAD
    0x080040ec   0x080040ec   0x00000050   Code   RO         4293    i.OLED_I2C_Init     oled.o
    0x0800413c   0x0800413c   0x00000054   Code   RO         4294    i.OLED_I2C_SendByte  oled.o
    0x08004190   0x08004190   0x00000034   Code   RO         4295    i.OLED_I2C_Start    oled.o
    0x080041c4   0x080041c4   0x00000028   Code   RO         4296    i.OLED_I2C_Stop     oled.o
    0x080041ec   0x080041ec   0x000000ae   Code   RO         4297    i.OLED_Init         oled.o
    0x0800429a   0x0800429a   0x00000014   Code   RO         4298    i.OLED_Pow          oled.o
    0x080042ae   0x080042ae   0x00000022   Code   RO         4299    i.OLED_SetCursor    oled.o
    0x080042d0   0x080042d0   0x00000074   Code   RO         4301    i.OLED_ShowChar     oled.o
    0x08004344   0x08004344   0x00000044   Code   RO         4303    i.OLED_ShowNum      oled.o
    0x08004388   0x08004388   0x00000028   Code   RO         4305    i.OLED_ShowString   oled.o
    0x080043b0   0x080043b0   0x00000020   Code   RO         4306    i.OLED_WriteCommand  oled.o
    0x080043d0   0x080043d0   0x00000020   Code   RO         4307    i.OLED_WriteData    oled.o
    0x080043f0   0x080043f0   0x00000264   Code   RO         3401    i.OneNet_DevLink    onenet.o
    0x08004654   0x08004654   0x0000007c   Code   RO         3402    i.OneNet_Publish    onenet.o
    0x080046d0   0x080046d0   0x00000460   Code   RO         3403    i.OneNet_RevPro     onenet.o
    0x08004b30   0x08004b30   0x0000006c   Code   RO         3404    i.OneNet_Subscribe  onenet.o
    0x08004b9c   0x08004b9c   0x00000098   Code   RO         4400    i.PWM_Init          pwm.o
    0x08004c34   0x08004c34   0x00000010   Code   RO         4401    i.PWM_SetCompare2   pwm.o
    0x08004c44   0x08004c44   0x00000002   Code   RO         4565    i.PendSV_Handler    stm32f10x_it.o
    0x08004c46   0x08004c46   0x00000002   PAD
    0x08004c48   0x08004c48   0x00000018   Code   RO         1702    i.RCC_ADCCLKConfig  stm32f10x_rcc.o
    0x08004c60   0x08004c60   0x00000020   Code   RO         1704    i.RCC_APB1PeriphClockCmd  stm32f10x_rcc.o
    0x08004c80   0x08004c80   0x00000020   Code   RO         1706    i.RCC_APB2PeriphClockCmd  stm32f10x_rcc.o
    0x08004ca0   0x08004ca0   0x000000d4   Code   RO         1714    i.RCC_GetClocksFreq  stm32f10x_rcc.o
    0x08004d74   0x08004d74   0x00000002   Code   RO         4566    i.SVC_Handler       stm32f10x_it.o
    0x08004d76   0x08004d76   0x00000008   Code   RO         4418    i.Servo_Init        servo.o
    0x08004d7e   0x08004d7e   0x00000002   PAD
    0x08004d80   0x08004d80   0x0000003c   Code   RO         4419    i.Servo_SetAngle    servo.o
    0x08004dbc   0x08004dbc   0x00000008   Code   RO         4151    i.SetSysClock       system_stm32f10x.o
    0x08004dc4   0x08004dc4   0x000000e0   Code   RO         4152    i.SetSysClockTo72   system_stm32f10x.o
    0x08004ea4   0x08004ea4   0x00000002   Code   RO         4567    i.SysTick_Handler   stm32f10x_it.o
    0x08004ea6   0x08004ea6   0x00000002   PAD
    0x08004ea8   0x08004ea8   0x00000060   Code   RO         4154    i.SystemInit        system_stm32f10x.o
    0x08004f08   0x08004f08   0x00000018   Code   RO         2350    i.TIM_Cmd           stm32f10x_tim.o
    0x08004f20   0x08004f20   0x0000000c   Code   RO         2377    i.TIM_InternalClockConfig  stm32f10x_tim.o
    0x08004f2c   0x08004f2c   0x00000098   Code   RO         2379    i.TIM_OC1Init       stm32f10x_tim.o
    0x08004fc4   0x08004fc4   0x000000a4   Code   RO         2384    i.TIM_OC2Init       stm32f10x_tim.o
    0x08005068   0x08005068   0x00000014   Code   RO         2397    i.TIM_OCStructInit  stm32f10x_tim.o
    0x0800507c   0x0800507c   0x00000004   Code   RO         2411    i.TIM_SetCompare1   stm32f10x_tim.o
    0x08005080   0x08005080   0x00000004   Code   RO         2412    i.TIM_SetCompare2   stm32f10x_tim.o
    0x08005084   0x08005084   0x000000a4   Code   RO         2421    i.TIM_TimeBaseInit  stm32f10x_tim.o
    0x08005128   0x08005128   0x000000a0   Code   RO         4480    i.USART1_IRQHandler  usart.o
    0x080051c8   0x080051c8   0x0000004c   Code   RO         3339    i.USART2_IRQHandler  esp8266.o
    0x08005214   0x08005214   0x00000012   Code   RO         2885    i.USART_ClearFlag   stm32f10x_usart.o
    0x08005226   0x08005226   0x0000001e   Code   RO         2886    i.USART_ClearITPendingBit  stm32f10x_usart.o
    0x08005244   0x08005244   0x00000018   Code   RO         2889    i.USART_Cmd         stm32f10x_usart.o
    0x0800525c   0x0800525c   0x0000001a   Code   RO         2892    i.USART_GetFlagStatus  stm32f10x_usart.o
    0x08005276   0x08005276   0x00000054   Code   RO         2893    i.USART_GetITStatus  stm32f10x_usart.o
    0x080052ca   0x080052ca   0x0000004a   Code   RO         2895    i.USART_ITConfig    stm32f10x_usart.o
    0x08005314   0x08005314   0x000000d8   Code   RO         2896    i.USART_Init        stm32f10x_usart.o
    0x080053ec   0x080053ec   0x0000000a   Code   RO         2903    i.USART_ReceiveData  stm32f10x_usart.o
    0x080053f6   0x080053f6   0x00000008   Code   RO         2906    i.USART_SendData    stm32f10x_usart.o
    0x080053fe   0x080053fe   0x00000004   Code   RO         4568    i.UsageFault_Handler  stm32f10x_it.o
    0x08005402   0x08005402   0x00000002   PAD
    0x08005404   0x08005404   0x000000b0   Code   RO         4481    i.Usart1_Init       usart.o
    0x080054b4   0x080054b4   0x000000ac   Code   RO         4482    i.Usart2_Init       usart.o
    0x08005560   0x08005560   0x00000048   Code   RO         4483    i.UsartPrintf       usart.o
    0x080055a8   0x080055a8   0x00000032   Code   RO         4486    i.Usart_SendString  usart.o
    0x080055da   0x080055da   0x00000028   Code   RO         5128    i.__ARM_fpclassify  m_ws.l(fpclassify.o)
    0x08005602   0x08005602   0x0000000e   Code   RO         5238    i.__mathlib_dbl_overflow  m_ws.l(dunder.o)
    0x08005610   0x08005610   0x00000010   Code   RO         5240    i.__mathlib_dbl_underflow  m_ws.l(dunder.o)
    0x08005620   0x08005620   0x00000010   Code   RO         5130    i.__mathlib_narrow  m_ws.l(narrow.o)
    0x08005630   0x08005630   0x000000bc   Code   RO         5131    i.__mathlib_tofloat  m_ws.l(narrow.o)
    0x080056ec   0x080056ec   0x00000016   Code   RO         5210    i.__support_ldexp   m_ws.l(ldexp.o)
    0x08005702   0x08005702   0x0000000e   Code   RO         4781    i._is_digit         c_w.l(__printf_wp.o)
    0x08005710   0x08005710   0x00000048   Code   RO         3469    i.buffer_skip_whitespace  cjson.o
    0x08005758   0x08005758   0x00000058   Code   RO         3501    i.cJSON_Delete      cjson.o
    0x080057b0   0x080057b0   0x00000010   Code   RO         3512    i.cJSON_GetErrorPtr  cjson.o
    0x080057c0   0x080057c0   0x00000012   Code   RO         3514    i.cJSON_GetObjectItem  cjson.o
    0x080057d2   0x080057d2   0x0000001a   Code   RO         3531    i.cJSON_New_Item    cjson.o
    0x080057ec   0x080057ec   0x00000010   Code   RO         3532    i.cJSON_Parse       cjson.o
    0x080057fc   0x080057fc   0x000000d4   Code   RO         3534    i.cJSON_ParseWithLengthOpts  cjson.o
    0x080058d0   0x080058d0   0x00000028   Code   RO         3535    i.cJSON_ParseWithOpts  cjson.o
    0x080058f8   0x080058f8   0x00000048   Code   RO         3550    i.case_insensitive_strcmp  cjson.o
    0x08005940   0x08005940   0x00000058   Code   RO         5172    i.frexp             m_ws.l(frexp.o)
    0x08005998   0x08005998   0x00000004   Code   RO         3556    i.get_decimal_point  cjson.o
    0x0800599c   0x0800599c   0x00000052   Code   RO         3557    i.get_object_item   cjson.o
    0x080059ee   0x080059ee   0x00000074   Code   RO         5211    i.ldexp             m_ws.l(ldexp.o)
    0x08005a62   0x08005a62   0x00000002   PAD
    0x08005a64   0x08005a64   0x000001f0   Code   RO         4624    i.main              main.o
    0x08005c54   0x08005c54   0x000000f8   Code   RO         3559    i.parse_array       cjson.o
    0x08005d4c   0x08005d4c   0x0000005a   Code   RO         3560    i.parse_hex4        cjson.o
    0x08005da6   0x08005da6   0x00000002   PAD
    0x08005da8   0x08005da8   0x00000138   Code   RO         3561    i.parse_number      cjson.o
    0x08005ee0   0x08005ee0   0x0000013e   Code   RO         3562    i.parse_object      cjson.o
    0x0800601e   0x0800601e   0x0000018c   Code   RO         3563    i.parse_string      cjson.o
    0x080061aa   0x080061aa   0x00000002   PAD
    0x080061ac   0x080061ac   0x0000013c   Code   RO         3564    i.parse_value       cjson.o
    0x080062e8   0x080062e8   0x0000003c   Code   RO         3575    i.skip_utf8_bom     cjson.o
    0x08006324   0x08006324   0x0000001c   Code   RO         4874    i.strtod            m_ws.l(strtod.o)
    0x08006340   0x08006340   0x0000012c   Code   RO         3578    i.utf16_literal_to_utf8  cjson.o
    0x0800646c   0x0800646c   0x0000002c   Code   RO         5100    locale$$code        c_w.l(lc_ctype_c.o)
    0x08006498   0x08006498   0x0000002c   Code   RO         5103    locale$$code        c_w.l(lc_numeric_c.o)
    0x080064c4   0x080064c4   0x00000062   Code   RO         5169    x$fpl$d2f           fz_ws.l(d2f.o)
    0x08006526   0x08006526   0x00000002   PAD
    0x08006528   0x08006528   0x00000010   Code   RO         5232    x$fpl$dcheck1       fz_ws.l(dcheck1.o)
    0x08006538   0x08006538   0x00000018   Code   RO         5014    x$fpl$dcmpinf       fz_ws.l(dcmpi.o)
    0x08006550   0x08006550   0x00000078   Code   RO         4833    x$fpl$deqf          fz_ws.l(deqf.o)
    0x080065c8   0x080065c8   0x0000005e   Code   RO         4835    x$fpl$dfix          fz_ws.l(dfix.o)
    0x08006626   0x08006626   0x00000002   PAD
    0x08006628   0x08006628   0x00000078   Code   RO         4845    x$fpl$dleqf         fz_ws.l(dleqf.o)
    0x080066a0   0x080066a0   0x0000009c   Code   RO         5016    x$fpl$dnaninf       fz_ws.l(dnaninf.o)
    0x0800673c   0x0800673c   0x0000006c   Code   RO         4849    x$fpl$drleqf        fz_ws.l(drleqf.o)
    0x080067a8   0x080067a8   0x000000c4   Code   RO         4853    x$fpl$fadd          fz_ws.l(faddsub_clz.o)
    0x0800686c   0x0800686c   0x00000184   Code   RO         4860    x$fpl$fdiv          fz_ws.l(fdiv.o)
    0x080069f0   0x080069f0   0x0000003e   Code   RO         4863    x$fpl$ffixu         fz_ws.l(ffixu.o)
    0x08006a2e   0x08006a2e   0x00000002   PAD
    0x08006a30   0x08006a30   0x00000102   Code   RO         4867    x$fpl$fmul          fz_ws.l(fmul.o)
    0x08006b32   0x08006b32   0x0000008c   Code   RO         5020    x$fpl$fnaninf       fz_ws.l(fnaninf.o)
    0x08006bbe   0x08006bbe   0x0000000a   Code   RO         5022    x$fpl$fretinf       fz_ws.l(fretinf.o)
    0x08006bc8   0x08006bc8   0x000000ea   Code   RO         4855    x$fpl$fsub          fz_ws.l(faddsub_clz.o)
    0x08006cb2   0x08006cb2   0x00000006   Code   RO         5120    x$fpl$ieeestatus    fz_ws.l(istatus.o)
    0x08006cb8   0x08006cb8   0x00000004   Code   RO         4869    x$fpl$printf1       fz_ws.l(printf1.o)
    0x08006cbc   0x08006cbc   0x00000064   Code   RO         5272    x$fpl$retnan        fz_ws.l(retnan.o)
    0x08006d20   0x08006d20   0x0000005c   Code   RO         5207    x$fpl$scalbn        fz_ws.l(scalbn.o)
    0x08006d7c   0x08006d7c   0x00000004   Code   RO         4871    x$fpl$scanf1        fz_ws.l(scanf1.o)
    0x08006d80   0x08006d80   0x00000008   Code   RO         5122    x$fpl$scanf2        fz_ws.l(scanf2.o)
    0x08006d88   0x08006d88   0x00000030   Code   RO         5274    x$fpl$trapveneer    fz_ws.l(trapv.o)
    0x08006db8   0x08006db8   0x00000000   Code   RO         5024    x$fpl$usenofp       fz_ws.l(usenofp.o)
    0x08006db8   0x08006db8   0x000005f0   Data   RO         4308    .constdata          oled.o
    0x080073a8   0x080073a8   0x00000004   Data   RO         4625    .constdata          main.o
    0x080073ac   0x080073ac   0x00000028   Data   RO         4769    .constdata          c_w.l(_printf_hex_int_ll_ptr.o)
    0x080073d4   0x080073d4   0x00000011   Data   RO         4789    .constdata          c_w.l(__printf_flags_ss_wp.o)
    0x080073e5   0x080073e5   0x00000003   PAD
    0x080073e8   0x080073e8   0x00000008   Data   RO         4929    .constdata          c_w.l(_printf_wctomb.o)
    0x080073f0   0x080073f0   0x00000094   Data   RO         5073    .constdata          c_w.l(bigflt0.o)
    0x08007484   0x08007484   0x00000008   Data   RO         4626    .conststring        main.o
    0x0800748c   0x0800748c   0x00000020   Data   RO         5276    Region$$Table       anon$$obj.o
    0x080074ac   0x080074ac   0x00000008   Data   RO         5114    c$$dinf             fz_ws.l(fpconst.o)
    0x080074b4   0x080074b4   0x00000008   Data   RO         5117    c$$dmax             fz_ws.l(fpconst.o)
    0x080074bc   0x080074bc   0x00000110   Data   RO         5099    locale$$data        c_w.l(lc_ctype_c.o)
    0x080075cc   0x080075cc   0x0000001c   Data   RO         5102    locale$$data        c_w.l(lc_numeric_c.o)


    Execution Region RW_IRAM1 (Exec base: 0x20000000, Load base: 0x080075e8, Size: 0x00000778, Max: 0x00005000, ABSOLUTE)

    Exec Addr    Load Addr    Size         Type   Attr      Idx    E Section Name        Object

    0x20000000   0x080075e8   0x00000014   Data   RW         1734    .data               stm32f10x_rcc.o
    0x20000014   0x080075fc   0x00000004   Data   RW         3341    .data               esp8266.o
    0x20000018   0x08007600   0x00000002   Data   RW         3405    .data               onenet.o
    0x2000001a   0x08007602   0x00000002   PAD
    0x2000001c   0x08007604   0x00000014   Data   RW         3580    .data               cjson.o
    0x20000030   0x08007618   0x00000003   Data   RW         4488    .data               usart.o
    0x20000033   0x0800761b   0x00000001   PAD
    0x20000034        -       0x00000080   Zero   RW         3340    .bss                esp8266.o
    0x200000b4        -       0x00000064   Zero   RW         4487    .bss                usart.o
    0x20000118        -       0x00000060   Zero   RW         5028    .bss                c_w.l(libspace.o)
    0x20000178        -       0x00000200   Zero   RW         4144    HEAP                startup_stm32f10x_md.o
    0x20000378        -       0x00000400   Zero   RW         4143    STACK               startup_stm32f10x_md.o


==============================================================================

Image component sizes


      Code (inc. data)   RO Data    RW Data    ZI Data      Debug   Object Name

       200         16          0          0          0       1064   adc.o
       184         14          0          0          0       1050   buzzer.o
      2686         70          0         20          0      17129   cjson.o
        70          0          0          0          0        890   delay.o
       376         28          0          0          0       3874   dht11.o
       920        344          0          4        128       5151   esp8266.o
        84         18          0          0          0       1246   led.o
       580        120         12          0          0       1691   main.o
       132         22          0          0          0     261499   misc.o
      2956         34          0          0          0      18873   mqttkit.o
       814         22       1520          0          0       7361   oled.o
      1964        960          0          2          0       7279   onenet.o
       168          6          0          0          0       1061   pwm.o
        68         12          0          0          0        894   servo.o
        64         26        236          0       1536        808   startup_stm32f10x_md.o
       394         10          0          0          0      18089   stm32f10x_adc.o
       314          0          0          0          0      12220   stm32f10x_gpio.o
        26          0          0          0          0       3594   stm32f10x_it.o
       300         38          0         20          0      13373   stm32f10x_rcc.o
       544         72          0          0          0      25114   stm32f10x_tim.o
       490          6          0          0          0      12817   stm32f10x_usart.o
       328         28          0          0          0       1757   system_stm32f10x.o
       630         38          0          3        100       4587   usart.o

    ----------------------------------------------------------------------
     14316       1884       1800         52       1764     421421   Object Totals
         0          0         32          0          0          0   (incl. Generated)
        24          0          0          3          0          0   (incl. Padding)

    ----------------------------------------------------------------------

      Code (inc. data)   RO Data    RW Data    ZI Data      Debug   Library Member Name

        44          6          0          0          0         84   __2sprintf.o
         8          0          0          0          0         68   __main.o
       392          4         17          0          0         92   __printf_flags_ss_wp.o
        14          0          0          0          0         68   __printf_wp.o
         0          0          0          0          0          0   __rtentry.o
        12          0          0          0          0          0   __rtentry2.o
         6          0          0          0          0          0   __rtentry4.o
        52          8          0          0          0          0   __scatter.o
        26          0          0          0          0          0   __scatter_copy.o
        28          0          0          0          0          0   __scatter_zi.o
        28          0          0          0          0         68   _chval.o
         6          0          0          0          0          0   _printf_a.o
         6          0          0          0          0          0   _printf_c.o
        44          0          0          0          0        108   _printf_char.o
        48          6          0          0          0         96   _printf_char_common.o
        40          0          0          0          0         68   _printf_charcount.o
         6          0          0          0          0          0   _printf_d.o
       120         16          0          0          0         92   _printf_dec.o
         6          0          0          0          0          0   _printf_e.o
         6          0          0          0          0          0   _printf_f.o
      1054          0          0          0          0        216   _printf_fp_dec.o
       128         16          0          0          0         84   _printf_fp_infnan.o
         6          0          0          0          0          0   _printf_g.o
       148          4         40          0          0        160   _printf_hex_int_ll_ptr.o
         6          0          0          0          0          0   _printf_i.o
       178          0          0          0          0         88   _printf_intcommon.o
        10          0          0          0          0          0   _printf_l.o
         6          0          0          0          0          0   _printf_lc.o
        10          0          0          0          0          0   _printf_ll.o
         6          0          0          0          0          0   _printf_lld.o
         6          0          0          0          0          0   _printf_lli.o
         6          0          0          0          0          0   _printf_llo.o
         6          0          0          0          0          0   _printf_llu.o
         6          0          0          0          0          0   _printf_llx.o
       124         16          0          0          0         92   _printf_longlong_dec.o
         6          0          0          0          0          0   _printf_ls.o
         6          0          0          0          0          0   _printf_n.o
         6          0          0          0          0          0   _printf_o.o
       112         10          0          0          0        124   _printf_oct_int_ll.o
         6          0          0          0          0          0   _printf_p.o
        78          0          0          0          0        108   _printf_pad.o
         0          0          0          0          0          0   _printf_percent.o
         4          0          0          0          0          0   _printf_percent_end.o
         6          0          0          0          0          0   _printf_s.o
        82          0          0          0          0         80   _printf_str.o
        36          0          0          0          0         84   _printf_truncate.o
         6          0          0          0          0          0   _printf_u.o
        44          0          0          0          0        108   _printf_wchar.o
       188          6          8          0          0         92   _printf_wctomb.o
         6          0          0          0          0          0   _printf_x.o
        22          0          0          0          0        100   _rserrno.o
        64          0          0          0          0         84   _sgetc.o
        16          0          0          0          0         68   _snputc.o
        10          0          0          0          0         68   _sputc.o
       158          0          0          0          0         92   _strtoul.o
        64          0          0          0          0         92   _wcrtomb.o
        26          0          0          0          0         80   atoi.o
       228          4        148          0          0         96   bigflt0.o
      2152        136          0          0          0        960   btod.o
        52          4          0          0          0         80   c89vsnprintf.o
        10          0          0          0          0         68   defsig_exit.o
        50          0          0          0          0         88   defsig_general.o
        80         58          0          0          0         76   defsig_rtmem_inner.o
        14          0          0          0          0         80   defsig_rtmem_outer.o
        18          0          0          0          0         80   exit.o
        94          0          0          0          0         80   h1_alloc.o
        52          0          0          0          0         68   h1_extend.o
        78          0          0          0          0         80   h1_free.o
        14          0          0          0          0         84   h1_init.o
       184          0          0          0          0         92   h1_realloc.o
         6          0          0          0          0        152   heapauxi.o
         4          0          0          0          0        136   hguard.o
         0          0          0          0          0          0   indicate_semi.o
       138          0          0          0          0        168   init_alloc.o
        18          0          0          0          0         76   isspace.o
        44         10        272          0          0         76   lc_ctype_c.o
        44         10         28          0          0         76   lc_numeric_c.o
         2          0          0          0          0          0   libinit.o
        38          0          0          0          0          0   libinit2.o
         2          0          0          0          0          0   libshutdown.o
         2          0          0          0          0          0   libshutdown2.o
         8          4          0          0         96         68   libspace.o
        38          0          0          0          0         68   llshl.o
       138          0          0          0          0         80   lludiv10.o
         0          0          0          0          0          0   maybetermalloc1.o
        16          4          0          0          0         76   rt_ctype_table.o
         8          4          0          0          0         68   rt_errno_addr_intlibspace.o
         8          4          0          0          0         68   rt_heap_descriptor_intlibspace.o
         8          4          0          0          0         68   rt_locale_intlibspace.o
        68          0          0          0          0         68   rt_memclr.o
        78          0          0          0          0         80   rt_memclr_w.o
       138          0          0          0          0         68   rt_memcpy_v6.o
       100          0          0          0          0         80   rt_memcpy_w.o
         2          0          0          0          0          0   rtexit.o
        10          0          0          0          0          0   rtexit2.o
      1272         16          0          0          0        168   scanf_fp.o
       800         14          0          0          0        100   scanf_hexfp.o
       308         16          0          0          0        100   scanf_infnan.o
        20          0          0          0          0         68   strchr.o
       128          0          0          0          0         68   strcmpv7m.o
        62          0          0          0          0         76   strlen.o
        36          0          0          0          0         76   strncat.o
       150          0          0          0          0         80   strncmp.o
        36          0          0          0          0         80   strstr.o
       164         14          0          0          0        120   strtod.o
       112          0          0          0          0         88   strtol.o
        12          4          0          0          0         68   sys_exit.o
        74          0          0          0          0         80   sys_stackheap_outer.o
        14          0          0          0          0         76   sys_wrch.o
        26          0          0          0          0         76   tolower.o
         2          0          0          0          0         68   use_no_semi.o
        98          4          0          0          0         92   d2f.o
        16          4          0          0          0         68   dcheck1.o
        24          0          0          0          0         68   dcmpi.o
       120          4          0          0          0         92   deqf.o
        94          4          0          0          0         92   dfix.o
       120          4          0          0          0         92   dleqf.o
       156          4          0          0          0         92   dnaninf.o
       108          0          0          0          0         80   drleqf.o
       430          8          0          0          0        168   faddsub_clz.o
       388         76          0          0          0         96   fdiv.o
        62          4          0          0          0         84   ffixu.o
       258          4          0          0          0         84   fmul.o
       140          4          0          0          0         84   fnaninf.o
         0          0         16          0          0          0   fpconst.o
        10          0          0          0          0         68   fretinf.o
         6          0          0          0          0         68   istatus.o
         4          0          0          0          0         68   printf1.o
       100          0          0          0          0         68   retnan.o
        92          0          0          0          0         68   scalbn.o
         4          0          0          0          0         68   scanf1.o
         8          0          0          0          0         84   scanf2.o
        48          0          0          0          0         68   trapv.o
         0          0          0          0          0          0   usenofp.o
        30          6          0          0          0        136   dunder.o
        40          0          0          0          0         68   fpclassify.o
        88          8          0          0          0         76   frexp.o
       138          0          0          0          0        160   ldexp.o
       204          4          0          0          0        168   narrow.o
        28          0          0          0          0         80   strtod.o

    ----------------------------------------------------------------------
     13536        538        532          0         96       9804   Library Totals
        24          2          3          0          0          0   (incl. Padding)

    ----------------------------------------------------------------------

      Code (inc. data)   RO Data    RW Data    ZI Data      Debug   Library Name

     10698        398        513          0         96       7364   c_w.l
      2286        120         16          0          0       1752   fz_ws.l
       528         18          0          0          0        688   m_ws.l

    ----------------------------------------------------------------------
     13536        538        532          0         96       9804   Library Totals

    ----------------------------------------------------------------------

==============================================================================


      Code (inc. data)   RO Data    RW Data    ZI Data      Debug   

     27852       2422       2332         52       1860     418273   Grand Totals
     27852       2422       2332         52       1860     418273   ELF Image Totals
     27852       2422       2332         52          0          0   ROM Totals

==============================================================================

    Total RO  Size (Code + RO Data)                30184 (  29.48kB)
    Total RW  Size (RW Data + ZI Data)              1912 (   1.87kB)
    Total ROM Size (Code + RO Data + RW Data)      30236 (  29.53kB)

==============================================================================

