<html>
<body>
<pre>
<h1>�Vision Build Log</h1>
<h2>Tool Versions:</h2>
IDE-Version: ��Vision V5.36.0.0
Copyright (C) 2021 ARM Ltd and ARM Germany GmbH. All rights reserved.
License Information: 1 zy, 1, LIC=8VRJ7-EYAQ1-SBZEJ-UIKVW-G19VT-PVP35
 
Tool Versions:
Toolchain:       MDK-ARM Plus  Version: 5.36.0.0
Toolchain Path:  D:\Keil5\ARM\ARMCC\Bin
C Compiler:      Armcc.exe V5.06 update 7 (build 960)
Assembler:       Armasm.exe V5.06 update 7 (build 960)
Linker/Locator:  ArmLink.exe V5.06 update 7 (build 960)
Library Manager: ArmAr.exe V5.06 update 7 (build 960)
Hex Converter:   FromElf.exe V5.06 update 7 (build 960)
CPU DLL:         SARMCM3.DLL V5.36.0.0
Dialog DLL:      DCM.DLL V1.17.3.0
Target DLL:      STLink\ST-LINKIII-KEIL_SWO.dll V3.0.9.0
Dialog DLL:      TCM.DLL V1.53.0.0
 
<h2>Project:</h2>
f:\stm\stm32_web\32\test01\Project.uvprojx
Project File Date:  02/23/2023

<h2>Output:</h2>
*** Using Compiler 'V5.06 update 7 (build 960)', folder: 'D:\Keil5\ARM\ARMCC\Bin'
Build target 'Target 1'
compiling onenet.c...
NET\onenet.c(92): warning:  #870-D: invalid multibyte character sequence
  					case 5:UsartPrintf(USART_DEBUG, "WARN:	连接失败：非法链�?(比如token非法)\r\n");break;
NET\onenet.c: 1 warning, 0 errors
compiling main.c...
User\main.c(22): warning:  #1295-D: Deprecated declaration Hardware_Init - give arg types
  void Hardware_Init();
User\main.c(76): warning:  #870-D: invalid multibyte character sequence
  				UsartPrintf(USART1, "当前温度�?%d.%d�?  湿度�?%d.%d%%RH\r\n", DHT11_Data.temp_int, DHT11_Data.temp_deci, DHT11_Data.humi_int, DHT11_Data.humi_deci);
User\main.c(76): warning:  #870-D: invalid multibyte character sequence
  				UsartPrintf(USART1, "当前温度�?%d.%d�?  湿度�?%d.%d%%RH\r\n", DHT11_Data.temp_int, DHT11_Data.temp_deci, DHT11_Data.humi_int, DHT11_Data.humi_deci);
User\main.c(76): warning:  #870-D: invalid multibyte character sequence
  				UsartPrintf(USART1, "当前温度�?%d.%d�?  湿度�?%d.%d%%RH\r\n", DHT11_Data.temp_int, DHT11_Data.temp_deci, DHT11_Data.humi_int, DHT11_Data.humi_deci);
User\main.c: 4 warnings, 0 errors
linking...
Program Size: Code=17388 RO-data=2328 RW-data=32 ZI-data=1864  
".\Objects\Project.axf" - 0 Error(s), 5 Warning(s).

<h2>Software Packages used:</h2>

Package Vendor: Keil
                http://www.keil.com/pack/Keil.STM32F1xx_DFP.2.4.0.pack
                Keil.STM32F1xx_DFP.2.4.0
                STMicroelectronics STM32F1 Series Device Support, Drivers and Examples

<h2>Collection of Component include folders:</h2>
  D:\Keil5\ARM\PACK\Keil\STM32F1xx_DFP\2.4.0\Device\Include

<h2>Collection of Component Files used:</h2>
Build Time Elapsed:  00:00:02
</pre>
</body>
</html>
